Archive member included to satisfy reference by file (symbol)

/usr/lib/gcc/arm-none-eabi/9.2.1/../../../arm-none-eabi/lib/thumb/v7e-m/nofp/libg_nano.a(lib_a-atexit.o)
                              /usr/lib/gcc/arm-none-eabi/9.2.1/../../../arm-none-eabi/lib/thumb/v7e-m/nofp/crt0.o (atexit)
/usr/lib/gcc/arm-none-eabi/9.2.1/../../../arm-none-eabi/lib/thumb/v7e-m/nofp/libg_nano.a(lib_a-errno.o)
                              objdir-CW308_STM32F3/stm32f3_sysmem.o (__errno)
/usr/lib/gcc/arm-none-eabi/9.2.1/../../../arm-none-eabi/lib/thumb/v7e-m/nofp/libg_nano.a(lib_a-exit.o)
                              /usr/lib/gcc/arm-none-eabi/9.2.1/../../../arm-none-eabi/lib/thumb/v7e-m/nofp/crt0.o (exit)
/usr/lib/gcc/arm-none-eabi/9.2.1/../../../arm-none-eabi/lib/thumb/v7e-m/nofp/libg_nano.a(lib_a-fini.o)
                              /usr/lib/gcc/arm-none-eabi/9.2.1/../../../arm-none-eabi/lib/thumb/v7e-m/nofp/crt0.o (__libc_fini_array)
/usr/lib/gcc/arm-none-eabi/9.2.1/../../../arm-none-eabi/lib/thumb/v7e-m/nofp/libg_nano.a(lib_a-impure.o)
                              /usr/lib/gcc/arm-none-eabi/9.2.1/../../../arm-none-eabi/lib/thumb/v7e-m/nofp/libg_nano.a(lib_a-exit.o) (_global_impure_ptr)
/usr/lib/gcc/arm-none-eabi/9.2.1/../../../arm-none-eabi/lib/thumb/v7e-m/nofp/libg_nano.a(lib_a-init.o)
                              /usr/lib/gcc/arm-none-eabi/9.2.1/../../../arm-none-eabi/lib/thumb/v7e-m/nofp/crt0.o (__libc_init_array)
/usr/lib/gcc/arm-none-eabi/9.2.1/../../../arm-none-eabi/lib/thumb/v7e-m/nofp/libg_nano.a(lib_a-memset.o)
                              /usr/lib/gcc/arm-none-eabi/9.2.1/../../../arm-none-eabi/lib/thumb/v7e-m/nofp/crt0.o (memset)
/usr/lib/gcc/arm-none-eabi/9.2.1/../../../arm-none-eabi/lib/thumb/v7e-m/nofp/libg_nano.a(lib_a-__atexit.o)
                              /usr/lib/gcc/arm-none-eabi/9.2.1/../../../arm-none-eabi/lib/thumb/v7e-m/nofp/libg_nano.a(lib_a-atexit.o) (__register_exitproc)
/usr/lib/gcc/arm-none-eabi/9.2.1/../../../arm-none-eabi/lib/thumb/v7e-m/nofp/libg_nano.a(lib_a-__call_atexit.o)
                              /usr/lib/gcc/arm-none-eabi/9.2.1/../../../arm-none-eabi/lib/thumb/v7e-m/nofp/libg_nano.a(lib_a-__atexit.o) (__call_exitprocs)
/usr/lib/gcc/arm-none-eabi/9.2.1/../../../arm-none-eabi/lib/thumb/v7e-m/nofp/libnosys.a(_exit.o)
                              /usr/lib/gcc/arm-none-eabi/9.2.1/../../../arm-none-eabi/lib/thumb/v7e-m/nofp/libg_nano.a(lib_a-exit.o) (_exit)

Allocating common symbols
Common symbol       size              file

UartHandle          0x70              objdir-CW308_STM32F3/stm32f3_hal.o
ctx                 0x118             objdir-CW308_STM32F3/aes-independant.o

Discarded input sections

 .text          0x0000000000000000        0x0 /usr/lib/gcc/arm-none-eabi/9.2.1/thumb/v7e-m/nofp/crti.o
 .data          0x0000000000000000        0x0 /usr/lib/gcc/arm-none-eabi/9.2.1/thumb/v7e-m/nofp/crti.o
 .bss           0x0000000000000000        0x0 /usr/lib/gcc/arm-none-eabi/9.2.1/thumb/v7e-m/nofp/crti.o
 .data          0x0000000000000000        0x4 /usr/lib/gcc/arm-none-eabi/9.2.1/thumb/v7e-m/nofp/crtbegin.o
 .text          0x0000000000000000       0x70 /usr/lib/gcc/arm-none-eabi/9.2.1/../../../arm-none-eabi/lib/thumb/v7e-m/nofp/crt0.o
 .data          0x0000000000000000        0x0 /usr/lib/gcc/arm-none-eabi/9.2.1/../../../arm-none-eabi/lib/thumb/v7e-m/nofp/crt0.o
 .bss           0x0000000000000000        0x0 /usr/lib/gcc/arm-none-eabi/9.2.1/../../../arm-none-eabi/lib/thumb/v7e-m/nofp/crt0.o
 .ARM.extab     0x0000000000000000        0x0 /usr/lib/gcc/arm-none-eabi/9.2.1/../../../arm-none-eabi/lib/thumb/v7e-m/nofp/crt0.o
 .ARM.exidx     0x0000000000000000       0x10 /usr/lib/gcc/arm-none-eabi/9.2.1/../../../arm-none-eabi/lib/thumb/v7e-m/nofp/crt0.o
 .debug_line    0x0000000000000000       0x87 /usr/lib/gcc/arm-none-eabi/9.2.1/../../../arm-none-eabi/lib/thumb/v7e-m/nofp/crt0.o
 .debug_info    0x0000000000000000       0x26 /usr/lib/gcc/arm-none-eabi/9.2.1/../../../arm-none-eabi/lib/thumb/v7e-m/nofp/crt0.o
 .debug_abbrev  0x0000000000000000       0x14 /usr/lib/gcc/arm-none-eabi/9.2.1/../../../arm-none-eabi/lib/thumb/v7e-m/nofp/crt0.o
 .debug_aranges
                0x0000000000000000       0x20 /usr/lib/gcc/arm-none-eabi/9.2.1/../../../arm-none-eabi/lib/thumb/v7e-m/nofp/crt0.o
 .debug_str     0x0000000000000000       0x95 /usr/lib/gcc/arm-none-eabi/9.2.1/../../../arm-none-eabi/lib/thumb/v7e-m/nofp/crt0.o
 .ARM.attributes
                0x0000000000000000       0x1c /usr/lib/gcc/arm-none-eabi/9.2.1/../../../arm-none-eabi/lib/thumb/v7e-m/nofp/crt0.o
 .text          0x0000000000000000        0x0 objdir-CW308_STM32F3/simpleserial-aes.o
 .bss           0x0000000000000000        0x0 objdir-CW308_STM32F3/simpleserial-aes.o
 .text          0x0000000000000000        0x0 objdir-CW308_STM32F3/simpleserial.o
 .data          0x0000000000000000        0x0 objdir-CW308_STM32F3/simpleserial.o
 .text.ss_crc   0x0000000000000000       0x2a objdir-CW308_STM32F3/simpleserial.o
 .text          0x0000000000000000        0x0 objdir-CW308_STM32F3/stm32f3_hal.o
 .data          0x0000000000000000        0x0 objdir-CW308_STM32F3/stm32f3_hal.o
 .bss           0x0000000000000000        0x0 objdir-CW308_STM32F3/stm32f3_hal.o
 .text.change_err_led
                0x0000000000000000       0x18 objdir-CW308_STM32F3/stm32f3_hal.o
 .text.change_ok_led
                0x0000000000000000       0x18 objdir-CW308_STM32F3/stm32f3_hal.o
 .text          0x0000000000000000        0x0 objdir-CW308_STM32F3/stm32f3_hal_lowlevel.o
 .data          0x0000000000000000        0x4 objdir-CW308_STM32F3/stm32f3_hal_lowlevel.o
 .text.HAL_NVIC_SetPriority
                0x0000000000000000       0x64 objdir-CW308_STM32F3/stm32f3_hal_lowlevel.o
 .text.HAL_InitTick
                0x0000000000000000        0xc objdir-CW308_STM32F3/stm32f3_hal_lowlevel.o
 .text.HAL_IncTick
                0x0000000000000000        0x2 objdir-CW308_STM32F3/stm32f3_hal_lowlevel.o
 .text.HAL_RCC_GetSysClockFreq
                0x0000000000000000        0x6 objdir-CW308_STM32F3/stm32f3_hal_lowlevel.o
 .text.HAL_RCC_GetPCLK1Freq
                0x0000000000000000        0x6 objdir-CW308_STM32F3/stm32f3_hal_lowlevel.o
 .text.HAL_RCC_GetPCLK2Freq
                0x0000000000000000        0x6 objdir-CW308_STM32F3/stm32f3_hal_lowlevel.o
 .text          0x0000000000000000        0x0 objdir-CW308_STM32F3/stm32f3_sysmem.o
 .data          0x0000000000000000        0x0 objdir-CW308_STM32F3/stm32f3_sysmem.o
 .bss           0x0000000000000000        0x4 objdir-CW308_STM32F3/stm32f3_sysmem.o
 .text._sbrk    0x0000000000000000       0x34 objdir-CW308_STM32F3/stm32f3_sysmem.o
 .debug_info    0x0000000000000000      0xab3 objdir-CW308_STM32F3/stm32f3_sysmem.o
 .debug_abbrev  0x0000000000000000      0x237 objdir-CW308_STM32F3/stm32f3_sysmem.o
 .debug_loc     0x0000000000000000       0x74 objdir-CW308_STM32F3/stm32f3_sysmem.o
 .debug_aranges
                0x0000000000000000       0x20 objdir-CW308_STM32F3/stm32f3_sysmem.o
 .debug_ranges  0x0000000000000000       0x10 objdir-CW308_STM32F3/stm32f3_sysmem.o
 .debug_line    0x0000000000000000      0x12e objdir-CW308_STM32F3/stm32f3_sysmem.o
 .debug_str     0x0000000000000000      0x64d objdir-CW308_STM32F3/stm32f3_sysmem.o
 .comment       0x0000000000000000       0x5a objdir-CW308_STM32F3/stm32f3_sysmem.o
 .debug_frame   0x0000000000000000       0x28 objdir-CW308_STM32F3/stm32f3_sysmem.o
 .ARM.attributes
                0x0000000000000000       0x2e objdir-CW308_STM32F3/stm32f3_sysmem.o
 .text          0x0000000000000000        0x0 objdir-CW308_STM32F3/aes-independant.o
 .data          0x0000000000000000        0x0 objdir-CW308_STM32F3/aes-independant.o
 .bss           0x0000000000000000        0x0 objdir-CW308_STM32F3/aes-independant.o
 .text          0x0000000000000000        0x0 objdir-CW308_STM32F3/aes.o
 .data          0x0000000000000000        0x0 objdir-CW308_STM32F3/aes.o
 .bss           0x0000000000000000        0x0 objdir-CW308_STM32F3/aes.o
 .text.mbedtls_aes_free
                0x0000000000000000       0x14 objdir-CW308_STM32F3/aes.o
 .text.mbedtls_aes_setkey_dec
                0x0000000000000000      0x114 objdir-CW308_STM32F3/aes.o
 .text.mbedtls_aes_crypt_cbc
                0x0000000000000000       0xce objdir-CW308_STM32F3/aes.o
 .text.mbedtls_aes_crypt_cfb128
                0x0000000000000000       0x6a objdir-CW308_STM32F3/aes.o
 .text.mbedtls_aes_crypt_cfb8
                0x0000000000000000       0x78 objdir-CW308_STM32F3/aes.o
 .text.mbedtls_aes_crypt_ctr
                0x0000000000000000       0x56 objdir-CW308_STM32F3/aes.o
 .text          0x0000000000000000       0x14 objdir-CW308_STM32F3/stm32f3_startup.o
 .data          0x0000000000000000        0x0 objdir-CW308_STM32F3/stm32f3_startup.o
 .bss           0x0000000000000000        0x0 objdir-CW308_STM32F3/stm32f3_startup.o
 .text          0x0000000000000000        0xc /usr/lib/gcc/arm-none-eabi/9.2.1/../../../arm-none-eabi/lib/thumb/v7e-m/nofp/libg_nano.a(lib_a-atexit.o)
 .data          0x0000000000000000        0x0 /usr/lib/gcc/arm-none-eabi/9.2.1/../../../arm-none-eabi/lib/thumb/v7e-m/nofp/libg_nano.a(lib_a-atexit.o)
 .bss           0x0000000000000000        0x0 /usr/lib/gcc/arm-none-eabi/9.2.1/../../../arm-none-eabi/lib/thumb/v7e-m/nofp/libg_nano.a(lib_a-atexit.o)
 .debug_info    0x0000000000000000      0x995 /usr/lib/gcc/arm-none-eabi/9.2.1/../../../arm-none-eabi/lib/thumb/v7e-m/nofp/libg_nano.a(lib_a-atexit.o)
 .debug_abbrev  0x0000000000000000      0x1f4 /usr/lib/gcc/arm-none-eabi/9.2.1/../../../arm-none-eabi/lib/thumb/v7e-m/nofp/libg_nano.a(lib_a-atexit.o)
 .debug_loc     0x0000000000000000       0x32 /usr/lib/gcc/arm-none-eabi/9.2.1/../../../arm-none-eabi/lib/thumb/v7e-m/nofp/libg_nano.a(lib_a-atexit.o)
 .debug_aranges
                0x0000000000000000       0x20 /usr/lib/gcc/arm-none-eabi/9.2.1/../../../arm-none-eabi/lib/thumb/v7e-m/nofp/libg_nano.a(lib_a-atexit.o)
 .debug_line    0x0000000000000000      0x14a /usr/lib/gcc/arm-none-eabi/9.2.1/../../../arm-none-eabi/lib/thumb/v7e-m/nofp/libg_nano.a(lib_a-atexit.o)
 .debug_str     0x0000000000000000      0x627 /usr/lib/gcc/arm-none-eabi/9.2.1/../../../arm-none-eabi/lib/thumb/v7e-m/nofp/libg_nano.a(lib_a-atexit.o)
 .comment       0x0000000000000000       0x4f /usr/lib/gcc/arm-none-eabi/9.2.1/../../../arm-none-eabi/lib/thumb/v7e-m/nofp/libg_nano.a(lib_a-atexit.o)
 .debug_frame   0x0000000000000000       0x20 /usr/lib/gcc/arm-none-eabi/9.2.1/../../../arm-none-eabi/lib/thumb/v7e-m/nofp/libg_nano.a(lib_a-atexit.o)
 .ARM.attributes
                0x0000000000000000       0x2e /usr/lib/gcc/arm-none-eabi/9.2.1/../../../arm-none-eabi/lib/thumb/v7e-m/nofp/libg_nano.a(lib_a-atexit.o)
 .text          0x0000000000000000        0xc /usr/lib/gcc/arm-none-eabi/9.2.1/../../../arm-none-eabi/lib/thumb/v7e-m/nofp/libg_nano.a(lib_a-errno.o)
 .data          0x0000000000000000        0x0 /usr/lib/gcc/arm-none-eabi/9.2.1/../../../arm-none-eabi/lib/thumb/v7e-m/nofp/libg_nano.a(lib_a-errno.o)
 .bss           0x0000000000000000        0x0 /usr/lib/gcc/arm-none-eabi/9.2.1/../../../arm-none-eabi/lib/thumb/v7e-m/nofp/libg_nano.a(lib_a-errno.o)
 .debug_info    0x0000000000000000      0x953 /usr/lib/gcc/arm-none-eabi/9.2.1/../../../arm-none-eabi/lib/thumb/v7e-m/nofp/libg_nano.a(lib_a-errno.o)
 .debug_abbrev  0x0000000000000000      0x198 /usr/lib/gcc/arm-none-eabi/9.2.1/../../../arm-none-eabi/lib/thumb/v7e-m/nofp/libg_nano.a(lib_a-errno.o)
 .debug_aranges
                0x0000000000000000       0x20 /usr/lib/gcc/arm-none-eabi/9.2.1/../../../arm-none-eabi/lib/thumb/v7e-m/nofp/libg_nano.a(lib_a-errno.o)
 .debug_line    0x0000000000000000      0x108 /usr/lib/gcc/arm-none-eabi/9.2.1/../../../arm-none-eabi/lib/thumb/v7e-m/nofp/libg_nano.a(lib_a-errno.o)
 .debug_str     0x0000000000000000      0x5ee /usr/lib/gcc/arm-none-eabi/9.2.1/../../../arm-none-eabi/lib/thumb/v7e-m/nofp/libg_nano.a(lib_a-errno.o)
 .comment       0x0000000000000000       0x4f /usr/lib/gcc/arm-none-eabi/9.2.1/../../../arm-none-eabi/lib/thumb/v7e-m/nofp/libg_nano.a(lib_a-errno.o)
 .debug_frame   0x0000000000000000       0x20 /usr/lib/gcc/arm-none-eabi/9.2.1/../../../arm-none-eabi/lib/thumb/v7e-m/nofp/libg_nano.a(lib_a-errno.o)
 .ARM.attributes
                0x0000000000000000       0x2e /usr/lib/gcc/arm-none-eabi/9.2.1/../../../arm-none-eabi/lib/thumb/v7e-m/nofp/libg_nano.a(lib_a-errno.o)
 .text          0x0000000000000000       0x28 /usr/lib/gcc/arm-none-eabi/9.2.1/../../../arm-none-eabi/lib/thumb/v7e-m/nofp/libg_nano.a(lib_a-exit.o)
 .data          0x0000000000000000        0x0 /usr/lib/gcc/arm-none-eabi/9.2.1/../../../arm-none-eabi/lib/thumb/v7e-m/nofp/libg_nano.a(lib_a-exit.o)
 .bss           0x0000000000000000        0x0 /usr/lib/gcc/arm-none-eabi/9.2.1/../../../arm-none-eabi/lib/thumb/v7e-m/nofp/libg_nano.a(lib_a-exit.o)
 .debug_info    0x0000000000000000      0x9e7 /usr/lib/gcc/arm-none-eabi/9.2.1/../../../arm-none-eabi/lib/thumb/v7e-m/nofp/libg_nano.a(lib_a-exit.o)
 .debug_abbrev  0x0000000000000000      0x1f6 /usr/lib/gcc/arm-none-eabi/9.2.1/../../../arm-none-eabi/lib/thumb/v7e-m/nofp/libg_nano.a(lib_a-exit.o)
 .debug_loc     0x0000000000000000       0x22 /usr/lib/gcc/arm-none-eabi/9.2.1/../../../arm-none-eabi/lib/thumb/v7e-m/nofp/libg_nano.a(lib_a-exit.o)
 .debug_aranges
                0x0000000000000000       0x20 /usr/lib/gcc/arm-none-eabi/9.2.1/../../../arm-none-eabi/lib/thumb/v7e-m/nofp/libg_nano.a(lib_a-exit.o)
 .debug_line    0x0000000000000000      0x16c /usr/lib/gcc/arm-none-eabi/9.2.1/../../../arm-none-eabi/lib/thumb/v7e-m/nofp/libg_nano.a(lib_a-exit.o)
 .debug_str     0x0000000000000000      0x628 /usr/lib/gcc/arm-none-eabi/9.2.1/../../../arm-none-eabi/lib/thumb/v7e-m/nofp/libg_nano.a(lib_a-exit.o)
 .comment       0x0000000000000000       0x4f /usr/lib/gcc/arm-none-eabi/9.2.1/../../../arm-none-eabi/lib/thumb/v7e-m/nofp/libg_nano.a(lib_a-exit.o)
 .debug_frame   0x0000000000000000       0x28 /usr/lib/gcc/arm-none-eabi/9.2.1/../../../arm-none-eabi/lib/thumb/v7e-m/nofp/libg_nano.a(lib_a-exit.o)
 .ARM.attributes
                0x0000000000000000       0x2e /usr/lib/gcc/arm-none-eabi/9.2.1/../../../arm-none-eabi/lib/thumb/v7e-m/nofp/libg_nano.a(lib_a-exit.o)
 .text          0x0000000000000000       0x34 /usr/lib/gcc/arm-none-eabi/9.2.1/../../../arm-none-eabi/lib/thumb/v7e-m/nofp/libg_nano.a(lib_a-fini.o)
 .data          0x0000000000000000        0x0 /usr/lib/gcc/arm-none-eabi/9.2.1/../../../arm-none-eabi/lib/thumb/v7e-m/nofp/libg_nano.a(lib_a-fini.o)
 .bss           0x0000000000000000        0x0 /usr/lib/gcc/arm-none-eabi/9.2.1/../../../arm-none-eabi/lib/thumb/v7e-m/nofp/libg_nano.a(lib_a-fini.o)
 .debug_info    0x0000000000000000      0x102 /usr/lib/gcc/arm-none-eabi/9.2.1/../../../arm-none-eabi/lib/thumb/v7e-m/nofp/libg_nano.a(lib_a-fini.o)
 .debug_abbrev  0x0000000000000000       0xcf /usr/lib/gcc/arm-none-eabi/9.2.1/../../../arm-none-eabi/lib/thumb/v7e-m/nofp/libg_nano.a(lib_a-fini.o)
 .debug_loc     0x0000000000000000       0x68 /usr/lib/gcc/arm-none-eabi/9.2.1/../../../arm-none-eabi/lib/thumb/v7e-m/nofp/libg_nano.a(lib_a-fini.o)
 .debug_aranges
                0x0000000000000000       0x20 /usr/lib/gcc/arm-none-eabi/9.2.1/../../../arm-none-eabi/lib/thumb/v7e-m/nofp/libg_nano.a(lib_a-fini.o)
 .debug_line    0x0000000000000000       0xd7 /usr/lib/gcc/arm-none-eabi/9.2.1/../../../arm-none-eabi/lib/thumb/v7e-m/nofp/libg_nano.a(lib_a-fini.o)
 .debug_str     0x0000000000000000      0x1f9 /usr/lib/gcc/arm-none-eabi/9.2.1/../../../arm-none-eabi/lib/thumb/v7e-m/nofp/libg_nano.a(lib_a-fini.o)
 .comment       0x0000000000000000       0x4f /usr/lib/gcc/arm-none-eabi/9.2.1/../../../arm-none-eabi/lib/thumb/v7e-m/nofp/libg_nano.a(lib_a-fini.o)
 .debug_frame   0x0000000000000000       0x34 /usr/lib/gcc/arm-none-eabi/9.2.1/../../../arm-none-eabi/lib/thumb/v7e-m/nofp/libg_nano.a(lib_a-fini.o)
 .ARM.attributes
                0x0000000000000000       0x2e /usr/lib/gcc/arm-none-eabi/9.2.1/../../../arm-none-eabi/lib/thumb/v7e-m/nofp/libg_nano.a(lib_a-fini.o)
 .text          0x0000000000000000        0x0 /usr/lib/gcc/arm-none-eabi/9.2.1/../../../arm-none-eabi/lib/thumb/v7e-m/nofp/libg_nano.a(lib_a-impure.o)
 .data          0x0000000000000000       0x64 /usr/lib/gcc/arm-none-eabi/9.2.1/../../../arm-none-eabi/lib/thumb/v7e-m/nofp/libg_nano.a(lib_a-impure.o)
 .bss           0x0000000000000000        0x0 /usr/lib/gcc/arm-none-eabi/9.2.1/../../../arm-none-eabi/lib/thumb/v7e-m/nofp/libg_nano.a(lib_a-impure.o)
 .rodata        0x0000000000000000        0x4 /usr/lib/gcc/arm-none-eabi/9.2.1/../../../arm-none-eabi/lib/thumb/v7e-m/nofp/libg_nano.a(lib_a-impure.o)
 .debug_info    0x0000000000000000      0x92a /usr/lib/gcc/arm-none-eabi/9.2.1/../../../arm-none-eabi/lib/thumb/v7e-m/nofp/libg_nano.a(lib_a-impure.o)
 .debug_abbrev  0x0000000000000000      0x17a /usr/lib/gcc/arm-none-eabi/9.2.1/../../../arm-none-eabi/lib/thumb/v7e-m/nofp/libg_nano.a(lib_a-impure.o)
 .debug_aranges
                0x0000000000000000       0x18 /usr/lib/gcc/arm-none-eabi/9.2.1/../../../arm-none-eabi/lib/thumb/v7e-m/nofp/libg_nano.a(lib_a-impure.o)
 .debug_line    0x0000000000000000       0xe3 /usr/lib/gcc/arm-none-eabi/9.2.1/../../../arm-none-eabi/lib/thumb/v7e-m/nofp/libg_nano.a(lib_a-impure.o)
 .debug_str     0x0000000000000000      0x5dc /usr/lib/gcc/arm-none-eabi/9.2.1/../../../arm-none-eabi/lib/thumb/v7e-m/nofp/libg_nano.a(lib_a-impure.o)
 .comment       0x0000000000000000       0x4f /usr/lib/gcc/arm-none-eabi/9.2.1/../../../arm-none-eabi/lib/thumb/v7e-m/nofp/libg_nano.a(lib_a-impure.o)
 .ARM.attributes
                0x0000000000000000       0x2e /usr/lib/gcc/arm-none-eabi/9.2.1/../../../arm-none-eabi/lib/thumb/v7e-m/nofp/libg_nano.a(lib_a-impure.o)
 .data          0x0000000000000000        0x0 /usr/lib/gcc/arm-none-eabi/9.2.1/../../../arm-none-eabi/lib/thumb/v7e-m/nofp/libg_nano.a(lib_a-init.o)
 .bss           0x0000000000000000        0x0 /usr/lib/gcc/arm-none-eabi/9.2.1/../../../arm-none-eabi/lib/thumb/v7e-m/nofp/libg_nano.a(lib_a-init.o)
 .data          0x0000000000000000        0x0 /usr/lib/gcc/arm-none-eabi/9.2.1/../../../arm-none-eabi/lib/thumb/v7e-m/nofp/libg_nano.a(lib_a-memset.o)
 .bss           0x0000000000000000        0x0 /usr/lib/gcc/arm-none-eabi/9.2.1/../../../arm-none-eabi/lib/thumb/v7e-m/nofp/libg_nano.a(lib_a-memset.o)
 .text          0x0000000000000000       0xa0 /usr/lib/gcc/arm-none-eabi/9.2.1/../../../arm-none-eabi/lib/thumb/v7e-m/nofp/libg_nano.a(lib_a-__atexit.o)
 .data          0x0000000000000000        0x4 /usr/lib/gcc/arm-none-eabi/9.2.1/../../../arm-none-eabi/lib/thumb/v7e-m/nofp/libg_nano.a(lib_a-__atexit.o)
 .bss           0x0000000000000000       0x8c /usr/lib/gcc/arm-none-eabi/9.2.1/../../../arm-none-eabi/lib/thumb/v7e-m/nofp/libg_nano.a(lib_a-__atexit.o)
 .debug_info    0x0000000000000000      0xa3c /usr/lib/gcc/arm-none-eabi/9.2.1/../../../arm-none-eabi/lib/thumb/v7e-m/nofp/libg_nano.a(lib_a-__atexit.o)
 .debug_abbrev  0x0000000000000000      0x261 /usr/lib/gcc/arm-none-eabi/9.2.1/../../../arm-none-eabi/lib/thumb/v7e-m/nofp/libg_nano.a(lib_a-__atexit.o)
 .debug_loc     0x0000000000000000      0x230 /usr/lib/gcc/arm-none-eabi/9.2.1/../../../arm-none-eabi/lib/thumb/v7e-m/nofp/libg_nano.a(lib_a-__atexit.o)
 .debug_aranges
                0x0000000000000000       0x20 /usr/lib/gcc/arm-none-eabi/9.2.1/../../../arm-none-eabi/lib/thumb/v7e-m/nofp/libg_nano.a(lib_a-__atexit.o)
 .debug_line    0x0000000000000000      0x228 /usr/lib/gcc/arm-none-eabi/9.2.1/../../../arm-none-eabi/lib/thumb/v7e-m/nofp/libg_nano.a(lib_a-__atexit.o)
 .debug_str     0x0000000000000000      0x67a /usr/lib/gcc/arm-none-eabi/9.2.1/../../../arm-none-eabi/lib/thumb/v7e-m/nofp/libg_nano.a(lib_a-__atexit.o)
 .comment       0x0000000000000000       0x4f /usr/lib/gcc/arm-none-eabi/9.2.1/../../../arm-none-eabi/lib/thumb/v7e-m/nofp/libg_nano.a(lib_a-__atexit.o)
 .debug_frame   0x0000000000000000       0x34 /usr/lib/gcc/arm-none-eabi/9.2.1/../../../arm-none-eabi/lib/thumb/v7e-m/nofp/libg_nano.a(lib_a-__atexit.o)
 .ARM.attributes
                0x0000000000000000       0x2e /usr/lib/gcc/arm-none-eabi/9.2.1/../../../arm-none-eabi/lib/thumb/v7e-m/nofp/libg_nano.a(lib_a-__atexit.o)
 .text          0x0000000000000000       0x9c /usr/lib/gcc/arm-none-eabi/9.2.1/../../../arm-none-eabi/lib/thumb/v7e-m/nofp/libg_nano.a(lib_a-__call_atexit.o)
 .data          0x0000000000000000        0x0 /usr/lib/gcc/arm-none-eabi/9.2.1/../../../arm-none-eabi/lib/thumb/v7e-m/nofp/libg_nano.a(lib_a-__call_atexit.o)
 .bss           0x0000000000000000        0x4 /usr/lib/gcc/arm-none-eabi/9.2.1/../../../arm-none-eabi/lib/thumb/v7e-m/nofp/libg_nano.a(lib_a-__call_atexit.o)
 .debug_info    0x0000000000000000      0xa10 /usr/lib/gcc/arm-none-eabi/9.2.1/../../../arm-none-eabi/lib/thumb/v7e-m/nofp/libg_nano.a(lib_a-__call_atexit.o)
 .debug_abbrev  0x0000000000000000      0x237 /usr/lib/gcc/arm-none-eabi/9.2.1/../../../arm-none-eabi/lib/thumb/v7e-m/nofp/libg_nano.a(lib_a-__call_atexit.o)
 .debug_loc     0x0000000000000000      0x13f /usr/lib/gcc/arm-none-eabi/9.2.1/../../../arm-none-eabi/lib/thumb/v7e-m/nofp/libg_nano.a(lib_a-__call_atexit.o)
 .debug_aranges
                0x0000000000000000       0x20 /usr/lib/gcc/arm-none-eabi/9.2.1/../../../arm-none-eabi/lib/thumb/v7e-m/nofp/libg_nano.a(lib_a-__call_atexit.o)
 .debug_ranges  0x0000000000000000       0x28 /usr/lib/gcc/arm-none-eabi/9.2.1/../../../arm-none-eabi/lib/thumb/v7e-m/nofp/libg_nano.a(lib_a-__call_atexit.o)
 .debug_line    0x0000000000000000      0x22a /usr/lib/gcc/arm-none-eabi/9.2.1/../../../arm-none-eabi/lib/thumb/v7e-m/nofp/libg_nano.a(lib_a-__call_atexit.o)
 .debug_str     0x0000000000000000      0x625 /usr/lib/gcc/arm-none-eabi/9.2.1/../../../arm-none-eabi/lib/thumb/v7e-m/nofp/libg_nano.a(lib_a-__call_atexit.o)
 .comment       0x0000000000000000       0x4f /usr/lib/gcc/arm-none-eabi/9.2.1/../../../arm-none-eabi/lib/thumb/v7e-m/nofp/libg_nano.a(lib_a-__call_atexit.o)
 .debug_frame   0x0000000000000000       0x40 /usr/lib/gcc/arm-none-eabi/9.2.1/../../../arm-none-eabi/lib/thumb/v7e-m/nofp/libg_nano.a(lib_a-__call_atexit.o)
 .ARM.attributes
                0x0000000000000000       0x2e /usr/lib/gcc/arm-none-eabi/9.2.1/../../../arm-none-eabi/lib/thumb/v7e-m/nofp/libg_nano.a(lib_a-__call_atexit.o)
 .text          0x0000000000000000        0x4 /usr/lib/gcc/arm-none-eabi/9.2.1/../../../arm-none-eabi/lib/thumb/v7e-m/nofp/libnosys.a(_exit.o)
 .data          0x0000000000000000        0x0 /usr/lib/gcc/arm-none-eabi/9.2.1/../../../arm-none-eabi/lib/thumb/v7e-m/nofp/libnosys.a(_exit.o)
 .bss           0x0000000000000000        0x0 /usr/lib/gcc/arm-none-eabi/9.2.1/../../../arm-none-eabi/lib/thumb/v7e-m/nofp/libnosys.a(_exit.o)
 .debug_info    0x0000000000000000       0xa3 /usr/lib/gcc/arm-none-eabi/9.2.1/../../../arm-none-eabi/lib/thumb/v7e-m/nofp/libnosys.a(_exit.o)
 .debug_abbrev  0x0000000000000000       0x6a /usr/lib/gcc/arm-none-eabi/9.2.1/../../../arm-none-eabi/lib/thumb/v7e-m/nofp/libnosys.a(_exit.o)
 .debug_loc     0x0000000000000000       0x15 /usr/lib/gcc/arm-none-eabi/9.2.1/../../../arm-none-eabi/lib/thumb/v7e-m/nofp/libnosys.a(_exit.o)
 .debug_aranges
                0x0000000000000000       0x20 /usr/lib/gcc/arm-none-eabi/9.2.1/../../../arm-none-eabi/lib/thumb/v7e-m/nofp/libnosys.a(_exit.o)
 .debug_line    0x0000000000000000       0x6e /usr/lib/gcc/arm-none-eabi/9.2.1/../../../arm-none-eabi/lib/thumb/v7e-m/nofp/libnosys.a(_exit.o)
 .debug_str     0x0000000000000000      0x199 /usr/lib/gcc/arm-none-eabi/9.2.1/../../../arm-none-eabi/lib/thumb/v7e-m/nofp/libnosys.a(_exit.o)
 .comment       0x0000000000000000       0x4f /usr/lib/gcc/arm-none-eabi/9.2.1/../../../arm-none-eabi/lib/thumb/v7e-m/nofp/libnosys.a(_exit.o)
 .debug_frame   0x0000000000000000       0x20 /usr/lib/gcc/arm-none-eabi/9.2.1/../../../arm-none-eabi/lib/thumb/v7e-m/nofp/libnosys.a(_exit.o)
 .ARM.attributes
                0x0000000000000000       0x2e /usr/lib/gcc/arm-none-eabi/9.2.1/../../../arm-none-eabi/lib/thumb/v7e-m/nofp/libnosys.a(_exit.o)
 .text          0x0000000000000000        0x0 /usr/lib/gcc/arm-none-eabi/9.2.1/thumb/v7e-m/nofp/crtend.o
 .data          0x0000000000000000        0x0 /usr/lib/gcc/arm-none-eabi/9.2.1/thumb/v7e-m/nofp/crtend.o
 .bss           0x0000000000000000        0x0 /usr/lib/gcc/arm-none-eabi/9.2.1/thumb/v7e-m/nofp/crtend.o
 .eh_frame      0x0000000000000000        0x4 /usr/lib/gcc/arm-none-eabi/9.2.1/thumb/v7e-m/nofp/crtend.o
 .text          0x0000000000000000        0x0 /usr/lib/gcc/arm-none-eabi/9.2.1/thumb/v7e-m/nofp/crtn.o
 .data          0x0000000000000000        0x0 /usr/lib/gcc/arm-none-eabi/9.2.1/thumb/v7e-m/nofp/crtn.o
 .bss           0x0000000000000000        0x0 /usr/lib/gcc/arm-none-eabi/9.2.1/thumb/v7e-m/nofp/crtn.o

Memory Configuration

Name             Origin             Length             Attributes
RAM              0x0000000020000000 0x0000000000003000 xrw
ROM              0x0000000008000000 0x0000000000010000 xr
*default*        0x0000000000000000 0xffffffffffffffff

Linker script and memory map

LOAD /usr/lib/gcc/arm-none-eabi/9.2.1/thumb/v7e-m/nofp/crti.o
LOAD /usr/lib/gcc/arm-none-eabi/9.2.1/thumb/v7e-m/nofp/crtbegin.o
LOAD /usr/lib/gcc/arm-none-eabi/9.2.1/../../../arm-none-eabi/lib/thumb/v7e-m/nofp/crt0.o
LOAD objdir-CW308_STM32F3/simpleserial-aes.o
LOAD objdir-CW308_STM32F3/simpleserial.o
LOAD objdir-CW308_STM32F3/stm32f3_hal.o
LOAD objdir-CW308_STM32F3/stm32f3_hal_lowlevel.o
LOAD objdir-CW308_STM32F3/stm32f3_sysmem.o
LOAD objdir-CW308_STM32F3/aes-independant.o
LOAD objdir-CW308_STM32F3/aes.o
LOAD objdir-CW308_STM32F3/stm32f3_startup.o
LOAD /usr/lib/gcc/arm-none-eabi/9.2.1/../../../arm-none-eabi/lib/thumb/v7e-m/nofp/libm.a
LOAD /usr/lib/gcc/arm-none-eabi/9.2.1/../../../arm-none-eabi/lib/thumb/v7e-m/nofp/libm.a
START GROUP
LOAD /usr/lib/gcc/arm-none-eabi/9.2.1/thumb/v7e-m/nofp/libgcc.a
LOAD /usr/lib/gcc/arm-none-eabi/9.2.1/../../../arm-none-eabi/lib/thumb/v7e-m/nofp/libg_nano.a
LOAD /usr/lib/gcc/arm-none-eabi/9.2.1/../../../arm-none-eabi/lib/thumb/v7e-m/nofp/libc_nano.a
END GROUP
START GROUP
LOAD /usr/lib/gcc/arm-none-eabi/9.2.1/thumb/v7e-m/nofp/libgcc.a
LOAD /usr/lib/gcc/arm-none-eabi/9.2.1/../../../arm-none-eabi/lib/thumb/v7e-m/nofp/libc_nano.a
LOAD /usr/lib/gcc/arm-none-eabi/9.2.1/../../../arm-none-eabi/lib/thumb/v7e-m/nofp/libnosys.a
END GROUP
START GROUP
LOAD /usr/lib/gcc/arm-none-eabi/9.2.1/thumb/v7e-m/nofp/libgcc.a
LOAD /usr/lib/gcc/arm-none-eabi/9.2.1/../../../arm-none-eabi/lib/thumb/v7e-m/nofp/libc_nano.a
LOAD /usr/lib/gcc/arm-none-eabi/9.2.1/../../../arm-none-eabi/lib/thumb/v7e-m/nofp/libnosys.a
END GROUP
LOAD /usr/lib/gcc/arm-none-eabi/9.2.1/thumb/v7e-m/nofp/crtend.o
LOAD /usr/lib/gcc/arm-none-eabi/9.2.1/thumb/v7e-m/nofp/crtn.o
                0x0000000020003000                _estack = 0x20003000
                0x0000000000000000                _Min_Heap_Size = 0x0
                0x0000000000000400                _Min_Stack_Size = 0x400

.isr_vector     0x0000000008000000      0x188
                0x0000000008000000                . = ALIGN (0x4)
 *(.isr_vector)
 .isr_vector    0x0000000008000000      0x188 objdir-CW308_STM32F3/stm32f3_startup.o
                0x0000000008000000                g_pfnVectors
                0x0000000008000188                . = ALIGN (0x4)

.text           0x0000000008000188     0x1c1c
                0x0000000008000188                . = ALIGN (0x4)
 *(.text)
 .text          0x0000000008000188       0x88 /usr/lib/gcc/arm-none-eabi/9.2.1/thumb/v7e-m/nofp/crtbegin.o
 .text          0x0000000008000210       0x48 /usr/lib/gcc/arm-none-eabi/9.2.1/../../../arm-none-eabi/lib/thumb/v7e-m/nofp/libg_nano.a(lib_a-init.o)
                0x0000000008000210                __libc_init_array
 .text          0x0000000008000258       0xa0 /usr/lib/gcc/arm-none-eabi/9.2.1/../../../arm-none-eabi/lib/thumb/v7e-m/nofp/libg_nano.a(lib_a-memset.o)
                0x0000000008000258                memset
 *(.text*)
 .text.reset    0x00000000080002f8        0x4 objdir-CW308_STM32F3/simpleserial-aes.o
                0x00000000080002f8                reset
 .text.enc_multi_setnum
                0x00000000080002fc       0x14 objdir-CW308_STM32F3/simpleserial-aes.o
                0x00000000080002fc                enc_multi_setnum
 .text.get_mask
                0x0000000008000310        0xa objdir-CW308_STM32F3/simpleserial-aes.o
                0x0000000008000310                get_mask
 .text.get_key  0x000000000800031a        0xa objdir-CW308_STM32F3/simpleserial-aes.o
                0x000000000800031a                get_key
 .text.get_pt   0x0000000008000324       0x2a objdir-CW308_STM32F3/simpleserial-aes.o
                0x0000000008000324                get_pt
 *fill*         0x000000000800034e        0x2 
 .text.enc_multi_getpt
                0x0000000008000350       0x3c objdir-CW308_STM32F3/simpleserial-aes.o
                0x0000000008000350                enc_multi_getpt
 .text.startup.main
                0x000000000800038c       0x98 objdir-CW308_STM32F3/simpleserial-aes.o
                0x000000000800038c                main
 .text.check_version
                0x0000000008000424        0x4 objdir-CW308_STM32F3/simpleserial.o
                0x0000000008000424                check_version
 .text.hex_decode
                0x0000000008000428       0x76 objdir-CW308_STM32F3/simpleserial.o
                0x0000000008000428                hex_decode
 *fill*         0x000000000800049e        0x2 
 .text.simpleserial_addcmd_flags
                0x00000000080004a0       0x2c objdir-CW308_STM32F3/simpleserial.o
                0x00000000080004a0                simpleserial_addcmd_flags
 .text.simpleserial_addcmd
                0x00000000080004cc        0x6 objdir-CW308_STM32F3/simpleserial.o
                0x00000000080004cc                simpleserial_addcmd
 *fill*         0x00000000080004d2        0x2 
 .text.simpleserial_init
                0x00000000080004d4       0x30 objdir-CW308_STM32F3/simpleserial.o
                0x00000000080004d4                simpleserial_init
 .text.simpleserial_put
                0x0000000008000504       0x40 objdir-CW308_STM32F3/simpleserial.o
                0x0000000008000504                simpleserial_put
 .text.ss_num_commands
                0x0000000008000544       0x24 objdir-CW308_STM32F3/simpleserial.o
                0x0000000008000544                ss_num_commands
 .text.ss_get_commands
                0x0000000008000568       0x50 objdir-CW308_STM32F3/simpleserial.o
                0x0000000008000568                ss_get_commands
 .text.simpleserial_get
                0x00000000080005b8       0xc4 objdir-CW308_STM32F3/simpleserial.o
                0x00000000080005b8                simpleserial_get
 .text.platform_init
                0x000000000800067c       0x80 objdir-CW308_STM32F3/stm32f3_hal.o
                0x000000000800067c                platform_init
 .text.init_uart
                0x00000000080006fc       0x7c objdir-CW308_STM32F3/stm32f3_hal.o
                0x00000000080006fc                init_uart
 .text.trigger_setup
                0x0000000008000778       0x48 objdir-CW308_STM32F3/stm32f3_hal.o
                0x0000000008000778                trigger_setup
 .text.trigger_high
                0x00000000080007c0        0xe objdir-CW308_STM32F3/stm32f3_hal.o
                0x00000000080007c0                trigger_high
 .text.trigger_low
                0x00000000080007ce        0xe objdir-CW308_STM32F3/stm32f3_hal.o
                0x00000000080007ce                trigger_low
 .text.getch    0x00000000080007dc       0x34 objdir-CW308_STM32F3/stm32f3_hal.o
                0x00000000080007dc                getch
 .text.putch    0x0000000008000810       0x20 objdir-CW308_STM32F3/stm32f3_hal.o
                0x0000000008000810                putch
 .text.HAL_GetTick
                0x0000000008000830       0x10 objdir-CW308_STM32F3/stm32f3_hal_lowlevel.o
                0x0000000008000830                HAL_GetTick
 .text.HAL_RCC_OscConfig
                0x0000000008000840      0x4dc objdir-CW308_STM32F3/stm32f3_hal_lowlevel.o
                0x0000000008000840                HAL_RCC_OscConfig
 .text.HAL_RCC_ClockConfig
                0x0000000008000d1c      0x14c objdir-CW308_STM32F3/stm32f3_hal_lowlevel.o
                0x0000000008000d1c                HAL_RCC_ClockConfig
 .text.HAL_GPIO_Init
                0x0000000008000e68      0x188 objdir-CW308_STM32F3/stm32f3_hal_lowlevel.o
                0x0000000008000e68                HAL_GPIO_Init
 .text.HAL_GPIO_WritePin
                0x0000000008000ff0        0xa objdir-CW308_STM32F3/stm32f3_hal_lowlevel.o
                0x0000000008000ff0                HAL_GPIO_WritePin
 *fill*         0x0000000008000ffa        0x2 
 .text.UART_SetConfig
                0x0000000008000ffc      0x1e0 objdir-CW308_STM32F3/stm32f3_hal_lowlevel.o
                0x0000000008000ffc                UART_SetConfig
 .text.UART_WaitOnFlagUntilTimeout
                0x00000000080011dc       0x58 objdir-CW308_STM32F3/stm32f3_hal_lowlevel.o
                0x00000000080011dc                UART_WaitOnFlagUntilTimeout
 .text.UART_CheckIdleState
                0x0000000008001234       0x64 objdir-CW308_STM32F3/stm32f3_hal_lowlevel.o
                0x0000000008001234                UART_CheckIdleState
 .text.HAL_UART_Init
                0x0000000008001298       0x56 objdir-CW308_STM32F3/stm32f3_hal_lowlevel.o
                0x0000000008001298                HAL_UART_Init
 .text.HAL_UART_Transmit
                0x00000000080012ee       0xac objdir-CW308_STM32F3/stm32f3_hal_lowlevel.o
                0x00000000080012ee                HAL_UART_Transmit
 .text.HAL_UART_Receive
                0x000000000800139a       0xd6 objdir-CW308_STM32F3/stm32f3_hal_lowlevel.o
                0x000000000800139a                HAL_UART_Receive
 .text.aes_indep_init
                0x0000000008001470        0xc objdir-CW308_STM32F3/aes-independant.o
                0x0000000008001470                aes_indep_init
 .text.aes_indep_enc_pretrigger
                0x000000000800147c        0x2 objdir-CW308_STM32F3/aes-independant.o
                0x000000000800147c                aes_indep_enc_pretrigger
 .text.aes_indep_enc_posttrigger
                0x000000000800147e        0x2 objdir-CW308_STM32F3/aes-independant.o
                0x000000000800147e                aes_indep_enc_posttrigger
 .text.aes_indep_key
                0x0000000008001480       0x10 objdir-CW308_STM32F3/aes-independant.o
                0x0000000008001480                aes_indep_key
 .text.aes_indep_enc
                0x0000000008001490       0x10 objdir-CW308_STM32F3/aes-independant.o
                0x0000000008001490                aes_indep_enc
 .text.aes_indep_mask
                0x00000000080014a0        0x2 objdir-CW308_STM32F3/aes-independant.o
                0x00000000080014a0                aes_indep_mask
 .text.mbedtls_aes_init
                0x00000000080014a2        0xa objdir-CW308_STM32F3/aes.o
                0x00000000080014a2                mbedtls_aes_init
 .text.mbedtls_aes_setkey_enc
                0x00000000080014ac      0x1e8 objdir-CW308_STM32F3/aes.o
                0x00000000080014ac                mbedtls_aes_setkey_enc
 .text.mbedtls_internal_aes_encrypt
                0x0000000008001694      0x340 objdir-CW308_STM32F3/aes.o
                0x0000000008001694                mbedtls_internal_aes_encrypt
 .text.mbedtls_internal_aes_decrypt
                0x00000000080019d4      0x354 objdir-CW308_STM32F3/aes.o
                0x00000000080019d4                mbedtls_internal_aes_decrypt
 .text.mbedtls_aes_crypt_ecb
                0x0000000008001d28       0x18 objdir-CW308_STM32F3/aes.o
                0x0000000008001d28                mbedtls_aes_crypt_ecb
 .text.Reset_Handler
                0x0000000008001d40       0x48 objdir-CW308_STM32F3/stm32f3_startup.o
                0x0000000008001d40                Reset_Handler
 .text.Default_Handler
                0x0000000008001d88        0x2 objdir-CW308_STM32F3/stm32f3_startup.o
                0x0000000008001d88                DebugMon_Handler
                0x0000000008001d88                HardFault_Handler
                0x0000000008001d88                SysTick_Handler
                0x0000000008001d88                PendSV_Handler
                0x0000000008001d88                NMI_Handler
                0x0000000008001d88                UsageFault_Handler
                0x0000000008001d88                Default_Handler
                0x0000000008001d88                MemManage_Handler
                0x0000000008001d88                SVC_Handler
                0x0000000008001d88                BusFault_Handler
 *(.glue_7)
 .glue_7        0x0000000008001d8a        0x0 linker stubs
 *(.glue_7t)
 .glue_7t       0x0000000008001d8a        0x0 linker stubs
 *(.eh_frame)
 *fill*         0x0000000008001d8a        0x2 
 .eh_frame      0x0000000008001d8c        0x0 /usr/lib/gcc/arm-none-eabi/9.2.1/thumb/v7e-m/nofp/crtbegin.o
 *(.init)
 .init          0x0000000008001d8c        0x4 /usr/lib/gcc/arm-none-eabi/9.2.1/thumb/v7e-m/nofp/crti.o
                0x0000000008001d8c                _init
 .init          0x0000000008001d90        0x8 /usr/lib/gcc/arm-none-eabi/9.2.1/thumb/v7e-m/nofp/crtn.o
 *(.fini)
 .fini          0x0000000008001d98        0x4 /usr/lib/gcc/arm-none-eabi/9.2.1/thumb/v7e-m/nofp/crti.o
                0x0000000008001d98                _fini
 .fini          0x0000000008001d9c        0x8 /usr/lib/gcc/arm-none-eabi/9.2.1/thumb/v7e-m/nofp/crtn.o
                0x0000000008001da4                . = ALIGN (0x4)
                0x0000000008001da4                _etext = .

.vfp11_veneer   0x0000000008001da4        0x0
 .vfp11_veneer  0x0000000008001da4        0x0 linker stubs

.v4_bx          0x0000000008001da4        0x0
 .v4_bx         0x0000000008001da4        0x0 linker stubs

.iplt           0x0000000008001da4        0x0
 .iplt          0x0000000008001da4        0x0 /usr/lib/gcc/arm-none-eabi/9.2.1/thumb/v7e-m/nofp/crtbegin.o

.rodata         0x0000000008001da4     0x2250
                0x0000000008001da4                . = ALIGN (0x4)
 *(.rodata)
 .rodata        0x0000000008001da4       0x10 objdir-CW308_STM32F3/simpleserial.o
 .rodata        0x0000000008001db4        0x3 objdir-CW308_STM32F3/stm32f3_hal_lowlevel.o
 *fill*         0x0000000008001db7        0x1 
 .rodata        0x0000000008001db8     0x2228 objdir-CW308_STM32F3/aes.o
 *(.rodata*)
 .rodata.str1.1
                0x0000000008003fe0       0x11 objdir-CW308_STM32F3/simpleserial-aes.o
                0x0000000008003ff4                . = ALIGN (0x4)
 *fill*         0x0000000008003ff1        0x3 

.rel.dyn        0x0000000008003ff4        0x0
 .rel.iplt      0x0000000008003ff4        0x0 /usr/lib/gcc/arm-none-eabi/9.2.1/thumb/v7e-m/nofp/crtbegin.o

.ARM.extab      0x0000000008003ff4        0x0
                0x0000000008003ff4                . = ALIGN (0x4)
 *(.ARM.extab* .gnu.linkonce.armextab.*)
                0x0000000008003ff4                . = ALIGN (0x4)

.ARM            0x0000000008003ff4        0x0
                0x0000000008003ff4                . = ALIGN (0x4)
                0x0000000008003ff4                __exidx_start = .
 *(.ARM.exidx*)
                0x0000000008003ff4                __exidx_end = .
                0x0000000008003ff4                . = ALIGN (0x4)

.preinit_array  0x0000000008003ff4        0x0
                0x0000000008003ff4                . = ALIGN (0x4)
                0x0000000008003ff4                PROVIDE (__preinit_array_start = .)
 *(.preinit_array*)
                0x0000000008003ff4                PROVIDE (__preinit_array_end = .)
                0x0000000008003ff4                . = ALIGN (0x4)

.init_array     0x0000000008003ff4        0x4
                0x0000000008003ff4                . = ALIGN (0x4)
                0x0000000008003ff4                PROVIDE (__init_array_start = .)
 *(SORT_BY_NAME(.init_array.*))
 *(.init_array*)
 .init_array    0x0000000008003ff4        0x4 /usr/lib/gcc/arm-none-eabi/9.2.1/thumb/v7e-m/nofp/crtbegin.o
                0x0000000008003ff8                PROVIDE (__init_array_end = .)
                0x0000000008003ff8                . = ALIGN (0x4)

.fini_array     0x0000000008003ff8        0x4
                0x0000000008003ff8                . = ALIGN (0x4)
                0x0000000008003ff8                PROVIDE (__fini_array_start = .)
 *(SORT_BY_NAME(.fini_array.*))
 *(.fini_array*)
 .fini_array    0x0000000008003ff8        0x4 /usr/lib/gcc/arm-none-eabi/9.2.1/thumb/v7e-m/nofp/crtbegin.o
                0x0000000008003ffc                PROVIDE (__fini_array_end = .)
                0x0000000008003ffc                . = ALIGN (0x4)
                0x0000000008003ffc                _sidata = LOADADDR (.data)

.data           0x0000000020000000        0x4 load address 0x0000000008003ffc
                0x0000000020000000                . = ALIGN (0x4)
                0x0000000020000000                _sdata = .
 *(.data)
 .data          0x0000000020000000        0x2 objdir-CW308_STM32F3/simpleserial-aes.o
 *(.data*)
                0x0000000020000004                . = ALIGN (0x4)
 *fill*         0x0000000020000002        0x2 
                0x0000000020000004                _edata = .

.tm_clone_table
                0x0000000020000004        0x0 load address 0x0000000008004000
 .tm_clone_table
                0x0000000020000004        0x0 /usr/lib/gcc/arm-none-eabi/9.2.1/thumb/v7e-m/nofp/crtbegin.o
 .tm_clone_table
                0x0000000020000004        0x0 /usr/lib/gcc/arm-none-eabi/9.2.1/thumb/v7e-m/nofp/crtend.o

.igot.plt       0x0000000020000004        0x0 load address 0x0000000008004000
 .igot.plt      0x0000000020000004        0x0 /usr/lib/gcc/arm-none-eabi/9.2.1/thumb/v7e-m/nofp/crtbegin.o
                0x0000000020000004                . = ALIGN (0x4)

.bss            0x0000000020000004      0x2b0 load address 0x0000000008004000
                0x0000000020000004                _sbss = .
                0x0000000020000004                __bss_start__ = _sbss
 *(.bss)
 .bss           0x0000000020000004       0x1c /usr/lib/gcc/arm-none-eabi/9.2.1/thumb/v7e-m/nofp/crtbegin.o
 .bss           0x0000000020000020      0x104 objdir-CW308_STM32F3/simpleserial.o
 .bss           0x0000000020000124        0x8 objdir-CW308_STM32F3/stm32f3_hal_lowlevel.o
                0x0000000020000124                hal_sys_tick
                0x0000000020000128                uwTick
 *(.bss*)
 *(COMMON)
 COMMON         0x000000002000012c       0x70 objdir-CW308_STM32F3/stm32f3_hal.o
                0x000000002000012c                UartHandle
 COMMON         0x000000002000019c      0x118 objdir-CW308_STM32F3/aes-independant.o
                0x000000002000019c                ctx
                0x00000000200002b4                . = ALIGN (0x4)
                0x00000000200002b4                _ebss = .
                0x00000000200002b4                __bss_end__ = _ebss

._user_heap_stack
                0x00000000200002b4      0x404 load address 0x0000000008004000
                0x00000000200002b8                . = ALIGN (0x8)
 *fill*         0x00000000200002b4        0x4 
                0x00000000200002b8                PROVIDE (end = .)
                [!provide]                        PROVIDE (_end = .)
                0x00000000200002b8                . = (. + _Min_Heap_Size)
                0x00000000200006b8                . = (. + _Min_Stack_Size)
 *fill*         0x00000000200002b8      0x400 
                0x00000000200006b8                . = ALIGN (0x8)

/DISCARD/
 libc.a(*)
 libm.a(*)
 libgcc.a(*)

.ARM.attributes
                0x0000000000000000       0x2a
 *(.ARM.attributes)
 .ARM.attributes
                0x0000000000000000       0x1e /usr/lib/gcc/arm-none-eabi/9.2.1/thumb/v7e-m/nofp/crti.o
 .ARM.attributes
                0x000000000000001e       0x2e /usr/lib/gcc/arm-none-eabi/9.2.1/thumb/v7e-m/nofp/crtbegin.o
 .ARM.attributes
                0x000000000000004c       0x2e objdir-CW308_STM32F3/simpleserial-aes.o
 .ARM.attributes
                0x000000000000007a       0x2e objdir-CW308_STM32F3/simpleserial.o
 .ARM.attributes
                0x00000000000000a8       0x2e objdir-CW308_STM32F3/stm32f3_hal.o
 .ARM.attributes
                0x00000000000000d6       0x2e objdir-CW308_STM32F3/stm32f3_hal_lowlevel.o
 .ARM.attributes
                0x0000000000000104       0x2e objdir-CW308_STM32F3/aes-independant.o
 .ARM.attributes
                0x0000000000000132       0x2e objdir-CW308_STM32F3/aes.o
 .ARM.attributes
                0x0000000000000160       0x21 objdir-CW308_STM32F3/stm32f3_startup.o
 .ARM.attributes
                0x0000000000000181       0x2e /usr/lib/gcc/arm-none-eabi/9.2.1/../../../arm-none-eabi/lib/thumb/v7e-m/nofp/libg_nano.a(lib_a-init.o)
 .ARM.attributes
                0x00000000000001af       0x2e /usr/lib/gcc/arm-none-eabi/9.2.1/../../../arm-none-eabi/lib/thumb/v7e-m/nofp/libg_nano.a(lib_a-memset.o)
 .ARM.attributes
                0x00000000000001dd       0x2e /usr/lib/gcc/arm-none-eabi/9.2.1/thumb/v7e-m/nofp/crtend.o
 .ARM.attributes
                0x000000000000020b       0x1e /usr/lib/gcc/arm-none-eabi/9.2.1/thumb/v7e-m/nofp/crtn.o
OUTPUT(simpleserial-aes-CW308_STM32F3.elf elf32-littlearm)
LOAD linker stubs
LOAD /usr/lib/gcc/arm-none-eabi/9.2.1/../../../arm-none-eabi/lib/thumb/v7e-m/nofp/libc.a
LOAD /usr/lib/gcc/arm-none-eabi/9.2.1/../../../arm-none-eabi/lib/thumb/v7e-m/nofp/libm.a
LOAD /usr/lib/gcc/arm-none-eabi/9.2.1/thumb/v7e-m/nofp/libgcc.a

.comment        0x0000000000000000       0xa7
 .comment       0x0000000000000000       0x59 /usr/lib/gcc/arm-none-eabi/9.2.1/thumb/v7e-m/nofp/crtbegin.o
                                         0x5a (size before relaxing)
 .comment       0x0000000000000059       0x5a objdir-CW308_STM32F3/simpleserial-aes.o
 .comment       0x0000000000000059       0x5a objdir-CW308_STM32F3/simpleserial.o
 .comment       0x0000000000000059       0x5a objdir-CW308_STM32F3/stm32f3_hal.o
 .comment       0x0000000000000059       0x5a objdir-CW308_STM32F3/stm32f3_hal_lowlevel.o
 .comment       0x0000000000000059       0x5a objdir-CW308_STM32F3/aes-independant.o
 .comment       0x0000000000000059       0x5a objdir-CW308_STM32F3/aes.o
 .comment       0x0000000000000059       0x4e /usr/lib/gcc/arm-none-eabi/9.2.1/../../../arm-none-eabi/lib/thumb/v7e-m/nofp/libg_nano.a(lib_a-init.o)
                                         0x4f (size before relaxing)
 .comment       0x00000000000000a7       0x4f /usr/lib/gcc/arm-none-eabi/9.2.1/../../../arm-none-eabi/lib/thumb/v7e-m/nofp/libg_nano.a(lib_a-memset.o)
 .comment       0x00000000000000a7       0x5a /usr/lib/gcc/arm-none-eabi/9.2.1/thumb/v7e-m/nofp/crtend.o

.debug_info     0x0000000000000000     0x8797
 .debug_info    0x0000000000000000      0xf06 objdir-CW308_STM32F3/simpleserial-aes.o
 .debug_info    0x0000000000000f06      0x78c objdir-CW308_STM32F3/simpleserial.o
 .debug_info    0x0000000000001692     0x184a objdir-CW308_STM32F3/stm32f3_hal.o
 .debug_info    0x0000000000002edc     0x2f5b objdir-CW308_STM32F3/stm32f3_hal_lowlevel.o
 .debug_info    0x0000000000005e37      0x27e objdir-CW308_STM32F3/aes-independant.o
 .debug_info    0x00000000000060b5     0x16a7 objdir-CW308_STM32F3/aes.o
 .debug_info    0x000000000000775c      0x11a /usr/lib/gcc/arm-none-eabi/9.2.1/../../../arm-none-eabi/lib/thumb/v7e-m/nofp/libg_nano.a(lib_a-init.o)
 .debug_info    0x0000000000007876      0xf21 /usr/lib/gcc/arm-none-eabi/9.2.1/../../../arm-none-eabi/lib/thumb/v7e-m/nofp/libg_nano.a(lib_a-memset.o)

.debug_abbrev   0x0000000000000000     0x14da
 .debug_abbrev  0x0000000000000000      0x278 objdir-CW308_STM32F3/simpleserial-aes.o
 .debug_abbrev  0x0000000000000278      0x28d objdir-CW308_STM32F3/simpleserial.o
 .debug_abbrev  0x0000000000000505      0x2dc objdir-CW308_STM32F3/stm32f3_hal.o
 .debug_abbrev  0x00000000000007e1      0x54c objdir-CW308_STM32F3/stm32f3_hal_lowlevel.o
 .debug_abbrev  0x0000000000000d2d      0x14a objdir-CW308_STM32F3/aes-independant.o
 .debug_abbrev  0x0000000000000e77      0x3be objdir-CW308_STM32F3/aes.o
 .debug_abbrev  0x0000000000001235       0xcc /usr/lib/gcc/arm-none-eabi/9.2.1/../../../arm-none-eabi/lib/thumb/v7e-m/nofp/libg_nano.a(lib_a-init.o)
 .debug_abbrev  0x0000000000001301      0x1d9 /usr/lib/gcc/arm-none-eabi/9.2.1/../../../arm-none-eabi/lib/thumb/v7e-m/nofp/libg_nano.a(lib_a-memset.o)

.debug_loc      0x0000000000000000     0x432b
 .debug_loc     0x0000000000000000      0x24b objdir-CW308_STM32F3/simpleserial-aes.o
 .debug_loc     0x000000000000024b      0x5e9 objdir-CW308_STM32F3/simpleserial.o
 .debug_loc     0x0000000000000834      0x1a4 objdir-CW308_STM32F3/stm32f3_hal.o
 .debug_loc     0x00000000000009d8     0x1671 objdir-CW308_STM32F3/stm32f3_hal_lowlevel.o
 .debug_loc     0x0000000000002049       0x64 objdir-CW308_STM32F3/aes-independant.o
 .debug_loc     0x00000000000020ad     0x1f93 objdir-CW308_STM32F3/aes.o
 .debug_loc     0x0000000000004040       0xba /usr/lib/gcc/arm-none-eabi/9.2.1/../../../arm-none-eabi/lib/thumb/v7e-m/nofp/libg_nano.a(lib_a-init.o)
 .debug_loc     0x00000000000040fa      0x231 /usr/lib/gcc/arm-none-eabi/9.2.1/../../../arm-none-eabi/lib/thumb/v7e-m/nofp/libg_nano.a(lib_a-memset.o)

.debug_aranges  0x0000000000000000      0x298
 .debug_aranges
                0x0000000000000000       0x50 objdir-CW308_STM32F3/simpleserial-aes.o
 .debug_aranges
                0x0000000000000050       0x68 objdir-CW308_STM32F3/simpleserial.o
 .debug_aranges
                0x00000000000000b8       0x60 objdir-CW308_STM32F3/stm32f3_hal.o
 .debug_aranges
                0x0000000000000118       0x90 objdir-CW308_STM32F3/stm32f3_hal_lowlevel.o
 .debug_aranges
                0x00000000000001a8       0x40 objdir-CW308_STM32F3/aes-independant.o
 .debug_aranges
                0x00000000000001e8       0x70 objdir-CW308_STM32F3/aes.o
 .debug_aranges
                0x0000000000000258       0x20 /usr/lib/gcc/arm-none-eabi/9.2.1/../../../arm-none-eabi/lib/thumb/v7e-m/nofp/libg_nano.a(lib_a-init.o)
 .debug_aranges
                0x0000000000000278       0x20 /usr/lib/gcc/arm-none-eabi/9.2.1/../../../arm-none-eabi/lib/thumb/v7e-m/nofp/libg_nano.a(lib_a-memset.o)

.debug_ranges   0x0000000000000000      0x4b0
 .debug_ranges  0x0000000000000000       0x58 objdir-CW308_STM32F3/simpleserial-aes.o
 .debug_ranges  0x0000000000000058      0x100 objdir-CW308_STM32F3/simpleserial.o
 .debug_ranges  0x0000000000000158       0xb0 objdir-CW308_STM32F3/stm32f3_hal.o
 .debug_ranges  0x0000000000000208      0x200 objdir-CW308_STM32F3/stm32f3_hal_lowlevel.o
 .debug_ranges  0x0000000000000408       0x30 objdir-CW308_STM32F3/aes-independant.o
 .debug_ranges  0x0000000000000438       0x78 objdir-CW308_STM32F3/aes.o

.debug_line     0x0000000000000000     0x367b
 .debug_line    0x0000000000000000      0x2b9 objdir-CW308_STM32F3/simpleserial-aes.o
 .debug_line    0x00000000000002b9      0x529 objdir-CW308_STM32F3/simpleserial.o
 .debug_line    0x00000000000007e2      0x3c8 objdir-CW308_STM32F3/stm32f3_hal.o
 .debug_line    0x0000000000000baa     0x16dc objdir-CW308_STM32F3/stm32f3_hal_lowlevel.o
 .debug_line    0x0000000000002286      0x11e objdir-CW308_STM32F3/aes-independant.o
 .debug_line    0x00000000000023a4      0xf5f objdir-CW308_STM32F3/aes.o
 .debug_line    0x0000000000003303      0x10d /usr/lib/gcc/arm-none-eabi/9.2.1/../../../arm-none-eabi/lib/thumb/v7e-m/nofp/libg_nano.a(lib_a-init.o)
 .debug_line    0x0000000000003410      0x26b /usr/lib/gcc/arm-none-eabi/9.2.1/../../../arm-none-eabi/lib/thumb/v7e-m/nofp/libg_nano.a(lib_a-memset.o)

.debug_str      0x0000000000000000     0x1e3a
 .debug_str     0x0000000000000000      0x6e1 objdir-CW308_STM32F3/simpleserial-aes.o
                                        0x76e (size before relaxing)
 .debug_str     0x00000000000006e1       0xc7 objdir-CW308_STM32F3/simpleserial.o
                                        0x34b (size before relaxing)
 .debug_str     0x00000000000007a8      0x727 objdir-CW308_STM32F3/stm32f3_hal.o
                                        0xd99 (size before relaxing)
 .debug_str     0x0000000000000ecf      0x898 objdir-CW308_STM32F3/stm32f3_hal_lowlevel.o
                                       0x15dc (size before relaxing)
 .debug_str     0x0000000000001767       0x70 objdir-CW308_STM32F3/aes-independant.o
                                        0x2e2 (size before relaxing)
 .debug_str     0x00000000000017d7      0x151 objdir-CW308_STM32F3/aes.o
                                        0x79c (size before relaxing)
 .debug_str     0x0000000000001928      0x187 /usr/lib/gcc/arm-none-eabi/9.2.1/../../../arm-none-eabi/lib/thumb/v7e-m/nofp/libg_nano.a(lib_a-init.o)
                                        0x223 (size before relaxing)
 .debug_str     0x0000000000001aaf      0x38b /usr/lib/gcc/arm-none-eabi/9.2.1/../../../arm-none-eabi/lib/thumb/v7e-m/nofp/libg_nano.a(lib_a-memset.o)
                                        0x909 (size before relaxing)

.debug_frame    0x0000000000000000      0x714
 .debug_frame   0x0000000000000000       0xac objdir-CW308_STM32F3/simpleserial-aes.o
 .debug_frame   0x00000000000000ac      0x12c objdir-CW308_STM32F3/simpleserial.o
 .debug_frame   0x00000000000001d8       0xec objdir-CW308_STM32F3/stm32f3_hal.o
 .debug_frame   0x00000000000002c4      0x1d4 objdir-CW308_STM32F3/stm32f3_hal_lowlevel.o
 .debug_frame   0x0000000000000498       0x70 objdir-CW308_STM32F3/aes-independant.o
 .debug_frame   0x0000000000000508      0x1a8 objdir-CW308_STM32F3/aes.o
 .debug_frame   0x00000000000006b0       0x2c /usr/lib/gcc/arm-none-eabi/9.2.1/../../../arm-none-eabi/lib/thumb/v7e-m/nofp/libg_nano.a(lib_a-init.o)
 .debug_frame   0x00000000000006dc       0x38 /usr/lib/gcc/arm-none-eabi/9.2.1/../../../arm-none-eabi/lib/thumb/v7e-m/nofp/libg_nano.a(lib_a-memset.o)

.stab           0x0000000000000000      0x144
 .stab          0x0000000000000000      0x144 objdir-CW308_STM32F3/stm32f3_startup.o

.stabstr        0x0000000000000000       0x34
 .stabstr       0x0000000000000000       0x34 objdir-CW308_STM32F3/stm32f3_startup.o

Cross Reference Table

Symbol                                            File
BusFault_Handler                                  objdir-CW308_STM32F3/stm32f3_startup.o
DebugMon_Handler                                  objdir-CW308_STM32F3/stm32f3_startup.o
Default_Handler                                   objdir-CW308_STM32F3/stm32f3_startup.o
HAL_GPIO_Init                                     objdir-CW308_STM32F3/stm32f3_hal_lowlevel.o
                                                  objdir-CW308_STM32F3/stm32f3_hal.o
HAL_GPIO_WritePin                                 objdir-CW308_STM32F3/stm32f3_hal_lowlevel.o
                                                  objdir-CW308_STM32F3/stm32f3_hal.o
HAL_GetTick                                       objdir-CW308_STM32F3/stm32f3_hal_lowlevel.o
HAL_IncTick                                       objdir-CW308_STM32F3/stm32f3_hal_lowlevel.o
HAL_InitTick                                      objdir-CW308_STM32F3/stm32f3_hal_lowlevel.o
HAL_NVIC_SetPriority                              objdir-CW308_STM32F3/stm32f3_hal_lowlevel.o
HAL_RCC_ClockConfig                               objdir-CW308_STM32F3/stm32f3_hal_lowlevel.o
                                                  objdir-CW308_STM32F3/stm32f3_hal.o
HAL_RCC_GetPCLK1Freq                              objdir-CW308_STM32F3/stm32f3_hal_lowlevel.o
HAL_RCC_GetPCLK2Freq                              objdir-CW308_STM32F3/stm32f3_hal_lowlevel.o
HAL_RCC_GetSysClockFreq                           objdir-CW308_STM32F3/stm32f3_hal_lowlevel.o
HAL_RCC_OscConfig                                 objdir-CW308_STM32F3/stm32f3_hal_lowlevel.o
                                                  objdir-CW308_STM32F3/stm32f3_hal.o
HAL_UART_Init                                     objdir-CW308_STM32F3/stm32f3_hal_lowlevel.o
                                                  objdir-CW308_STM32F3/stm32f3_hal.o
HAL_UART_Receive                                  objdir-CW308_STM32F3/stm32f3_hal_lowlevel.o
                                                  objdir-CW308_STM32F3/stm32f3_hal.o
HAL_UART_Transmit                                 objdir-CW308_STM32F3/stm32f3_hal_lowlevel.o
                                                  objdir-CW308_STM32F3/stm32f3_hal.o
HardFault_Handler                                 objdir-CW308_STM32F3/stm32f3_startup.o
MemManage_Handler                                 objdir-CW308_STM32F3/stm32f3_startup.o
NMI_Handler                                       objdir-CW308_STM32F3/stm32f3_startup.o
PendSV_Handler                                    objdir-CW308_STM32F3/stm32f3_startup.o
Reset_Handler                                     objdir-CW308_STM32F3/stm32f3_startup.o
SVC_Handler                                       objdir-CW308_STM32F3/stm32f3_startup.o
SysTick_Handler                                   objdir-CW308_STM32F3/stm32f3_startup.o
SystemCoreClock                                   objdir-CW308_STM32F3/stm32f3_hal_lowlevel.o
SystemInit                                        objdir-CW308_STM32F3/stm32f3_startup.o
UART_CheckIdleState                               objdir-CW308_STM32F3/stm32f3_hal_lowlevel.o
UART_SetConfig                                    objdir-CW308_STM32F3/stm32f3_hal_lowlevel.o
UART_WaitOnFlagUntilTimeout                       objdir-CW308_STM32F3/stm32f3_hal_lowlevel.o
UartHandle                                        objdir-CW308_STM32F3/stm32f3_hal.o
UsageFault_Handler                                objdir-CW308_STM32F3/stm32f3_startup.o
_ITM_deregisterTMCloneTable                       /usr/lib/gcc/arm-none-eabi/9.2.1/thumb/v7e-m/nofp/crtbegin.o
_ITM_registerTMCloneTable                         /usr/lib/gcc/arm-none-eabi/9.2.1/thumb/v7e-m/nofp/crtbegin.o
__TMC_END__                                       /usr/lib/gcc/arm-none-eabi/9.2.1/thumb/v7e-m/nofp/crtend.o
                                                  /usr/lib/gcc/arm-none-eabi/9.2.1/thumb/v7e-m/nofp/crtbegin.o
__atexit_dummy                                    /usr/lib/gcc/arm-none-eabi/9.2.1/../../../arm-none-eabi/lib/thumb/v7e-m/nofp/libg_nano.a(lib_a-__atexit.o)
__bss_end__                                       /usr/lib/gcc/arm-none-eabi/9.2.1/../../../arm-none-eabi/lib/thumb/v7e-m/nofp/crt0.o
__bss_start__                                     /usr/lib/gcc/arm-none-eabi/9.2.1/../../../arm-none-eabi/lib/thumb/v7e-m/nofp/crt0.o
__call_exitprocs                                  /usr/lib/gcc/arm-none-eabi/9.2.1/../../../arm-none-eabi/lib/thumb/v7e-m/nofp/libg_nano.a(lib_a-__call_atexit.o)
                                                  /usr/lib/gcc/arm-none-eabi/9.2.1/../../../arm-none-eabi/lib/thumb/v7e-m/nofp/libg_nano.a(lib_a-__atexit.o)
                                                  /usr/lib/gcc/arm-none-eabi/9.2.1/../../../arm-none-eabi/lib/thumb/v7e-m/nofp/libg_nano.a(lib_a-exit.o)
__deregister_frame_info                           /usr/lib/gcc/arm-none-eabi/9.2.1/thumb/v7e-m/nofp/crtbegin.o
__dso_handle                                      /usr/lib/gcc/arm-none-eabi/9.2.1/thumb/v7e-m/nofp/crtbegin.o
__errno                                           /usr/lib/gcc/arm-none-eabi/9.2.1/../../../arm-none-eabi/lib/thumb/v7e-m/nofp/libg_nano.a(lib_a-errno.o)
                                                  objdir-CW308_STM32F3/stm32f3_sysmem.o
__fini_array_end                                  /usr/lib/gcc/arm-none-eabi/9.2.1/../../../arm-none-eabi/lib/thumb/v7e-m/nofp/libg_nano.a(lib_a-fini.o)
__fini_array_start                                /usr/lib/gcc/arm-none-eabi/9.2.1/../../../arm-none-eabi/lib/thumb/v7e-m/nofp/libg_nano.a(lib_a-fini.o)
__init_array_end                                  /usr/lib/gcc/arm-none-eabi/9.2.1/../../../arm-none-eabi/lib/thumb/v7e-m/nofp/libg_nano.a(lib_a-init.o)
__init_array_start                                /usr/lib/gcc/arm-none-eabi/9.2.1/../../../arm-none-eabi/lib/thumb/v7e-m/nofp/libg_nano.a(lib_a-init.o)
__libc_fini_array                                 /usr/lib/gcc/arm-none-eabi/9.2.1/../../../arm-none-eabi/lib/thumb/v7e-m/nofp/libg_nano.a(lib_a-fini.o)
                                                  /usr/lib/gcc/arm-none-eabi/9.2.1/../../../arm-none-eabi/lib/thumb/v7e-m/nofp/crt0.o
__libc_init_array                                 /usr/lib/gcc/arm-none-eabi/9.2.1/../../../arm-none-eabi/lib/thumb/v7e-m/nofp/libg_nano.a(lib_a-init.o)
                                                  objdir-CW308_STM32F3/stm32f3_startup.o
                                                  /usr/lib/gcc/arm-none-eabi/9.2.1/../../../arm-none-eabi/lib/thumb/v7e-m/nofp/crt0.o
__on_exit_args                                    /usr/lib/gcc/arm-none-eabi/9.2.1/../../../arm-none-eabi/lib/thumb/v7e-m/nofp/libg_nano.a(lib_a-__atexit.o)
__preinit_array_end                               /usr/lib/gcc/arm-none-eabi/9.2.1/../../../arm-none-eabi/lib/thumb/v7e-m/nofp/libg_nano.a(lib_a-init.o)
__preinit_array_start                             /usr/lib/gcc/arm-none-eabi/9.2.1/../../../arm-none-eabi/lib/thumb/v7e-m/nofp/libg_nano.a(lib_a-init.o)
__register_exitproc                               /usr/lib/gcc/arm-none-eabi/9.2.1/../../../arm-none-eabi/lib/thumb/v7e-m/nofp/libg_nano.a(lib_a-__atexit.o)
                                                  /usr/lib/gcc/arm-none-eabi/9.2.1/../../../arm-none-eabi/lib/thumb/v7e-m/nofp/libg_nano.a(lib_a-atexit.o)
__register_frame_info                             /usr/lib/gcc/arm-none-eabi/9.2.1/thumb/v7e-m/nofp/crtbegin.o
__sf_fake_stderr                                  /usr/lib/gcc/arm-none-eabi/9.2.1/../../../arm-none-eabi/lib/thumb/v7e-m/nofp/libg_nano.a(lib_a-impure.o)
__sf_fake_stdin                                   /usr/lib/gcc/arm-none-eabi/9.2.1/../../../arm-none-eabi/lib/thumb/v7e-m/nofp/libg_nano.a(lib_a-impure.o)
__sf_fake_stdout                                  /usr/lib/gcc/arm-none-eabi/9.2.1/../../../arm-none-eabi/lib/thumb/v7e-m/nofp/libg_nano.a(lib_a-impure.o)
__stack                                           /usr/lib/gcc/arm-none-eabi/9.2.1/../../../arm-none-eabi/lib/thumb/v7e-m/nofp/crt0.o
_ebss                                             objdir-CW308_STM32F3/stm32f3_startup.o
_edata                                            objdir-CW308_STM32F3/stm32f3_startup.o
_estack                                           objdir-CW308_STM32F3/stm32f3_startup.o
_exit                                             /usr/lib/gcc/arm-none-eabi/9.2.1/../../../arm-none-eabi/lib/thumb/v7e-m/nofp/libnosys.a(_exit.o)
                                                  /usr/lib/gcc/arm-none-eabi/9.2.1/../../../arm-none-eabi/lib/thumb/v7e-m/nofp/libg_nano.a(lib_a-exit.o)
_fini                                             /usr/lib/gcc/arm-none-eabi/9.2.1/thumb/v7e-m/nofp/crti.o
                                                  /usr/lib/gcc/arm-none-eabi/9.2.1/../../../arm-none-eabi/lib/thumb/v7e-m/nofp/libg_nano.a(lib_a-fini.o)
_global_atexit                                    /usr/lib/gcc/arm-none-eabi/9.2.1/../../../arm-none-eabi/lib/thumb/v7e-m/nofp/libg_nano.a(lib_a-__call_atexit.o)
                                                  /usr/lib/gcc/arm-none-eabi/9.2.1/../../../arm-none-eabi/lib/thumb/v7e-m/nofp/libg_nano.a(lib_a-__atexit.o)
_global_impure_ptr                                /usr/lib/gcc/arm-none-eabi/9.2.1/../../../arm-none-eabi/lib/thumb/v7e-m/nofp/libg_nano.a(lib_a-impure.o)
                                                  /usr/lib/gcc/arm-none-eabi/9.2.1/../../../arm-none-eabi/lib/thumb/v7e-m/nofp/libg_nano.a(lib_a-exit.o)
_impure_ptr                                       /usr/lib/gcc/arm-none-eabi/9.2.1/../../../arm-none-eabi/lib/thumb/v7e-m/nofp/libg_nano.a(lib_a-impure.o)
                                                  /usr/lib/gcc/arm-none-eabi/9.2.1/../../../arm-none-eabi/lib/thumb/v7e-m/nofp/libg_nano.a(lib_a-errno.o)
_init                                             /usr/lib/gcc/arm-none-eabi/9.2.1/thumb/v7e-m/nofp/crti.o
                                                  /usr/lib/gcc/arm-none-eabi/9.2.1/../../../arm-none-eabi/lib/thumb/v7e-m/nofp/libg_nano.a(lib_a-init.o)
_mainCRTStartup                                   /usr/lib/gcc/arm-none-eabi/9.2.1/../../../arm-none-eabi/lib/thumb/v7e-m/nofp/crt0.o
_sbrk                                             objdir-CW308_STM32F3/stm32f3_sysmem.o
_sbss                                             objdir-CW308_STM32F3/stm32f3_startup.o
_sdata                                            objdir-CW308_STM32F3/stm32f3_startup.o
_sidata                                           objdir-CW308_STM32F3/stm32f3_startup.o
_stack_init                                       /usr/lib/gcc/arm-none-eabi/9.2.1/../../../arm-none-eabi/lib/thumb/v7e-m/nofp/crt0.o
_start                                            /usr/lib/gcc/arm-none-eabi/9.2.1/../../../arm-none-eabi/lib/thumb/v7e-m/nofp/crt0.o
aes_indep_enc                                     objdir-CW308_STM32F3/aes-independant.o
                                                  objdir-CW308_STM32F3/simpleserial-aes.o
aes_indep_enc_posttrigger                         objdir-CW308_STM32F3/aes-independant.o
                                                  objdir-CW308_STM32F3/simpleserial-aes.o
aes_indep_enc_pretrigger                          objdir-CW308_STM32F3/aes-independant.o
                                                  objdir-CW308_STM32F3/simpleserial-aes.o
aes_indep_init                                    objdir-CW308_STM32F3/aes-independant.o
                                                  objdir-CW308_STM32F3/simpleserial-aes.o
aes_indep_key                                     objdir-CW308_STM32F3/aes-independant.o
                                                  objdir-CW308_STM32F3/simpleserial-aes.o
aes_indep_mask                                    objdir-CW308_STM32F3/aes-independant.o
                                                  objdir-CW308_STM32F3/simpleserial-aes.o
atexit                                            /usr/lib/gcc/arm-none-eabi/9.2.1/../../../arm-none-eabi/lib/thumb/v7e-m/nofp/libg_nano.a(lib_a-atexit.o)
                                                  /usr/lib/gcc/arm-none-eabi/9.2.1/../../../arm-none-eabi/lib/thumb/v7e-m/nofp/crt0.o
change_err_led                                    objdir-CW308_STM32F3/stm32f3_hal.o
change_ok_led                                     objdir-CW308_STM32F3/stm32f3_hal.o
check_version                                     objdir-CW308_STM32F3/simpleserial.o
ctx                                               objdir-CW308_STM32F3/aes-independant.o
enc_multi_getpt                                   objdir-CW308_STM32F3/simpleserial-aes.o
enc_multi_setnum                                  objdir-CW308_STM32F3/simpleserial-aes.o
end                                               objdir-CW308_STM32F3/stm32f3_sysmem.o
exit                                              /usr/lib/gcc/arm-none-eabi/9.2.1/../../../arm-none-eabi/lib/thumb/v7e-m/nofp/libg_nano.a(lib_a-exit.o)
                                                  /usr/lib/gcc/arm-none-eabi/9.2.1/../../../arm-none-eabi/lib/thumb/v7e-m/nofp/crt0.o
g_pfnVectors                                      objdir-CW308_STM32F3/stm32f3_startup.o
get_key                                           objdir-CW308_STM32F3/simpleserial-aes.o
get_mask                                          objdir-CW308_STM32F3/simpleserial-aes.o
get_pt                                            objdir-CW308_STM32F3/simpleserial-aes.o
getch                                             objdir-CW308_STM32F3/stm32f3_hal.o
                                                  objdir-CW308_STM32F3/simpleserial.o
hal_sys_tick                                      objdir-CW308_STM32F3/stm32f3_hal_lowlevel.o
hardware_init_hook                                /usr/lib/gcc/arm-none-eabi/9.2.1/../../../arm-none-eabi/lib/thumb/v7e-m/nofp/crt0.o
hex_decode                                        objdir-CW308_STM32F3/simpleserial.o
init_uart                                         objdir-CW308_STM32F3/stm32f3_hal.o
                                                  objdir-CW308_STM32F3/simpleserial-aes.o
main                                              objdir-CW308_STM32F3/simpleserial-aes.o
                                                  objdir-CW308_STM32F3/stm32f3_startup.o
                                                  /usr/lib/gcc/arm-none-eabi/9.2.1/../../../arm-none-eabi/lib/thumb/v7e-m/nofp/crt0.o
malloc                                            /usr/lib/gcc/arm-none-eabi/9.2.1/../../../arm-none-eabi/lib/thumb/v7e-m/nofp/libg_nano.a(lib_a-__atexit.o)
mbedtls_aes_crypt_cbc                             objdir-CW308_STM32F3/aes.o
mbedtls_aes_crypt_cfb128                          objdir-CW308_STM32F3/aes.o
mbedtls_aes_crypt_cfb8                            objdir-CW308_STM32F3/aes.o
mbedtls_aes_crypt_ctr                             objdir-CW308_STM32F3/aes.o
mbedtls_aes_crypt_ecb                             objdir-CW308_STM32F3/aes.o
                                                  objdir-CW308_STM32F3/aes-independant.o
mbedtls_aes_free                                  objdir-CW308_STM32F3/aes.o
mbedtls_aes_init                                  objdir-CW308_STM32F3/aes.o
                                                  objdir-CW308_STM32F3/aes-independant.o
mbedtls_aes_setkey_dec                            objdir-CW308_STM32F3/aes.o
mbedtls_aes_setkey_enc                            objdir-CW308_STM32F3/aes.o
                                                  objdir-CW308_STM32F3/aes-independant.o
mbedtls_internal_aes_decrypt                      objdir-CW308_STM32F3/aes.o
mbedtls_internal_aes_encrypt                      objdir-CW308_STM32F3/aes.o
memset                                            /usr/lib/gcc/arm-none-eabi/9.2.1/../../../arm-none-eabi/lib/thumb/v7e-m/nofp/libg_nano.a(lib_a-memset.o)
                                                  objdir-CW308_STM32F3/aes.o
                                                  /usr/lib/gcc/arm-none-eabi/9.2.1/../../../arm-none-eabi/lib/thumb/v7e-m/nofp/crt0.o
platform_init                                     objdir-CW308_STM32F3/stm32f3_hal.o
                                                  objdir-CW308_STM32F3/simpleserial-aes.o
putch                                             objdir-CW308_STM32F3/stm32f3_hal.o
                                                  objdir-CW308_STM32F3/simpleserial.o
reset                                             objdir-CW308_STM32F3/simpleserial-aes.o
simpleserial_addcmd                               objdir-CW308_STM32F3/simpleserial.o
                                                  objdir-CW308_STM32F3/simpleserial-aes.o
simpleserial_addcmd_flags                         objdir-CW308_STM32F3/simpleserial.o
                                                  objdir-CW308_STM32F3/simpleserial-aes.o
simpleserial_get                                  objdir-CW308_STM32F3/simpleserial.o
                                                  objdir-CW308_STM32F3/simpleserial-aes.o
simpleserial_init                                 objdir-CW308_STM32F3/simpleserial.o
                                                  objdir-CW308_STM32F3/simpleserial-aes.o
simpleserial_put                                  objdir-CW308_STM32F3/simpleserial.o
                                                  objdir-CW308_STM32F3/simpleserial-aes.o
software_init_hook                                /usr/lib/gcc/arm-none-eabi/9.2.1/../../../arm-none-eabi/lib/thumb/v7e-m/nofp/crt0.o
ss_crc                                            objdir-CW308_STM32F3/simpleserial.o
ss_get_commands                                   objdir-CW308_STM32F3/simpleserial.o
ss_num_commands                                   objdir-CW308_STM32F3/simpleserial.o
trigger_high                                      objdir-CW308_STM32F3/stm32f3_hal.o
                                                  objdir-CW308_STM32F3/simpleserial-aes.o
trigger_low                                       objdir-CW308_STM32F3/stm32f3_hal.o
                                                  objdir-CW308_STM32F3/simpleserial-aes.o
trigger_setup                                     objdir-CW308_STM32F3/stm32f3_hal.o
                                                  objdir-CW308_STM32F3/simpleserial-aes.o
uwTick                                            objdir-CW308_STM32F3/stm32f3_hal_lowlevel.o
