Archive member included to satisfy reference by file (symbol)

/usr/lib/gcc/arm-none-eabi/9.2.1/thumb/v7e-m/nofp/libgcc.a(_aeabi_ldivmod.o)
                              objdir-CW308_STM32L4/stm32l4xx_hal_uart.o (__aeabi_ldivmod)
/usr/lib/gcc/arm-none-eabi/9.2.1/thumb/v7e-m/nofp/libgcc.a(_aeabi_uldivmod.o)
                              objdir-CW308_STM32L4/stm32l4xx_hal_uart.o (__aeabi_uldivmod)
/usr/lib/gcc/arm-none-eabi/9.2.1/thumb/v7e-m/nofp/libgcc.a(_udivmoddi4.o)
                              /usr/lib/gcc/arm-none-eabi/9.2.1/thumb/v7e-m/nofp/libgcc.a(_aeabi_ldivmod.o) (__udivmoddi4)
/usr/lib/gcc/arm-none-eabi/9.2.1/thumb/v7e-m/nofp/libgcc.a(_dvmd_tls.o)
                              /usr/lib/gcc/arm-none-eabi/9.2.1/thumb/v7e-m/nofp/libgcc.a(_aeabi_ldivmod.o) (__aeabi_ldiv0)
/usr/lib/gcc/arm-none-eabi/9.2.1/../../../arm-none-eabi/lib/thumb/v7e-m/nofp/libg_nano.a(lib_a-atexit.o)
                              /usr/lib/gcc/arm-none-eabi/9.2.1/../../../arm-none-eabi/lib/thumb/v7e-m/nofp/crt0.o (atexit)
/usr/lib/gcc/arm-none-eabi/9.2.1/../../../arm-none-eabi/lib/thumb/v7e-m/nofp/libg_nano.a(lib_a-exit.o)
                              /usr/lib/gcc/arm-none-eabi/9.2.1/../../../arm-none-eabi/lib/thumb/v7e-m/nofp/crt0.o (exit)
/usr/lib/gcc/arm-none-eabi/9.2.1/../../../arm-none-eabi/lib/thumb/v7e-m/nofp/libg_nano.a(lib_a-fini.o)
                              /usr/lib/gcc/arm-none-eabi/9.2.1/../../../arm-none-eabi/lib/thumb/v7e-m/nofp/crt0.o (__libc_fini_array)
/usr/lib/gcc/arm-none-eabi/9.2.1/../../../arm-none-eabi/lib/thumb/v7e-m/nofp/libg_nano.a(lib_a-impure.o)
                              /usr/lib/gcc/arm-none-eabi/9.2.1/../../../arm-none-eabi/lib/thumb/v7e-m/nofp/libg_nano.a(lib_a-exit.o) (_global_impure_ptr)
/usr/lib/gcc/arm-none-eabi/9.2.1/../../../arm-none-eabi/lib/thumb/v7e-m/nofp/libg_nano.a(lib_a-init.o)
                              /usr/lib/gcc/arm-none-eabi/9.2.1/../../../arm-none-eabi/lib/thumb/v7e-m/nofp/crt0.o (__libc_init_array)
/usr/lib/gcc/arm-none-eabi/9.2.1/../../../arm-none-eabi/lib/thumb/v7e-m/nofp/libg_nano.a(lib_a-memset.o)
                              /usr/lib/gcc/arm-none-eabi/9.2.1/../../../arm-none-eabi/lib/thumb/v7e-m/nofp/crt0.o (memset)
/usr/lib/gcc/arm-none-eabi/9.2.1/../../../arm-none-eabi/lib/thumb/v7e-m/nofp/libg_nano.a(lib_a-__atexit.o)
                              /usr/lib/gcc/arm-none-eabi/9.2.1/../../../arm-none-eabi/lib/thumb/v7e-m/nofp/libg_nano.a(lib_a-atexit.o) (__register_exitproc)
/usr/lib/gcc/arm-none-eabi/9.2.1/../../../arm-none-eabi/lib/thumb/v7e-m/nofp/libg_nano.a(lib_a-__call_atexit.o)
                              /usr/lib/gcc/arm-none-eabi/9.2.1/../../../arm-none-eabi/lib/thumb/v7e-m/nofp/libg_nano.a(lib_a-__atexit.o) (__call_exitprocs)

Allocating common symbols
Common symbol       size              file

hw_key              0x10              objdir-CW308_STM32L4/stm32l4_hal.o
UartHandle          0x78              objdir-CW308_STM32L4/stm32l4_hal.o
uwTick              0x4               objdir-CW308_STM32L4/stm32l4xx_hal.o
ctx                 0x118             objdir-CW308_STM32L4/aes-independant.o

Discarded input sections

 .text          0x0000000000000000        0x0 /usr/lib/gcc/arm-none-eabi/9.2.1/thumb/v7e-m/nofp/crti.o
 .data          0x0000000000000000        0x0 /usr/lib/gcc/arm-none-eabi/9.2.1/thumb/v7e-m/nofp/crti.o
 .bss           0x0000000000000000        0x0 /usr/lib/gcc/arm-none-eabi/9.2.1/thumb/v7e-m/nofp/crti.o
 .data          0x0000000000000000        0x4 /usr/lib/gcc/arm-none-eabi/9.2.1/thumb/v7e-m/nofp/crtbegin.o
 .text          0x0000000000000000       0x70 /usr/lib/gcc/arm-none-eabi/9.2.1/../../../arm-none-eabi/lib/thumb/v7e-m/nofp/crt0.o
 .data          0x0000000000000000        0x0 /usr/lib/gcc/arm-none-eabi/9.2.1/../../../arm-none-eabi/lib/thumb/v7e-m/nofp/crt0.o
 .bss           0x0000000000000000        0x0 /usr/lib/gcc/arm-none-eabi/9.2.1/../../../arm-none-eabi/lib/thumb/v7e-m/nofp/crt0.o
 .ARM.extab     0x0000000000000000        0x0 /usr/lib/gcc/arm-none-eabi/9.2.1/../../../arm-none-eabi/lib/thumb/v7e-m/nofp/crt0.o
 .ARM.exidx     0x0000000000000000       0x10 /usr/lib/gcc/arm-none-eabi/9.2.1/../../../arm-none-eabi/lib/thumb/v7e-m/nofp/crt0.o
 .debug_line    0x0000000000000000       0x87 /usr/lib/gcc/arm-none-eabi/9.2.1/../../../arm-none-eabi/lib/thumb/v7e-m/nofp/crt0.o
 .debug_info    0x0000000000000000       0x26 /usr/lib/gcc/arm-none-eabi/9.2.1/../../../arm-none-eabi/lib/thumb/v7e-m/nofp/crt0.o
 .debug_abbrev  0x0000000000000000       0x14 /usr/lib/gcc/arm-none-eabi/9.2.1/../../../arm-none-eabi/lib/thumb/v7e-m/nofp/crt0.o
 .debug_aranges
                0x0000000000000000       0x20 /usr/lib/gcc/arm-none-eabi/9.2.1/../../../arm-none-eabi/lib/thumb/v7e-m/nofp/crt0.o
 .debug_str     0x0000000000000000       0x95 /usr/lib/gcc/arm-none-eabi/9.2.1/../../../arm-none-eabi/lib/thumb/v7e-m/nofp/crt0.o
 .ARM.attributes
[...]
Memory Configuration

Name             Origin             Length             Attributes
RAM              0x0000000020000000 0x0000000000010000 xrw
FLASH            0x0000000008000000 0x0000000000040000 xr
*default*        0x0000000000000000 0xffffffffffffffff

Linker script and memory map

LOAD /usr/lib/gcc/arm-none-eabi/9.2.1/thumb/v7e-m/nofp/crti.o
LOAD /usr/lib/gcc/arm-none-eabi/9.2.1/thumb/v7e-m/nofp/crtbegin.o
LOAD /usr/lib/gcc/arm-none-eabi/9.2.1/../../../arm-none-eabi/lib/thumb/v7e-m/nofp/crt0.o
LOAD objdir-CW308_STM32L4/simpleserial-aes.o
LOAD objdir-CW308_STM32L4/simpleserial.o
LOAD objdir-CW308_STM32L4/stm32l4_hal.o
LOAD objdir-CW308_STM32L4/stm32l4xx_hal.o
LOAD objdir-CW308_STM32L4/stm32l4xx_hal_rcc.o
LOAD objdir-CW308_STM32L4/stm32l4xx_hal_rcc_ex.o
LOAD objdir-CW308_STM32L4/stm32l4xx_hal_gpio.o
LOAD objdir-CW308_STM32L4/stm32l4xx_hal_uart.o
LOAD objdir-CW308_STM32L4/stm32l4xx_hal_pwr.o
LOAD objdir-CW308_STM32L4/stm32l4xx_hal_pwr_ex.o
LOAD objdir-CW308_STM32L4/stm32l4xx_hal_cortex.o
LOAD objdir-CW308_STM32L4/stm32l4xx_hal_cryp.o
LOAD objdir-CW308_STM32L4/stm32l4xx_hal_cryp_ex.o
LOAD objdir-CW308_STM32L4/aes-independant.o
LOAD objdir-CW308_STM32L4/aes.o
LOAD objdir-CW308_STM32L4/startup_stm32l443xx.o
LOAD /usr/lib/gcc/arm-none-eabi/9.2.1/../../../arm-none-eabi/lib/thumb/v7e-m/nofp/libm.a
LOAD /usr/lib/gcc/arm-none-eabi/9.2.1/../../../arm-none-eabi/lib/thumb/v7e-m/nofp/libm.a
START GROUP
LOAD /usr/lib/gcc/arm-none-eabi/9.2.1/thumb/v7e-m/nofp/libgcc.a
LOAD /usr/lib/gcc/arm-none-eabi/9.2.1/../../../arm-none-eabi/lib/thumb/v7e-m/nofp/libg_nano.a
LOAD /usr/lib/gcc/arm-none-eabi/9.2.1/../../../arm-none-eabi/lib/thumb/v7e-m/nofp/libc_nano.a
END GROUP
START GROUP
LOAD /usr/lib/gcc/arm-none-eabi/9.2.1/thumb/v7e-m/nofp/libgcc.a
LOAD /usr/lib/gcc/arm-none-eabi/9.2.1/../../../arm-none-eabi/lib/thumb/v7e-m/nofp/libc_nano.a
END GROUP
LOAD /usr/lib/gcc/arm-none-eabi/9.2.1/thumb/v7e-m/nofp/crtend.o
LOAD /usr/lib/gcc/arm-none-eabi/9.2.1/thumb/v7e-m/nofp/crtn.o
                0x0000000020010000                _estack = 0x20010000
                0x0000000000000200                _Min_Heap_Size = 0x200
                0x0000000000000400                _Min_Stack_Size = 0x400

.isr_vector     0x0000000008000000      0x190
                0x0000000008000000                . = ALIGN (0x8)
 *(.isr_vector)
 .isr_vector    0x0000000008000000      0x18c objdir-CW308_STM32L4/startup_stm32l443xx.o
                0x0000000008000000                g_pfnVectors
                0x0000000008000190                . = ALIGN (0x8)
 *fill*         0x000000000800018c        0x4 

.text           0x0000000008000190     0x2258
                0x0000000008000190                . = ALIGN (0x8)
 *(.text)
 .text          0x0000000008000190       0x88 /usr/lib/gcc/arm-none-eabi/9.2.1/thumb/v7e-m/nofp/crtbegin.o
 .text          0x0000000008000218       0x30 /usr/lib/gcc/arm-none-eabi/9.2.1/thumb/v7e-m/nofp/libgcc.a(_aeabi_uldivmod.o)
                0x0000000008000218                __aeabi_uldivmod
 .text          0x0000000008000248      0x2c0 /usr/lib/gcc/arm-none-eabi/9.2.1/thumb/v7e-m/nofp/libgcc.a(_udivmoddi4.o)
                0x0000000008000248                __udivmoddi4
 .text          0x0000000008000508        0x4 /usr/lib/gcc/arm-none-eabi/9.2.1/thumb/v7e-m/nofp/libgcc.a(_dvmd_tls.o)
                0x0000000008000508                __aeabi_ldiv0
                0x0000000008000508                __aeabi_idiv0
 .text          0x000000000800050c       0x48 /usr/lib/gcc/arm-none-eabi/9.2.1/../../../arm-none-eabi/lib/thumb/v7e-m/nofp/libg_nano.a(lib_a-init.o)
                0x000000000800050c                __libc_init_array
 .text          0x0000000008000554       0xa0 /usr/lib/gcc/arm-none-eabi/9.2.1/../../../arm-none-eabi/lib/thumb/v7e-m/nofp/libg_nano.a(lib_a-memset.o)
                0x0000000008000554                memset
 *(.text*)
 .text.reset    0x00000000080005f4        0x4 objdir-CW308_STM32L4/simpleserial-aes.o
                0x00000000080005f4                reset
 .text.enc_multi_setnum
                0x00000000080005f8       0x14 objdir-CW308_STM32L4/simpleserial-aes.o
                0x00000000080005f8                enc_multi_setnum
 .text.get_mask
                0x000000000800060c        0xa objdir-CW308_STM32L4/simpleserial-aes.o
                0x000000000800060c                get_mask
 .text.get_key  0x0000000008000616        0xa objdir-CW308_STM32L4/simpleserial-aes.o
                0x0000000008000616                get_key
 .text.get_pt   0x0000000008000620       0x2a objdir-CW308_STM32L4/simpleserial-aes.o
                0x0000000008000620                get_pt
 *fill*         0x000000000800064a        0x2 
 .text.enc_multi_getpt
                0x000000000800064c       0x3c objdir-CW308_STM32L4/simpleserial-aes.o
                0x000000000800064c                enc_multi_getpt
 .text.startup.main
                0x0000000008000688       0x98 objdir-CW308_STM32L4/simpleserial-aes.o
                0x0000000008000688                main
 .text.check_version
                0x0000000008000720        0x4 objdir-CW308_STM32L4/simpleserial.o
                0x0000000008000720                check_version
 .text.hex_decode
                0x0000000008000724       0x76 objdir-CW308_STM32L4/simpleserial.o
                0x0000000008000724                hex_decode
 *fill*         0x000000000800079a        0x2 
 .text.simpleserial_addcmd_flags
                0x000000000800079c       0x2c objdir-CW308_STM32L4/simpleserial.o
                0x000000000800079c                simpleserial_addcmd_flags
 .text.simpleserial_addcmd
                0x00000000080007c8        0x6 objdir-CW308_STM32L4/simpleserial.o
                0x00000000080007c8                simpleserial_addcmd
 *fill*         0x00000000080007ce        0x2 
 .text.simpleserial_init
                0x00000000080007d0       0x30 objdir-CW308_STM32L4/simpleserial.o
                0x00000000080007d0                simpleserial_init
 .text.simpleserial_put
                0x0000000008000800       0x40 objdir-CW308_STM32L4/simpleserial.o
                0x0000000008000800                simpleserial_put
 .text.ss_num_commands
                0x0000000008000840       0x24 objdir-CW308_STM32L4/simpleserial.o
                0x0000000008000840                ss_num_commands
 .text.ss_get_commands
                0x0000000008000864       0x50 objdir-CW308_STM32L4/simpleserial.o
                0x0000000008000864                ss_get_commands
 .text.simpleserial_get
                0x00000000080008b4       0xc4 objdir-CW308_STM32L4/simpleserial.o
                0x00000000080008b4                simpleserial_get
 .text.SystemInit
                0x0000000008000978        0x2 objdir-CW308_STM32L4/stm32l4_hal.o
                0x0000000008000978                SystemInit
 .text.SysTick_Handler
                0x000000000800097a        0x4 objdir-CW308_STM32L4/stm32l4_hal.o
                0x000000000800097a                SysTick_Handler
 .text.platform_init
                0x000000000800097e       0x36 objdir-CW308_STM32L4/stm32l4_hal.o
                0x000000000800097e                platform_init
 .text.init_uart
                0x00000000080009b4       0x74 objdir-CW308_STM32L4/stm32l4_hal.o
                0x00000000080009b4                init_uart
 .text.trigger_setup
                0x0000000008000a28       0x24 objdir-CW308_STM32L4/stm32l4_hal.o
                0x0000000008000a28                trigger_setup
 .text.trigger_high
                0x0000000008000a4c        0xe objdir-CW308_STM32L4/stm32l4_hal.o
                0x0000000008000a4c                trigger_high
 .text.trigger_low
                0x0000000008000a5a        0xe objdir-CW308_STM32L4/stm32l4_hal.o
                0x0000000008000a5a                trigger_low
 .text.getch    0x0000000008000a68       0x34 objdir-CW308_STM32L4/stm32l4_hal.o
                0x0000000008000a68                getch
 .text.putch    0x0000000008000a9c       0x20 objdir-CW308_STM32L4/stm32l4_hal.o
                0x0000000008000a9c                putch
 .text.HAL_InitTick
                0x0000000008000abc       0x30 objdir-CW308_STM32L4/stm32l4xx_hal.o
                0x0000000008000abc                HAL_InitTick
 .text.HAL_IncTick
                0x0000000008000aec       0x10 objdir-CW308_STM32L4/stm32l4xx_hal.o
                0x0000000008000aec                HAL_IncTick
 .text.HAL_GetTick
                0x0000000008000afc       0x10 objdir-CW308_STM32L4/stm32l4xx_hal.o
                0x0000000008000afc                HAL_GetTick
 .text.RCC_SetFlashLatencyFromMSIRange
                0x0000000008000b0c       0x84 objdir-CW308_STM32L4/stm32l4xx_hal_rcc.o
 .text.HAL_RCC_GetSysClockFreq
                0x0000000008000b90       0xa8 objdir-CW308_STM32L4/stm32l4xx_hal_rcc.o
                0x0000000008000b90                HAL_RCC_GetSysClockFreq
 .text.HAL_RCC_OscConfig
                0x0000000008000c38      0x4a4 objdir-CW308_STM32L4/stm32l4xx_hal_rcc.o
                0x0000000008000c38                HAL_RCC_OscConfig
 .text.HAL_RCC_ClockConfig
                0x00000000080010dc      0x124 objdir-CW308_STM32L4/stm32l4xx_hal_rcc.o
                0x00000000080010dc                HAL_RCC_ClockConfig
 .text.HAL_RCC_GetPCLK1Freq
                0x0000000008001200       0x24 objdir-CW308_STM32L4/stm32l4xx_hal_rcc.o
                0x0000000008001200                HAL_RCC_GetPCLK1Freq
 .text.HAL_RCC_GetPCLK2Freq
                0x0000000008001224       0x24 objdir-CW308_STM32L4/stm32l4xx_hal_rcc.o
                0x0000000008001224                HAL_RCC_GetPCLK2Freq
 .text.HAL_GPIO_Init
                0x0000000008001248      0x188 objdir-CW308_STM32L4/stm32l4xx_hal_gpio.o
                0x0000000008001248                HAL_GPIO_Init
 .text.HAL_GPIO_WritePin
                0x00000000080013d0        0xa objdir-CW308_STM32L4/stm32l4xx_hal_gpio.o
                0x00000000080013d0                HAL_GPIO_WritePin
 .text.HAL_UART_MspInit
                0x00000000080013da        0x2 objdir-CW308_STM32L4/stm32l4xx_hal_uart.o
                0x00000000080013da                HAL_UART_MspInit
 .text.UART_SetConfig
                0x00000000080013dc      0x2cc objdir-CW308_STM32L4/stm32l4xx_hal_uart.o
                0x00000000080013dc                UART_SetConfig
 .text.UART_AdvFeatureConfig
                0x00000000080016a8       0xa8 objdir-CW308_STM32L4/stm32l4xx_hal_uart.o
                0x00000000080016a8                UART_AdvFeatureConfig
 .text.UART_WaitOnFlagUntilTimeout
                0x0000000008001750       0x66 objdir-CW308_STM32L4/stm32l4xx_hal_uart.o
                0x0000000008001750                UART_WaitOnFlagUntilTimeout
 .text.HAL_UART_Receive
                0x00000000080017b6       0xdc objdir-CW308_STM32L4/stm32l4xx_hal_uart.o
                0x00000000080017b6                HAL_UART_Receive
 .text.UART_CheckIdleState
                0x0000000008001892       0x64 objdir-CW308_STM32L4/stm32l4xx_hal_uart.o
                0x0000000008001892                UART_CheckIdleState
 .text.HAL_UART_Init
                0x00000000080018f6       0x64 objdir-CW308_STM32L4/stm32l4xx_hal_uart.o
                0x00000000080018f6                HAL_UART_Init
 .text.UART_WaitOnFlagForever
                0x000000000800195a       0x16 objdir-CW308_STM32L4/stm32l4xx_hal_uart.o
                0x000000000800195a                UART_WaitOnFlagForever
 .text.HAL_UART_Transmit
                0x0000000008001970       0x98 objdir-CW308_STM32L4/stm32l4xx_hal_uart.o
                0x0000000008001970                HAL_UART_Transmit
 .text.HAL_PWREx_GetVoltageRange
                0x0000000008001a08       0x10 objdir-CW308_STM32L4/stm32l4xx_hal_pwr_ex.o
                0x0000000008001a08                HAL_PWREx_GetVoltageRange
 .text.HAL_NVIC_SetPriority
                0x0000000008001a18       0x64 objdir-CW308_STM32L4/stm32l4xx_hal_cortex.o
                0x0000000008001a18                HAL_NVIC_SetPriority
 .text.HAL_SYSTICK_Config
                0x0000000008001a7c       0x2c objdir-CW308_STM32L4/stm32l4xx_hal_cortex.o
                0x0000000008001a7c                HAL_SYSTICK_Config
 .text.aes_indep_init
                0x0000000008001aa8        0xc objdir-CW308_STM32L4/aes-independant.o
                0x0000000008001aa8                aes_indep_init
 .text.aes_indep_enc_pretrigger
                0x0000000008001ab4        0x2 objdir-CW308_STM32L4/aes-independant.o
                0x0000000008001ab4                aes_indep_enc_pretrigger
 .text.aes_indep_enc_posttrigger
                0x0000000008001ab6        0x2 objdir-CW308_STM32L4/aes-independant.o
                0x0000000008001ab6                aes_indep_enc_posttrigger
 .text.aes_indep_key
                0x0000000008001ab8       0x10 objdir-CW308_STM32L4/aes-independant.o
                0x0000000008001ab8                aes_indep_key
 .text.aes_indep_enc
                0x0000000008001ac8       0x10 objdir-CW308_STM32L4/aes-independant.o
                0x0000000008001ac8                aes_indep_enc
 .text.aes_indep_mask
                0x0000000008001ad8        0x2 objdir-CW308_STM32L4/aes-independant.o
                0x0000000008001ad8                aes_indep_mask
 .text.mbedtls_aes_init
                0x0000000008001ada        0xa objdir-CW308_STM32L4/aes.o
                0x0000000008001ada                mbedtls_aes_init
 .text.mbedtls_aes_setkey_enc
                0x0000000008001ae4      0x1e8 objdir-CW308_STM32L4/aes.o
                0x0000000008001ae4                mbedtls_aes_setkey_enc
 .text.mbedtls_internal_aes_encrypt
                0x0000000008001ccc      0x340 objdir-CW308_STM32L4/aes.o
                0x0000000008001ccc                mbedtls_internal_aes_encrypt
 .text.mbedtls_internal_aes_decrypt
                0x000000000800200c      0x354 objdir-CW308_STM32L4/aes.o
                0x000000000800200c                mbedtls_internal_aes_decrypt
 .text.mbedtls_aes_crypt_ecb
                0x0000000008002360       0x18 objdir-CW308_STM32L4/aes.o
                0x0000000008002360                mbedtls_aes_crypt_ecb
 .text.Reset_Handler
                0x0000000008002378       0x50 objdir-CW308_STM32L4/startup_stm32l443xx.o
                0x0000000008002378                Reset_Handler
 .text.Default_Handler
                0x00000000080023c8        0x2 objdir-CW308_STM32L4/startup_stm32l443xx.o
                0x00000000080023c8                RTC_Alarm_IRQHandler
                0x00000000080023c8                EXTI2_IRQHandler
                0x00000000080023c8                DebugMon_Handler
                0x00000000080023c8                TIM1_CC_IRQHandler
                0x00000000080023c8                TSC_IRQHandler
                0x00000000080023c8                HardFault_Handler
                0x00000000080023c8                TAMP_STAMP_IRQHandler
                0x00000000080023c8                PendSV_Handler
                0x00000000080023c8                NMI_Handler
                0x00000000080023c8                EXTI3_IRQHandler
                0x00000000080023c8                LPTIM2_IRQHandler
                0x00000000080023c8                I2C3_ER_IRQHandler
                0x00000000080023c8                EXTI0_IRQHandler
                0x00000000080023c8                I2C2_EV_IRQHandler
                0x00000000080023c8                CAN1_RX0_IRQHandler
                0x00000000080023c8                FPU_IRQHandler
                0x00000000080023c8                TIM1_UP_TIM16_IRQHandler
                0x00000000080023c8                UsageFault_Handler
                0x00000000080023c8                SPI1_IRQHandler
                0x00000000080023c8                TIM6_DAC_IRQHandler
                0x00000000080023c8                DMA2_Channel2_IRQHandler
                0x00000000080023c8                DMA1_Channel4_IRQHandler
                0x00000000080023c8                ADC1_IRQHandler
                0x00000000080023c8                USART3_IRQHandler
                0x00000000080023c8                DMA1_Channel7_IRQHandler
                0x00000000080023c8                CAN1_RX1_IRQHandler
                0x00000000080023c8                LCD_IRQHandler
                0x00000000080023c8                DMA2_Channel1_IRQHandler
                0x00000000080023c8                QUADSPI_IRQHandler
                0x00000000080023c8                I2C1_EV_IRQHandler
                0x00000000080023c8                DMA1_Channel6_IRQHandler
                0x00000000080023c8                DMA2_Channel4_IRQHandler
                0x00000000080023c8                RCC_IRQHandler
                0x00000000080023c8                TIM1_TRG_COM_IRQHandler
                0x00000000080023c8                DMA1_Channel1_IRQHandler
                0x00000000080023c8                Default_Handler
                0x00000000080023c8                DMA2_Channel7_IRQHandler
                0x00000000080023c8                EXTI15_10_IRQHandler
                0x00000000080023c8                TIM7_IRQHandler
                0x00000000080023c8                SDMMC1_IRQHandler
                0x00000000080023c8                I2C3_EV_IRQHandler
                0x00000000080023c8                USB_IRQHandler
                0x00000000080023c8                EXTI9_5_IRQHandler
                0x00000000080023c8                RTC_WKUP_IRQHandler
                0x00000000080023c8                PVD_PVM_IRQHandler
                0x00000000080023c8                SPI2_IRQHandler
                0x00000000080023c8                MemManage_Handler
                0x00000000080023c8                CAN1_TX_IRQHandler
                0x00000000080023c8                SVC_Handler
                0x00000000080023c8                DMA2_Channel5_IRQHandler
                0x00000000080023c8                CRS_IRQHandler
                0x00000000080023c8                DMA1_Channel5_IRQHandler
                0x00000000080023c8                EXTI4_IRQHandler
                0x00000000080023c8                RNG_IRQHandler
                0x00000000080023c8                DMA1_Channel3_IRQHandler
                0x00000000080023c8                COMP_IRQHandler
                0x00000000080023c8                WWDG_IRQHandler
                0x00000000080023c8                LPUART1_IRQHandler
                0x00000000080023c8                DMA2_Channel6_IRQHandler
                0x00000000080023c8                TIM2_IRQHandler
                0x00000000080023c8                EXTI1_IRQHandler
                0x00000000080023c8                AES_IRQHandler
                0x00000000080023c8                USART2_IRQHandler
                0x00000000080023c8                I2C2_ER_IRQHandler
                0x00000000080023c8                DMA1_Channel2_IRQHandler
                0x00000000080023c8                CAN1_SCE_IRQHandler
                0x00000000080023c8                FLASH_IRQHandler
                0x00000000080023c8                BusFault_Handler
                0x00000000080023c8                USART1_IRQHandler
                0x00000000080023c8                SPI3_IRQHandler
                0x00000000080023c8                I2C1_ER_IRQHandler
                0x00000000080023c8                SWPMI1_IRQHandler
                0x00000000080023c8                LPTIM1_IRQHandler
                0x00000000080023c8                SAI1_IRQHandler
                0x00000000080023c8                DMA2_Channel3_IRQHandler
                0x00000000080023c8                TIM1_BRK_TIM15_IRQHandler
 *(.glue_7)
 .glue_7        0x00000000080023ca        0x0 linker stubs
 *(.glue_7t)
 .glue_7t       0x00000000080023ca        0x0 linker stubs
 *(.eh_frame)
 *fill*         0x00000000080023ca        0x2 
 .eh_frame      0x00000000080023cc        0x0 /usr/lib/gcc/arm-none-eabi/9.2.1/thumb/v7e-m/nofp/crtbegin.o
 *(.init)
 .init          0x00000000080023cc        0x4 /usr/lib/gcc/arm-none-eabi/9.2.1/thumb/v7e-m/nofp/crti.o
                0x00000000080023cc                _init
 .init          0x00000000080023d0        0x8 /usr/lib/gcc/arm-none-eabi/9.2.1/thumb/v7e-m/nofp/crtn.o
 *(.fini)
 .fini          0x00000000080023d8        0x4 /usr/lib/gcc/arm-none-eabi/9.2.1/thumb/v7e-m/nofp/crti.o
                0x00000000080023d8                _fini
 .fini          0x00000000080023dc        0x8 /usr/lib/gcc/arm-none-eabi/9.2.1/thumb/v7e-m/nofp/crtn.o
                0x00000000080023e8                . = ALIGN (0x8)
 *fill*         0x00000000080023e4        0x4 
                0x00000000080023e8                _etext = .

.vfp11_veneer   0x00000000080023e8        0x0
 .vfp11_veneer  0x00000000080023e8        0x0 linker stubs

.v4_bx          0x00000000080023e8        0x0
 .v4_bx         0x00000000080023e8        0x0 linker stubs

.iplt           0x00000000080023e8        0x0
 .iplt          0x00000000080023e8        0x0 /usr/lib/gcc/arm-none-eabi/9.2.1/thumb/v7e-m/nofp/crtbegin.o

.rodata         0x00000000080023e8     0x22a8
                0x00000000080023e8                . = ALIGN (0x8)
 *(.rodata)
 .rodata        0x00000000080023e8       0x10 objdir-CW308_STM32L4/simpleserial.o
 .rodata        0x00000000080023f8       0x48 objdir-CW308_STM32L4/stm32l4_hal.o
                0x00000000080023f8                MSIRangeTable
                0x0000000008002428                APBPrescTable
                0x0000000008002430                AHBPrescTable
 .rodata        0x0000000008002440       0x10 objdir-CW308_STM32L4/stm32l4xx_hal_uart.o
 .rodata        0x0000000008002450     0x2228 objdir-CW308_STM32L4/aes.o
 *(.rodata*)
 .rodata.str1.1
                0x0000000008004678       0x11 objdir-CW308_STM32L4/simpleserial-aes.o
                0x0000000008004690                . = ALIGN (0x8)
 *fill*         0x0000000008004689        0x7 

.ARM.extab      0x0000000008004690        0x0
                0x0000000008004690                . = ALIGN (0x8)
 *(.ARM.extab* .gnu.linkonce.armextab.*)
                0x0000000008004690                . = ALIGN (0x8)

.ARM            0x0000000008004690        0x8
                0x0000000008004690                . = ALIGN (0x8)
                0x0000000008004690                __exidx_start = .
 *(.ARM.exidx*)
 .ARM.exidx     0x0000000008004690        0x8 /usr/lib/gcc/arm-none-eabi/9.2.1/thumb/v7e-m/nofp/libgcc.a(_udivmoddi4.o)
                0x0000000008004698                __exidx_end = .
                0x0000000008004698                . = ALIGN (0x8)

.rel.dyn        0x0000000008004698        0x0
 .rel.iplt      0x0000000008004698        0x0 /usr/lib/gcc/arm-none-eabi/9.2.1/thumb/v7e-m/nofp/crtbegin.o

.preinit_array  0x0000000008004698        0x0
                0x0000000008004698                . = ALIGN (0x8)
                0x0000000008004698                PROVIDE (__preinit_array_start = .)
 *(.preinit_array*)
                0x0000000008004698                PROVIDE (__preinit_array_end = .)
                0x0000000008004698                . = ALIGN (0x8)

.init_array     0x0000000008004698        0x8
                0x0000000008004698                . = ALIGN (0x8)
                0x0000000008004698                PROVIDE (__init_array_start = .)
 *(SORT_BY_NAME(.init_array.*))
 *(.init_array*)
 .init_array    0x0000000008004698        0x4 /usr/lib/gcc/arm-none-eabi/9.2.1/thumb/v7e-m/nofp/crtbegin.o
                0x000000000800469c                PROVIDE (__init_array_end = .)
                0x00000000080046a0                . = ALIGN (0x8)
 *fill*         0x000000000800469c        0x4 

.fini_array     0x00000000080046a0        0x8
                0x00000000080046a0                . = ALIGN (0x8)
                0x00000000080046a0                PROVIDE (__fini_array_start = .)
 *(SORT_BY_NAME(.fini_array.*))
 *(.fini_array*)
 .fini_array    0x00000000080046a0        0x4 /usr/lib/gcc/arm-none-eabi/9.2.1/thumb/v7e-m/nofp/crtbegin.o
                0x00000000080046a4                PROVIDE (__fini_array_end = .)
                0x00000000080046a8                . = ALIGN (0x8)
 *fill*         0x00000000080046a4        0x4 
                0x00000000080046a8                _sidata = LOADADDR (.data)

.data           0x0000000020000000        0x8 load address 0x00000000080046a8
                0x0000000020000000                . = ALIGN (0x8)
                0x0000000020000000                _sdata = .
 *(.data)
 .data          0x0000000020000000        0x2 objdir-CW308_STM32L4/simpleserial-aes.o
 *fill*         0x0000000020000002        0x2 
 .data          0x0000000020000004        0x4 objdir-CW308_STM32L4/stm32l4_hal.o
                0x0000000020000004                SystemCoreClock
 *(.data*)
                0x0000000020000008                . = ALIGN (0x8)
                0x0000000020000008                _edata = .

.tm_clone_table
                0x0000000020000008        0x0 load address 0x00000000080046b0
 .tm_clone_table
                0x0000000020000008        0x0 /usr/lib/gcc/arm-none-eabi/9.2.1/thumb/v7e-m/nofp/crtbegin.o
 .tm_clone_table
                0x0000000020000008        0x0 /usr/lib/gcc/arm-none-eabi/9.2.1/thumb/v7e-m/nofp/crtend.o

.igot.plt       0x0000000020000008        0x0 load address 0x00000000080046b0
 .igot.plt      0x0000000020000008        0x0 /usr/lib/gcc/arm-none-eabi/9.2.1/thumb/v7e-m/nofp/crtbegin.o
                0x0000000020000008                . = ALIGN (0x4)

.bss            0x0000000020000008      0x2c4 load address 0x00000000080046b0
                0x0000000020000008                _sbss = .
                0x0000000020000008                __bss_start__ = _sbss
 *(.bss)
 .bss           0x0000000020000008       0x1c /usr/lib/gcc/arm-none-eabi/9.2.1/thumb/v7e-m/nofp/crtbegin.o
 .bss           0x0000000020000024      0x104 objdir-CW308_STM32L4/simpleserial.o
 *(.bss*)
 *(COMMON)
 COMMON         0x0000000020000128       0x88 objdir-CW308_STM32L4/stm32l4_hal.o
                0x0000000020000128                hw_key
                0x0000000020000138                UartHandle
 COMMON         0x00000000200001b0        0x4 objdir-CW308_STM32L4/stm32l4xx_hal.o
                0x00000000200001b0                uwTick
 COMMON         0x00000000200001b4      0x118 objdir-CW308_STM32L4/aes-independant.o
                0x00000000200001b4                ctx
                0x00000000200002cc                . = ALIGN (0x4)
                0x00000000200002cc                _ebss = .
                0x00000000200002cc                __bss_end__ = _ebss

._user_heap_stack
                0x00000000200002cc      0x604 load address 0x00000000080046b0
                0x00000000200002d0                . = ALIGN (0x8)
 *fill*         0x00000000200002cc        0x4 
                [!provide]                        PROVIDE (end = .)
                [!provide]                        PROVIDE (_end = .)
                0x00000000200004d0                . = (. + _Min_Heap_Size)
 *fill*         0x00000000200002d0      0x200 
                0x00000000200008d0                . = (. + _Min_Stack_Size)
 *fill*         0x00000000200004d0      0x400 
                0x00000000200008d0                . = ALIGN (0x8)

/DISCARD/
 libc.a(*)
 libm.a(*)
 libgcc.a(*)

.ARM.attributes
                0x0000000000000000       0x2a
 *(.ARM.attributes)
 .ARM.attributes
                0x0000000000000000       0x1e /usr/lib/gcc/arm-none-eabi/9.2.1/thumb/v7e-m/nofp/crti.o
 .ARM.attributes
                0x000000000000001e       0x2e /usr/lib/gcc/arm-none-eabi/9.2.1/thumb/v7e-m/nofp/crtbegin.o
 .ARM.attributes
                0x000000000000004c       0x2e objdir-CW308_STM32L4/simpleserial-aes.o
 .ARM.attributes
                0x000000000000007a       0x2e objdir-CW308_STM32L4/simpleserial.o
 .ARM.attributes
                0x00000000000000a8       0x2e objdir-CW308_STM32L4/stm32l4_hal.o
 .ARM.attributes
                0x00000000000000d6       0x2e objdir-CW308_STM32L4/stm32l4xx_hal.o
 .ARM.attributes
                0x0000000000000104       0x2e objdir-CW308_STM32L4/stm32l4xx_hal_rcc.o
 .ARM.attributes
                0x0000000000000132       0x2e objdir-CW308_STM32L4/stm32l4xx_hal_gpio.o
 .ARM.attributes
                0x0000000000000160       0x2e objdir-CW308_STM32L4/stm32l4xx_hal_uart.o
 .ARM.attributes
                0x000000000000018e       0x2e objdir-CW308_STM32L4/stm32l4xx_hal_pwr_ex.o
 .ARM.attributes
                0x00000000000001bc       0x2e objdir-CW308_STM32L4/stm32l4xx_hal_cortex.o
 .ARM.attributes
                0x00000000000001ea       0x2e objdir-CW308_STM32L4/aes-independant.o
 .ARM.attributes
                0x0000000000000218       0x2e objdir-CW308_STM32L4/aes.o
 .ARM.attributes
                0x0000000000000246       0x21 objdir-CW308_STM32L4/startup_stm32l443xx.o
 .ARM.attributes
                0x0000000000000267       0x1e /usr/lib/gcc/arm-none-eabi/9.2.1/thumb/v7e-m/nofp/libgcc.a(_aeabi_uldivmod.o)
 .ARM.attributes
                0x0000000000000285       0x2e /usr/lib/gcc/arm-none-eabi/9.2.1/thumb/v7e-m/nofp/libgcc.a(_udivmoddi4.o)
 .ARM.attributes
                0x00000000000002b3       0x1e /usr/lib/gcc/arm-none-eabi/9.2.1/thumb/v7e-m/nofp/libgcc.a(_dvmd_tls.o)
 .ARM.attributes
                0x00000000000002d1       0x2e /usr/lib/gcc/arm-none-eabi/9.2.1/../../../arm-none-eabi/lib/thumb/v7e-m/nofp/libg_nano.a(lib_a-init.o)
 .ARM.attributes
                0x00000000000002ff       0x2e /usr/lib/gcc/arm-none-eabi/9.2.1/../../../arm-none-eabi/lib/thumb/v7e-m/nofp/libg_nano.a(lib_a-memset.o)
 .ARM.attributes
                0x000000000000032d       0x2e /usr/lib/gcc/arm-none-eabi/9.2.1/thumb/v7e-m/nofp/crtend.o
 .ARM.attributes
                0x000000000000035b       0x1e /usr/lib/gcc/arm-none-eabi/9.2.1/thumb/v7e-m/nofp/crtn.o
OUTPUT(simpleserial-aes-CW308_STM32L4.elf elf32-littlearm)
LOAD linker stubs
LOAD /usr/lib/gcc/arm-none-eabi/9.2.1/../../../arm-none-eabi/lib/thumb/v7e-m/nofp/libc.a
LOAD /usr/lib/gcc/arm-none-eabi/9.2.1/../../../arm-none-eabi/lib/thumb/v7e-m/nofp/libm.a
LOAD /usr/lib/gcc/arm-none-eabi/9.2.1/thumb/v7e-m/nofp/libgcc.a

.comment        0x0000000000000000       0xa7
 .comment       0x0000000000000000       0x59 /usr/lib/gcc/arm-none-eabi/9.2.1/thumb/v7e-m/nofp/crtbegin.o
                                         0x5a (size before relaxing)
 .comment       0x0000000000000059       0x5a objdir-CW308_STM32L4/simpleserial-aes.o
 .comment       0x0000000000000059       0x5a objdir-CW308_STM32L4/simpleserial.o
 .comment       0x0000000000000059       0x5a objdir-CW308_STM32L4/stm32l4_hal.o
 .comment       0x0000000000000059       0x5a objdir-CW308_STM32L4/stm32l4xx_hal.o
 .comment       0x0000000000000059       0x5a objdir-CW308_STM32L4/stm32l4xx_hal_rcc.o
 .comment       0x0000000000000059       0x5a objdir-CW308_STM32L4/stm32l4xx_hal_gpio.o
 .comment       0x0000000000000059       0x5a objdir-CW308_STM32L4/stm32l4xx_hal_uart.o
 .comment       0x0000000000000059       0x5a objdir-CW308_STM32L4/stm32l4xx_hal_pwr_ex.o
 .comment       0x0000000000000059       0x5a objdir-CW308_STM32L4/stm32l4xx_hal_cortex.o
 .comment       0x0000000000000059       0x5a objdir-CW308_STM32L4/aes-independant.o
 .comment       0x0000000000000059       0x5a objdir-CW308_STM32L4/aes.o
 .comment       0x0000000000000059       0x5a /usr/lib/gcc/arm-none-eabi/9.2.1/thumb/v7e-m/nofp/libgcc.a(_udivmoddi4.o)
 .comment       0x0000000000000059       0x4e /usr/lib/gcc/arm-none-eabi/9.2.1/../../../arm-none-eabi/lib/thumb/v7e-m/nofp/libg_nano.a(lib_a-init.o)
                                         0x4f (size before relaxing)
 .comment       0x00000000000000a7       0x4f /usr/lib/gcc/arm-none-eabi/9.2.1/../../../arm-none-eabi/lib/thumb/v7e-m/nofp/libg_nano.a(lib_a-memset.o)
 .comment       0x00000000000000a7       0x5a /usr/lib/gcc/arm-none-eabi/9.2.1/thumb/v7e-m/nofp/crtend.o

.debug_info     0x0000000000000000     0xca9f
 .debug_info    0x0000000000000000      0xf06 objdir-CW308_STM32L4/simpleserial-aes.o
 .debug_info    0x0000000000000f06      0x78c objdir-CW308_STM32L4/simpleserial.o
 .debug_info    0x0000000000001692     0x1726 objdir-CW308_STM32L4/stm32l4_hal.o
 .debug_info    0x0000000000002db8      0xc5c objdir-CW308_STM32L4/stm32l4xx_hal.o
 .debug_info    0x0000000000003a14     0x1030 objdir-CW308_STM32L4/stm32l4xx_hal_rcc.o
 .debug_info    0x0000000000004a44      0x9a1 objdir-CW308_STM32L4/stm32l4xx_hal_gpio.o
 .debug_info    0x00000000000053e5     0x21a2 objdir-CW308_STM32L4/stm32l4xx_hal_uart.o
 .debug_info    0x0000000000007587      0xc76 objdir-CW308_STM32L4/stm32l4xx_hal_pwr_ex.o
 .debug_info    0x00000000000081fd     0x117a objdir-CW308_STM32L4/stm32l4xx_hal_cortex.o
 .debug_info    0x0000000000009377      0x27e objdir-CW308_STM32L4/aes-independant.o
 .debug_info    0x00000000000095f5     0x16a7 objdir-CW308_STM32L4/aes.o
 .debug_info    0x000000000000ac9c       0x26 /usr/lib/gcc/arm-none-eabi/9.2.1/thumb/v7e-m/nofp/libgcc.a(_aeabi_uldivmod.o)
 .debug_info    0x000000000000acc2      0xd7c /usr/lib/gcc/arm-none-eabi/9.2.1/thumb/v7e-m/nofp/libgcc.a(_udivmoddi4.o)
 .debug_info    0x000000000000ba3e       0x26 /usr/lib/gcc/arm-none-eabi/9.2.1/thumb/v7e-m/nofp/libgcc.a(_dvmd_tls.o)
 .debug_info    0x000000000000ba64      0x11a /usr/lib/gcc/arm-none-eabi/9.2.1/../../../arm-none-eabi/lib/thumb/v7e-m/nofp/libg_nano.a(lib_a-init.o)
 .debug_info    0x000000000000bb7e      0xf21 /usr/lib/gcc/arm-none-eabi/9.2.1/../../../arm-none-eabi/lib/thumb/v7e-m/nofp/libg_nano.a(lib_a-memset.o)

.debug_abbrev   0x0000000000000000     0x23be
 .debug_abbrev  0x0000000000000000      0x278 objdir-CW308_STM32L4/simpleserial-aes.o
 .debug_abbrev  0x0000000000000278      0x28d objdir-CW308_STM32L4/simpleserial.o
 .debug_abbrev  0x0000000000000505      0x32c objdir-CW308_STM32L4/stm32l4_hal.o
 .debug_abbrev  0x0000000000000831      0x2fe objdir-CW308_STM32L4/stm32l4xx_hal.o
 .debug_abbrev  0x0000000000000b2f      0x2d9 objdir-CW308_STM32L4/stm32l4xx_hal_rcc.o
 .debug_abbrev  0x0000000000000e08      0x24d objdir-CW308_STM32L4/stm32l4xx_hal_gpio.o
 .debug_abbrev  0x0000000000001055      0x3cc objdir-CW308_STM32L4/stm32l4xx_hal_uart.o
 .debug_abbrev  0x0000000000001421      0x28b objdir-CW308_STM32L4/stm32l4xx_hal_pwr_ex.o
 .debug_abbrev  0x00000000000016ac      0x37b objdir-CW308_STM32L4/stm32l4xx_hal_cortex.o
 .debug_abbrev  0x0000000000001a27      0x14a objdir-CW308_STM32L4/aes-independant.o
 .debug_abbrev  0x0000000000001b71      0x3be objdir-CW308_STM32L4/aes.o
 .debug_abbrev  0x0000000000001f2f       0x14 /usr/lib/gcc/arm-none-eabi/9.2.1/thumb/v7e-m/nofp/libgcc.a(_aeabi_uldivmod.o)
 .debug_abbrev  0x0000000000001f43      0x1c2 /usr/lib/gcc/arm-none-eabi/9.2.1/thumb/v7e-m/nofp/libgcc.a(_udivmoddi4.o)
 .debug_abbrev  0x0000000000002105       0x14 /usr/lib/gcc/arm-none-eabi/9.2.1/thumb/v7e-m/nofp/libgcc.a(_dvmd_tls.o)
 .debug_abbrev  0x0000000000002119       0xcc /usr/lib/gcc/arm-none-eabi/9.2.1/../../../arm-none-eabi/lib/thumb/v7e-m/nofp/libg_nano.a(lib_a-init.o)
 .debug_abbrev  0x00000000000021e5      0x1d9 /usr/lib/gcc/arm-none-eabi/9.2.1/../../../arm-none-eabi/lib/thumb/v7e-m/nofp/libg_nano.a(lib_a-memset.o)

.debug_loc      0x0000000000000000     0x77a9
 .debug_loc     0x0000000000000000      0x24b objdir-CW308_STM32L4/simpleserial-aes.o
 .debug_loc     0x000000000000024b      0x5e9 objdir-CW308_STM32L4/simpleserial.o
 .debug_loc     0x0000000000000834      0x2d9 objdir-CW308_STM32L4/stm32l4_hal.o
 .debug_loc     0x0000000000000b0d      0x1da objdir-CW308_STM32L4/stm32l4xx_hal.o
 .debug_loc     0x0000000000000ce7      0x958 objdir-CW308_STM32L4/stm32l4xx_hal_rcc.o
 .debug_loc     0x000000000000163f      0x3b0 objdir-CW308_STM32L4/stm32l4xx_hal_gpio.o
 .debug_loc     0x00000000000019ef     0x1f87 objdir-CW308_STM32L4/stm32l4xx_hal_uart.o
 .debug_loc     0x0000000000003976      0x602 objdir-CW308_STM32L4/stm32l4xx_hal_pwr_ex.o
 .debug_loc     0x0000000000003f78      0x5c5 objdir-CW308_STM32L4/stm32l4xx_hal_cortex.o
 .debug_loc     0x000000000000453d       0x64 objdir-CW308_STM32L4/aes-independant.o
 .debug_loc     0x00000000000045a1     0x1f93 objdir-CW308_STM32L4/aes.o
 .debug_loc     0x0000000000006534      0xf8a /usr/lib/gcc/arm-none-eabi/9.2.1/thumb/v7e-m/nofp/libgcc.a(_udivmoddi4.o)
 .debug_loc     0x00000000000074be       0xba /usr/lib/gcc/arm-none-eabi/9.2.1/../../../arm-none-eabi/lib/thumb/v7e-m/nofp/libg_nano.a(lib_a-init.o)
 .debug_loc     0x0000000000007578      0x231 /usr/lib/gcc/arm-none-eabi/9.2.1/../../../arm-none-eabi/lib/thumb/v7e-m/nofp/libg_nano.a(lib_a-memset.o)

.debug_aranges  0x0000000000000000      0x7e8
 .debug_aranges
                0x0000000000000000       0x50 objdir-CW308_STM32L4/simpleserial-aes.o
 .debug_aranges
                0x0000000000000050       0x68 objdir-CW308_STM32L4/simpleserial.o
 .debug_aranges
                0x00000000000000b8       0x98 objdir-CW308_STM32L4/stm32l4_hal.o
 .debug_aranges
                0x0000000000000150      0x108 objdir-CW308_STM32L4/stm32l4xx_hal.o
 .debug_aranges
                0x0000000000000258       0x88 objdir-CW308_STM32L4/stm32l4xx_hal_rcc.o
 .debug_aranges
                0x00000000000002e0       0x58 objdir-CW308_STM32L4/stm32l4xx_hal_gpio.o
 .debug_aranges
                0x0000000000000338      0x1a8 objdir-CW308_STM32L4/stm32l4xx_hal_uart.o
 .debug_aranges
                0x00000000000004e0      0x110 objdir-CW308_STM32L4/stm32l4xx_hal_pwr_ex.o
 .debug_aranges
                0x00000000000005f0       0xa8 objdir-CW308_STM32L4/stm32l4xx_hal_cortex.o
 .debug_aranges
                0x0000000000000698       0x40 objdir-CW308_STM32L4/aes-independant.o
 .debug_aranges
                0x00000000000006d8       0x70 objdir-CW308_STM32L4/aes.o
 .debug_aranges
                0x0000000000000748       0x20 /usr/lib/gcc/arm-none-eabi/9.2.1/thumb/v7e-m/nofp/libgcc.a(_aeabi_uldivmod.o)
 .debug_aranges
                0x0000000000000768       0x20 /usr/lib/gcc/arm-none-eabi/9.2.1/thumb/v7e-m/nofp/libgcc.a(_udivmoddi4.o)
 .debug_aranges
                0x0000000000000788       0x20 /usr/lib/gcc/arm-none-eabi/9.2.1/thumb/v7e-m/nofp/libgcc.a(_dvmd_tls.o)
 .debug_aranges
                0x00000000000007a8       0x20 /usr/lib/gcc/arm-none-eabi/9.2.1/../../../arm-none-eabi/lib/thumb/v7e-m/nofp/libg_nano.a(lib_a-init.o)
 .debug_aranges
                0x00000000000007c8       0x20 /usr/lib/gcc/arm-none-eabi/9.2.1/../../../arm-none-eabi/lib/thumb/v7e-m/nofp/libg_nano.a(lib_a-memset.o)

.debug_ranges   0x0000000000000000      0x968
 .debug_ranges  0x0000000000000000       0x58 objdir-CW308_STM32L4/simpleserial-aes.o
 .debug_ranges  0x0000000000000058      0x100 objdir-CW308_STM32L4/simpleserial.o
 .debug_ranges  0x0000000000000158       0xc0 objdir-CW308_STM32L4/stm32l4_hal.o
 .debug_ranges  0x0000000000000218       0xf8 objdir-CW308_STM32L4/stm32l4xx_hal.o
 .debug_ranges  0x0000000000000310       0x98 objdir-CW308_STM32L4/stm32l4xx_hal_rcc.o
 .debug_ranges  0x00000000000003a8       0x68 objdir-CW308_STM32L4/stm32l4xx_hal_gpio.o
 .debug_ranges  0x0000000000000410      0x198 objdir-CW308_STM32L4/stm32l4xx_hal_uart.o
 .debug_ranges  0x00000000000005a8      0x100 objdir-CW308_STM32L4/stm32l4xx_hal_pwr_ex.o
 .debug_ranges  0x00000000000006a8      0x150 objdir-CW308_STM32L4/stm32l4xx_hal_cortex.o
 .debug_ranges  0x00000000000007f8       0x30 objdir-CW308_STM32L4/aes-independant.o
 .debug_ranges  0x0000000000000828       0x78 objdir-CW308_STM32L4/aes.o
 .debug_ranges  0x00000000000008a0       0xc8 /usr/lib/gcc/arm-none-eabi/9.2.1/thumb/v7e-m/nofp/libgcc.a(_udivmoddi4.o)

.debug_line     0x0000000000000000     0x6d29
 .debug_line    0x0000000000000000      0x2b9 objdir-CW308_STM32L4/simpleserial-aes.o
 .debug_line    0x00000000000002b9      0x529 objdir-CW308_STM32L4/simpleserial.o
 .debug_line    0x00000000000007e2      0x4ba objdir-CW308_STM32L4/stm32l4_hal.o
 .debug_line    0x0000000000000c9c      0x51d objdir-CW308_STM32L4/stm32l4xx_hal.o
 .debug_line    0x00000000000011b9      0xd42 objdir-CW308_STM32L4/stm32l4xx_hal_rcc.o
 .debug_line    0x0000000000001efb      0x64c objdir-CW308_STM32L4/stm32l4xx_hal_gpio.o
 .debug_line    0x0000000000002547     0x1e3d objdir-CW308_STM32L4/stm32l4xx_hal_uart.o
 .debug_line    0x0000000000004384      0x81b objdir-CW308_STM32L4/stm32l4xx_hal_pwr_ex.o
 .debug_line    0x0000000000004b9f      0x6c5 objdir-CW308_STM32L4/stm32l4xx_hal_cortex.o
 .debug_line    0x0000000000005264      0x11e objdir-CW308_STM32L4/aes-independant.o
 .debug_line    0x0000000000005382      0xf5f objdir-CW308_STM32L4/aes.o
 .debug_line    0x00000000000062e1       0x60 /usr/lib/gcc/arm-none-eabi/9.2.1/thumb/v7e-m/nofp/libgcc.a(_aeabi_uldivmod.o)
 .debug_line    0x0000000000006341      0x610 /usr/lib/gcc/arm-none-eabi/9.2.1/thumb/v7e-m/nofp/libgcc.a(_udivmoddi4.o)
 .debug_line    0x0000000000006951       0x60 /usr/lib/gcc/arm-none-eabi/9.2.1/thumb/v7e-m/nofp/libgcc.a(_dvmd_tls.o)
 .debug_line    0x00000000000069b1      0x10d /usr/lib/gcc/arm-none-eabi/9.2.1/../../../arm-none-eabi/lib/thumb/v7e-m/nofp/libg_nano.a(lib_a-init.o)
 .debug_line    0x0000000000006abe      0x26b /usr/lib/gcc/arm-none-eabi/9.2.1/../../../arm-none-eabi/lib/thumb/v7e-m/nofp/libg_nano.a(lib_a-memset.o)

.debug_str      0x0000000000000000     0x474b
 .debug_str     0x0000000000000000      0x6d5 objdir-CW308_STM32L4/simpleserial-aes.o
                                        0x767 (size before relaxing)
 .debug_str     0x00000000000006d5       0xc7 objdir-CW308_STM32L4/simpleserial.o
                                        0x344 (size before relaxing)
 .debug_str     0x000000000000079c      0xca3 objdir-CW308_STM32L4/stm32l4_hal.o
                                        0xf6f (size before relaxing)
 .debug_str     0x000000000000143f      0x819 objdir-CW308_STM32L4/stm32l4xx_hal.o
                                        0xc0f (size before relaxing)
 .debug_str     0x0000000000001c58      0x288 objdir-CW308_STM32L4/stm32l4xx_hal_rcc.o
                                        0x888 (size before relaxing)
 .debug_str     0x0000000000001ee0      0x13c objdir-CW308_STM32L4/stm32l4xx_hal_gpio.o
                                        0x5ec (size before relaxing)
 .debug_str     0x000000000000201c      0x6cf objdir-CW308_STM32L4/stm32l4xx_hal_uart.o
                                        0xfe8 (size before relaxing)
 .debug_str     0x00000000000026eb      0x484 objdir-CW308_STM32L4/stm32l4xx_hal_pwr_ex.o
                                        0x81b (size before relaxing)
 .debug_str     0x0000000000002b6f      0x360 objdir-CW308_STM32L4/stm32l4xx_hal_cortex.o
                                        0xbdc (size before relaxing)
 .debug_str     0x0000000000002ecf       0x70 objdir-CW308_STM32L4/aes-independant.o
                                        0x2db (size before relaxing)
 .debug_str     0x0000000000002f3f      0x151 objdir-CW308_STM32L4/aes.o
                                        0x795 (size before relaxing)
 .debug_str     0x0000000000003090       0xa0 /usr/lib/gcc/arm-none-eabi/9.2.1/thumb/v7e-m/nofp/libgcc.a(_aeabi_uldivmod.o)
 .debug_str     0x0000000000003130     0x10e5 /usr/lib/gcc/arm-none-eabi/9.2.1/thumb/v7e-m/nofp/libgcc.a(_udivmoddi4.o)
                                       0x11e0 (size before relaxing)
 .debug_str     0x0000000000004215       0x30 /usr/lib/gcc/arm-none-eabi/9.2.1/thumb/v7e-m/nofp/libgcc.a(_dvmd_tls.o)
                                         0xa4 (size before relaxing)
 .debug_str     0x0000000000004245      0x17b /usr/lib/gcc/arm-none-eabi/9.2.1/../../../arm-none-eabi/lib/thumb/v7e-m/nofp/libg_nano.a(lib_a-init.o)
                                        0x223 (size before relaxing)
 .debug_str     0x00000000000043c0      0x38b /usr/lib/gcc/arm-none-eabi/9.2.1/../../../arm-none-eabi/lib/thumb/v7e-m/nofp/libg_nano.a(lib_a-memset.o)
                                        0x909 (size before relaxing)

.debug_frame    0x0000000000000000     0x1390
 .debug_frame   0x0000000000000000       0xac objdir-CW308_STM32L4/simpleserial-aes.o
 .debug_frame   0x00000000000000ac      0x12c objdir-CW308_STM32L4/simpleserial.o
 .debug_frame   0x00000000000001d8      0x190 objdir-CW308_STM32L4/stm32l4_hal.o
 .debug_frame   0x0000000000000368      0x244 objdir-CW308_STM32L4/stm32l4xx_hal.o
 .debug_frame   0x00000000000005ac      0x160 objdir-CW308_STM32L4/stm32l4xx_hal_rcc.o
 .debug_frame   0x000000000000070c       0xd4 objdir-CW308_STM32L4/stm32l4xx_hal_gpio.o
 .debug_frame   0x00000000000007e0      0x554 objdir-CW308_STM32L4/stm32l4xx_hal_uart.o
 .debug_frame   0x0000000000000d34      0x228 objdir-CW308_STM32L4/stm32l4xx_hal_pwr_ex.o
 .debug_frame   0x0000000000000f5c      0x158 objdir-CW308_STM32L4/stm32l4xx_hal_cortex.o
 .debug_frame   0x00000000000010b4       0x70 objdir-CW308_STM32L4/aes-independant.o
 .debug_frame   0x0000000000001124      0x1a8 objdir-CW308_STM32L4/aes.o
 .debug_frame   0x00000000000012cc       0x2c /usr/lib/gcc/arm-none-eabi/9.2.1/thumb/v7e-m/nofp/libgcc.a(_aeabi_uldivmod.o)
 .debug_frame   0x00000000000012f8       0x34 /usr/lib/gcc/arm-none-eabi/9.2.1/thumb/v7e-m/nofp/libgcc.a(_udivmoddi4.o)
 .debug_frame   0x000000000000132c       0x2c /usr/lib/gcc/arm-none-eabi/9.2.1/../../../arm-none-eabi/lib/thumb/v7e-m/nofp/libg_nano.a(lib_a-init.o)
 .debug_frame   0x0000000000001358       0x38 /usr/lib/gcc/arm-none-eabi/9.2.1/../../../arm-none-eabi/lib/thumb/v7e-m/nofp/libg_nano.a(lib_a-memset.o)

.stab           0x0000000000000000      0x144
 .stab          0x0000000000000000      0x144 objdir-CW308_STM32L4/startup_stm32l443xx.o

.stabstr        0x0000000000000000       0x38
 .stabstr       0x0000000000000000       0x38 objdir-CW308_STM32L4/startup_stm32l443xx.o

Cross Reference Table

Symbol                                            File
ADC1_IRQHandler                                   objdir-CW308_STM32L4/startup_stm32l443xx.o
AES_IRQHandler                                    objdir-CW308_STM32L4/startup_stm32l443xx.o
AHBPrescTable                                     objdir-CW308_STM32L4/stm32l4_hal.o
                                                  objdir-CW308_STM32L4/stm32l4xx_hal_rcc.o
APBPrescTable                                     objdir-CW308_STM32L4/stm32l4_hal.o
                                                  objdir-CW308_STM32L4/stm32l4xx_hal_rcc.o
BusFault_Handler                                  objdir-CW308_STM32L4/startup_stm32l443xx.o
CAN1_RX0_IRQHandler                               objdir-CW308_STM32L4/startup_stm32l443xx.o
CAN1_RX1_IRQHandler                               objdir-CW308_STM32L4/startup_stm32l443xx.o
CAN1_SCE_IRQHandler                               objdir-CW308_STM32L4/startup_stm32l443xx.o
CAN1_TX_IRQHandler                                objdir-CW308_STM32L4/startup_stm32l443xx.o
COMP_IRQHandler                                   objdir-CW308_STM32L4/startup_stm32l443xx.o
CRS_IRQHandler                                    objdir-CW308_STM32L4/startup_stm32l443xx.o
CRYP_AES_Auth_IT                                  objdir-CW308_STM32L4/stm32l4xx_hal_cryp_ex.o
                                                  objdir-CW308_STM32L4/stm32l4xx_hal_cryp.o
DMA1_Channel1_IRQHandler                          objdir-CW308_STM32L4/startup_stm32l443xx.o
DMA1_Channel2_IRQHandler                          objdir-CW308_STM32L4/startup_stm32l443xx.o
DMA1_Channel3_IRQHandler                          objdir-CW308_STM32L4/startup_stm32l443xx.o
DMA1_Channel4_IRQHandler                          objdir-CW308_STM32L4/startup_stm32l443xx.o
DMA1_Channel5_IRQHandler                          objdir-CW308_STM32L4/startup_stm32l443xx.o
DMA1_Channel6_IRQHandler                          objdir-CW308_STM32L4/startup_stm32l443xx.o
DMA1_Channel7_IRQHandler                          objdir-CW308_STM32L4/startup_stm32l443xx.o
DMA2_Channel1_IRQHandler                          objdir-CW308_STM32L4/startup_stm32l443xx.o
DMA2_Channel2_IRQHandler                          objdir-CW308_STM32L4/startup_stm32l443xx.o
DMA2_Channel3_IRQHandler                          objdir-CW308_STM32L4/startup_stm32l443xx.o
DMA2_Channel4_IRQHandler                          objdir-CW308_STM32L4/startup_stm32l443xx.o
DMA2_Channel5_IRQHandler                          objdir-CW308_STM32L4/startup_stm32l443xx.o
DMA2_Channel6_IRQHandler                          objdir-CW308_STM32L4/startup_stm32l443xx.o
DMA2_Channel7_IRQHandler                          objdir-CW308_STM32L4/startup_stm32l443xx.o
DebugMon_Handler                                  objdir-CW308_STM32L4/startup_stm32l443xx.o
Default_Handler                                   objdir-CW308_STM32L4/startup_stm32l443xx.o
EXTI0_IRQHandler                                  objdir-CW308_STM32L4/startup_stm32l443xx.o
EXTI15_10_IRQHandler                              objdir-CW308_STM32L4/startup_stm32l443xx.o
EXTI1_IRQHandler                                  objdir-CW308_STM32L4/startup_stm32l443xx.o
EXTI2_IRQHandler                                  objdir-CW308_STM32L4/startup_stm32l443xx.o
EXTI3_IRQHandler                                  objdir-CW308_STM32L4/startup_stm32l443xx.o
EXTI4_IRQHandler                                  objdir-CW308_STM32L4/startup_stm32l443xx.o
EXTI9_5_IRQHandler                                objdir-CW308_STM32L4/startup_stm32l443xx.o
FLASH_IRQHandler                                  objdir-CW308_STM32L4/startup_stm32l443xx.o
FPU_IRQHandler                                    objdir-CW308_STM32L4/startup_stm32l443xx.o
HAL_CRYPEx_AES                                    objdir-CW308_STM32L4/stm32l4xx_hal_cryp_ex.o
                                                  objdir-CW308_STM32L4/stm32l4xx_hal_cryp.o
HAL_CRYPEx_AES_Auth                               objdir-CW308_STM32L4/stm32l4xx_hal_cryp_ex.o
HAL_CRYPEx_AES_Auth_DMA                           objdir-CW308_STM32L4/stm32l4xx_hal_cryp_ex.o
HAL_CRYPEx_AES_Auth_IT                            objdir-CW308_STM32L4/stm32l4xx_hal_cryp_ex.o
HAL_CRYPEx_AES_DMA                                objdir-CW308_STM32L4/stm32l4xx_hal_cryp_ex.o
                                                  objdir-CW308_STM32L4/stm32l4xx_hal_cryp.o
HAL_CRYPEx_AES_IT                                 objdir-CW308_STM32L4/stm32l4xx_hal_cryp_ex.o
                                                  objdir-CW308_STM32L4/stm32l4xx_hal_cryp.o
HAL_CRYPEx_ComputationCpltCallback                objdir-CW308_STM32L4/stm32l4xx_hal_cryp_ex.o
                                                  objdir-CW308_STM32L4/stm32l4xx_hal_cryp.o
HAL_CRYPEx_ProcessSuspend                         objdir-CW308_STM32L4/stm32l4xx_hal_cryp_ex.o
HAL_CRYPEx_Read_ControlRegister                   objdir-CW308_STM32L4/stm32l4xx_hal_cryp_ex.o
HAL_CRYPEx_Read_IVRegisters                       objdir-CW308_STM32L4/stm32l4xx_hal_cryp_ex.o
HAL_CRYPEx_Read_KeyRegisters                      objdir-CW308_STM32L4/stm32l4xx_hal_cryp_ex.o
HAL_CRYPEx_Read_SuspendRegisters                  objdir-CW308_STM32L4/stm32l4xx_hal_cryp_ex.o
HAL_CRYPEx_Write_ControlRegister                  objdir-CW308_STM32L4/stm32l4xx_hal_cryp_ex.o
HAL_CRYPEx_Write_IVRegisters                      objdir-CW308_STM32L4/stm32l4xx_hal_cryp_ex.o
HAL_CRYPEx_Write_KeyRegisters                     objdir-CW308_STM32L4/stm32l4xx_hal_cryp_ex.o
HAL_CRYPEx_Write_SuspendRegisters                 objdir-CW308_STM32L4/stm32l4xx_hal_cryp_ex.o
HAL_CRYP_AESCBC_Decrypt                           objdir-CW308_STM32L4/stm32l4xx_hal_cryp.o
HAL_CRYP_AESCBC_Decrypt_DMA                       objdir-CW308_STM32L4/stm32l4xx_hal_cryp.o
HAL_CRYP_AESCBC_Decrypt_IT                        objdir-CW308_STM32L4/stm32l4xx_hal_cryp.o
HAL_CRYP_AESCBC_Encrypt                           objdir-CW308_STM32L4/stm32l4xx_hal_cryp.o
HAL_CRYP_AESCBC_Encrypt_DMA                       objdir-CW308_STM32L4/stm32l4xx_hal_cryp.o
HAL_CRYP_AESCBC_Encrypt_IT                        objdir-CW308_STM32L4/stm32l4xx_hal_cryp.o
HAL_CRYP_AESCTR_Decrypt                           objdir-CW308_STM32L4/stm32l4xx_hal_cryp.o
HAL_CRYP_AESCTR_Decrypt_DMA                       objdir-CW308_STM32L4/stm32l4xx_hal_cryp.o
HAL_CRYP_AESCTR_Decrypt_IT                        objdir-CW308_STM32L4/stm32l4xx_hal_cryp.o
HAL_CRYP_AESCTR_Encrypt                           objdir-CW308_STM32L4/stm32l4xx_hal_cryp.o
HAL_CRYP_AESCTR_Encrypt_DMA                       objdir-CW308_STM32L4/stm32l4xx_hal_cryp.o
HAL_CRYP_AESCTR_Encrypt_IT                        objdir-CW308_STM32L4/stm32l4xx_hal_cryp.o
HAL_CRYP_AESECB_Decrypt                           objdir-CW308_STM32L4/stm32l4xx_hal_cryp.o
                                                  objdir-CW308_STM32L4/stm32l4_hal.o
HAL_CRYP_AESECB_Decrypt_DMA                       objdir-CW308_STM32L4/stm32l4xx_hal_cryp.o
HAL_CRYP_AESECB_Decrypt_IT                        objdir-CW308_STM32L4/stm32l4xx_hal_cryp.o
HAL_CRYP_AESECB_Encrypt                           objdir-CW308_STM32L4/stm32l4xx_hal_cryp.o
                                                  objdir-CW308_STM32L4/stm32l4_hal.o
HAL_CRYP_AESECB_Encrypt_DMA                       objdir-CW308_STM32L4/stm32l4xx_hal_cryp.o
HAL_CRYP_AESECB_Encrypt_IT                        objdir-CW308_STM32L4/stm32l4xx_hal_cryp.o
HAL_CRYP_DeInit                                   objdir-CW308_STM32L4/stm32l4xx_hal_cryp.o
HAL_CRYP_ErrorCallback                            objdir-CW308_STM32L4/stm32l4xx_hal_cryp.o
                                                  objdir-CW308_STM32L4/stm32l4xx_hal_cryp_ex.o
HAL_CRYP_GetError                                 objdir-CW308_STM32L4/stm32l4xx_hal_cryp.o
HAL_CRYP_GetState                                 objdir-CW308_STM32L4/stm32l4xx_hal_cryp.o
HAL_CRYP_IRQHandler                               objdir-CW308_STM32L4/stm32l4xx_hal_cryp.o
HAL_CRYP_InCpltCallback                           objdir-CW308_STM32L4/stm32l4xx_hal_cryp.o
                                                  objdir-CW308_STM32L4/stm32l4xx_hal_cryp_ex.o
HAL_CRYP_Init                                     objdir-CW308_STM32L4/stm32l4xx_hal_cryp.o
                                                  objdir-CW308_STM32L4/stm32l4_hal.o
HAL_CRYP_MspDeInit                                objdir-CW308_STM32L4/stm32l4xx_hal_cryp.o
HAL_CRYP_MspInit                                  objdir-CW308_STM32L4/stm32l4xx_hal_cryp.o
HAL_CRYP_OutCpltCallback                          objdir-CW308_STM32L4/stm32l4xx_hal_cryp.o
                                                  objdir-CW308_STM32L4/stm32l4xx_hal_cryp_ex.o
HAL_DBGMCU_DisableDBGSleepMode                    objdir-CW308_STM32L4/stm32l4xx_hal.o
HAL_DBGMCU_DisableDBGStandbyMode                  objdir-CW308_STM32L4/stm32l4xx_hal.o
HAL_DBGMCU_DisableDBGStopMode                     objdir-CW308_STM32L4/stm32l4xx_hal.o
HAL_DBGMCU_EnableDBGSleepMode                     objdir-CW308_STM32L4/stm32l4xx_hal.o
HAL_DBGMCU_EnableDBGStandbyMode                   objdir-CW308_STM32L4/stm32l4xx_hal.o
HAL_DBGMCU_EnableDBGStopMode                      objdir-CW308_STM32L4/stm32l4xx_hal.o
HAL_DMA_Abort                                     objdir-CW308_STM32L4/stm32l4xx_hal_uart.o
HAL_DMA_Abort_IT                                  objdir-CW308_STM32L4/stm32l4xx_hal_uart.o
HAL_DMA_Start_IT                                  objdir-CW308_STM32L4/stm32l4xx_hal_cryp_ex.o
                                                  objdir-CW308_STM32L4/stm32l4xx_hal_uart.o
HAL_DeInit                                        objdir-CW308_STM32L4/stm32l4xx_hal.o
HAL_Delay                                         objdir-CW308_STM32L4/stm32l4xx_hal.o
HAL_GPIO_DeInit                                   objdir-CW308_STM32L4/stm32l4xx_hal_gpio.o
HAL_GPIO_EXTI_Callback                            objdir-CW308_STM32L4/stm32l4xx_hal_gpio.o
HAL_GPIO_EXTI_IRQHandler                          objdir-CW308_STM32L4/stm32l4xx_hal_gpio.o
HAL_GPIO_Init                                     objdir-CW308_STM32L4/stm32l4xx_hal_gpio.o
                                                  objdir-CW308_STM32L4/stm32l4xx_hal_rcc_ex.o
                                                  objdir-CW308_STM32L4/stm32l4xx_hal_rcc.o
                                                  objdir-CW308_STM32L4/stm32l4_hal.o
HAL_GPIO_LockPin                                  objdir-CW308_STM32L4/stm32l4xx_hal_gpio.o
HAL_GPIO_ReadPin                                  objdir-CW308_STM32L4/stm32l4xx_hal_gpio.o
HAL_GPIO_TogglePin                                objdir-CW308_STM32L4/stm32l4xx_hal_gpio.o
HAL_GPIO_WritePin                                 objdir-CW308_STM32L4/stm32l4xx_hal_gpio.o
                                                  objdir-CW308_STM32L4/stm32l4_hal.o
HAL_GetDEVID                                      objdir-CW308_STM32L4/stm32l4xx_hal.o
HAL_GetHalVersion                                 objdir-CW308_STM32L4/stm32l4xx_hal.o
HAL_GetREVID                                      objdir-CW308_STM32L4/stm32l4xx_hal.o
HAL_GetTick                                       objdir-CW308_STM32L4/stm32l4xx_hal.o
                                                  objdir-CW308_STM32L4/stm32l4xx_hal_cryp_ex.o
                                                  objdir-CW308_STM32L4/stm32l4xx_hal_uart.o
                                                  objdir-CW308_STM32L4/stm32l4xx_hal_rcc_ex.o
                                                  objdir-CW308_STM32L4/stm32l4xx_hal_rcc.o
HAL_GetUIDw0                                      objdir-CW308_STM32L4/stm32l4xx_hal.o
HAL_GetUIDw1                                      objdir-CW308_STM32L4/stm32l4xx_hal.o
HAL_GetUIDw2                                      objdir-CW308_STM32L4/stm32l4xx_hal.o
HAL_HalfDuplex_EnableReceiver                     objdir-CW308_STM32L4/stm32l4xx_hal_uart.o
HAL_HalfDuplex_EnableTransmitter                  objdir-CW308_STM32L4/stm32l4xx_hal_uart.o
HAL_HalfDuplex_Init                               objdir-CW308_STM32L4/stm32l4xx_hal_uart.o
HAL_IncTick                                       objdir-CW308_STM32L4/stm32l4xx_hal.o
                                                  objdir-CW308_STM32L4/stm32l4_hal.o
HAL_Init                                          objdir-CW308_STM32L4/stm32l4xx_hal.o
HAL_InitTick                                      objdir-CW308_STM32L4/stm32l4xx_hal.o
                                                  objdir-CW308_STM32L4/stm32l4xx_hal_rcc.o
HAL_LIN_Init                                      objdir-CW308_STM32L4/stm32l4xx_hal_uart.o
HAL_LIN_SendBreak                                 objdir-CW308_STM32L4/stm32l4xx_hal_uart.o
HAL_MPU_ConfigRegion                              objdir-CW308_STM32L4/stm32l4xx_hal_cortex.o
HAL_MPU_Disable                                   objdir-CW308_STM32L4/stm32l4xx_hal_cortex.o
HAL_MPU_Enable                                    objdir-CW308_STM32L4/stm32l4xx_hal_cortex.o
HAL_MspDeInit                                     objdir-CW308_STM32L4/stm32l4xx_hal.o
HAL_MspInit                                       objdir-CW308_STM32L4/stm32l4xx_hal.o
HAL_MultiProcessor_DisableMuteMode                objdir-CW308_STM32L4/stm32l4xx_hal_uart.o
HAL_MultiProcessor_EnableMuteMode                 objdir-CW308_STM32L4/stm32l4xx_hal_uart.o
HAL_MultiProcessor_EnterMuteMode                  objdir-CW308_STM32L4/stm32l4xx_hal_uart.o
HAL_MultiProcessor_Init                           objdir-CW308_STM32L4/stm32l4xx_hal_uart.o
HAL_NVIC_ClearPendingIRQ                          objdir-CW308_STM32L4/stm32l4xx_hal_cortex.o
HAL_NVIC_DisableIRQ                               objdir-CW308_STM32L4/stm32l4xx_hal_cortex.o
HAL_NVIC_EnableIRQ                                objdir-CW308_STM32L4/stm32l4xx_hal_cortex.o
HAL_NVIC_GetActive                                objdir-CW308_STM32L4/stm32l4xx_hal_cortex.o
HAL_NVIC_GetPendingIRQ                            objdir-CW308_STM32L4/stm32l4xx_hal_cortex.o
HAL_NVIC_GetPriority                              objdir-CW308_STM32L4/stm32l4xx_hal_cortex.o
HAL_NVIC_GetPriorityGrouping                      objdir-CW308_STM32L4/stm32l4xx_hal_cortex.o
HAL_NVIC_SetPendingIRQ                            objdir-CW308_STM32L4/stm32l4xx_hal_cortex.o
HAL_NVIC_SetPriority                              objdir-CW308_STM32L4/stm32l4xx_hal_cortex.o
                                                  objdir-CW308_STM32L4/stm32l4xx_hal.o
HAL_NVIC_SetPriorityGrouping                      objdir-CW308_STM32L4/stm32l4xx_hal_cortex.o
                                                  objdir-CW308_STM32L4/stm32l4xx_hal.o
HAL_NVIC_SystemReset                              objdir-CW308_STM32L4/stm32l4xx_hal_cortex.o
HAL_PWREx_ConfigPVM                               objdir-CW308_STM32L4/stm32l4xx_hal_pwr_ex.o
HAL_PWREx_ControlVoltageScaling                   objdir-CW308_STM32L4/stm32l4xx_hal_pwr_ex.o
HAL_PWREx_DisableBatteryCharging                  objdir-CW308_STM32L4/stm32l4xx_hal_pwr_ex.o
HAL_PWREx_DisableGPIOPullDown                     objdir-CW308_STM32L4/stm32l4xx_hal_pwr_ex.o
HAL_PWREx_DisableGPIOPullUp                       objdir-CW308_STM32L4/stm32l4xx_hal_pwr_ex.o
HAL_PWREx_DisableInternalWakeUpLine               objdir-CW308_STM32L4/stm32l4xx_hal_pwr_ex.o
HAL_PWREx_DisableLowPowerRunMode                  objdir-CW308_STM32L4/stm32l4xx_hal_pwr_ex.o
                                                  objdir-CW308_STM32L4/stm32l4xx_hal_pwr.o
HAL_PWREx_DisablePVM1                             objdir-CW308_STM32L4/stm32l4xx_hal_pwr_ex.o
HAL_PWREx_DisablePVM3                             objdir-CW308_STM32L4/stm32l4xx_hal_pwr_ex.o
HAL_PWREx_DisablePVM4                             objdir-CW308_STM32L4/stm32l4xx_hal_pwr_ex.o
HAL_PWREx_DisablePullUpPullDownConfig             objdir-CW308_STM32L4/stm32l4xx_hal_pwr_ex.o
HAL_PWREx_DisableSRAM2ContentRetention            objdir-CW308_STM32L4/stm32l4xx_hal_pwr_ex.o
HAL_PWREx_DisableVddUSB                           objdir-CW308_STM32L4/stm32l4xx_hal_pwr_ex.o
HAL_PWREx_EnableBatteryCharging                   objdir-CW308_STM32L4/stm32l4xx_hal_pwr_ex.o
HAL_PWREx_EnableGPIOPullDown                      objdir-CW308_STM32L4/stm32l4xx_hal_pwr_ex.o
HAL_PWREx_EnableGPIOPullUp                        objdir-CW308_STM32L4/stm32l4xx_hal_pwr_ex.o
HAL_PWREx_EnableInternalWakeUpLine                objdir-CW308_STM32L4/stm32l4xx_hal_pwr_ex.o
HAL_PWREx_EnableLowPowerRunMode                   objdir-CW308_STM32L4/stm32l4xx_hal_pwr_ex.o
                                                  objdir-CW308_STM32L4/stm32l4xx_hal_pwr.o
HAL_PWREx_EnablePVM1                              objdir-CW308_STM32L4/stm32l4xx_hal_pwr_ex.o
HAL_PWREx_EnablePVM3                              objdir-CW308_STM32L4/stm32l4xx_hal_pwr_ex.o
HAL_PWREx_EnablePVM4                              objdir-CW308_STM32L4/stm32l4xx_hal_pwr_ex.o
HAL_PWREx_EnablePullUpPullDownConfig              objdir-CW308_STM32L4/stm32l4xx_hal_pwr_ex.o
HAL_PWREx_EnableSRAM2ContentRetention             objdir-CW308_STM32L4/stm32l4xx_hal_pwr_ex.o
HAL_PWREx_EnableVddUSB                            objdir-CW308_STM32L4/stm32l4xx_hal_pwr_ex.o
HAL_PWREx_EnterSHUTDOWNMode                       objdir-CW308_STM32L4/stm32l4xx_hal_pwr_ex.o
HAL_PWREx_EnterSTOP0Mode                          objdir-CW308_STM32L4/stm32l4xx_hal_pwr_ex.o
                                                  objdir-CW308_STM32L4/stm32l4xx_hal_pwr.o
HAL_PWREx_EnterSTOP1Mode                          objdir-CW308_STM32L4/stm32l4xx_hal_pwr_ex.o
                                                  objdir-CW308_STM32L4/stm32l4xx_hal_pwr.o
HAL_PWREx_EnterSTOP2Mode                          objdir-CW308_STM32L4/stm32l4xx_hal_pwr_ex.o
HAL_PWREx_GetVoltageRange                         objdir-CW308_STM32L4/stm32l4xx_hal_pwr_ex.o
                                                  objdir-CW308_STM32L4/stm32l4xx_hal_rcc.o
HAL_PWREx_PVD_PVM_IRQHandler                      objdir-CW308_STM32L4/stm32l4xx_hal_pwr_ex.o
HAL_PWREx_PVM1Callback                            objdir-CW308_STM32L4/stm32l4xx_hal_pwr_ex.o
HAL_PWREx_PVM3Callback                            objdir-CW308_STM32L4/stm32l4xx_hal_pwr_ex.o
HAL_PWREx_PVM4Callback                            objdir-CW308_STM32L4/stm32l4xx_hal_pwr_ex.o
HAL_PWR_ConfigPVD                                 objdir-CW308_STM32L4/stm32l4xx_hal_pwr.o
HAL_PWR_DeInit                                    objdir-CW308_STM32L4/stm32l4xx_hal_pwr.o
HAL_PWR_DisableBkUpAccess                         objdir-CW308_STM32L4/stm32l4xx_hal_pwr.o
                                                  objdir-CW308_STM32L4/stm32l4xx_hal_rcc_ex.o
HAL_PWR_DisablePVD                                objdir-CW308_STM32L4/stm32l4xx_hal_pwr.o
HAL_PWR_DisableSEVOnPend                          objdir-CW308_STM32L4/stm32l4xx_hal_pwr.o
HAL_PWR_DisableSleepOnExit                        objdir-CW308_STM32L4/stm32l4xx_hal_pwr.o
HAL_PWR_DisableWakeUpPin                          objdir-CW308_STM32L4/stm32l4xx_hal_pwr.o
HAL_PWR_EnableBkUpAccess                          objdir-CW308_STM32L4/stm32l4xx_hal_pwr.o
                                                  objdir-CW308_STM32L4/stm32l4xx_hal_rcc_ex.o
HAL_PWR_EnablePVD                                 objdir-CW308_STM32L4/stm32l4xx_hal_pwr.o
HAL_PWR_EnableSEVOnPend                           objdir-CW308_STM32L4/stm32l4xx_hal_pwr.o
HAL_PWR_EnableSleepOnExit                         objdir-CW308_STM32L4/stm32l4xx_hal_pwr.o
HAL_PWR_EnableWakeUpPin                           objdir-CW308_STM32L4/stm32l4xx_hal_pwr.o
HAL_PWR_EnterSLEEPMode                            objdir-CW308_STM32L4/stm32l4xx_hal_pwr.o
HAL_PWR_EnterSTANDBYMode                          objdir-CW308_STM32L4/stm32l4xx_hal_pwr.o
HAL_PWR_EnterSTOPMode                             objdir-CW308_STM32L4/stm32l4xx_hal_pwr.o
HAL_PWR_PVDCallback                               objdir-CW308_STM32L4/stm32l4xx_hal_pwr.o
                                                  objdir-CW308_STM32L4/stm32l4xx_hal_pwr_ex.o
HAL_RCCEx_CRSConfig                               objdir-CW308_STM32L4/stm32l4xx_hal_rcc_ex.o
HAL_RCCEx_CRSGetSynchronizationInfo               objdir-CW308_STM32L4/stm32l4xx_hal_rcc_ex.o
HAL_RCCEx_CRSSoftwareSynchronizationGenerate      objdir-CW308_STM32L4/stm32l4xx_hal_rcc_ex.o
HAL_RCCEx_CRSWaitSynchronization                  objdir-CW308_STM32L4/stm32l4xx_hal_rcc_ex.o
HAL_RCCEx_CRS_ErrorCallback                       objdir-CW308_STM32L4/stm32l4xx_hal_rcc_ex.o
HAL_RCCEx_CRS_ExpectedSyncCallback                objdir-CW308_STM32L4/stm32l4xx_hal_rcc_ex.o
HAL_RCCEx_CRS_IRQHandler                          objdir-CW308_STM32L4/stm32l4xx_hal_rcc_ex.o
HAL_RCCEx_CRS_SyncOkCallback                      objdir-CW308_STM32L4/stm32l4xx_hal_rcc_ex.o
HAL_RCCEx_CRS_SyncWarnCallback                    objdir-CW308_STM32L4/stm32l4xx_hal_rcc_ex.o
HAL_RCCEx_DisableLSCO                             objdir-CW308_STM32L4/stm32l4xx_hal_rcc_ex.o
HAL_RCCEx_DisableLSECSS                           objdir-CW308_STM32L4/stm32l4xx_hal_rcc_ex.o
HAL_RCCEx_DisableMSIPLLMode                       objdir-CW308_STM32L4/stm32l4xx_hal_rcc_ex.o
HAL_RCCEx_DisablePLLSAI1                          objdir-CW308_STM32L4/stm32l4xx_hal_rcc_ex.o
HAL_RCCEx_EnableLSCO                              objdir-CW308_STM32L4/stm32l4xx_hal_rcc_ex.o
HAL_RCCEx_EnableLSECSS                            objdir-CW308_STM32L4/stm32l4xx_hal_rcc_ex.o
HAL_RCCEx_EnableLSECSS_IT                         objdir-CW308_STM32L4/stm32l4xx_hal_rcc_ex.o
HAL_RCCEx_EnableMSIPLLMode                        objdir-CW308_STM32L4/stm32l4xx_hal_rcc_ex.o
HAL_RCCEx_EnablePLLSAI1                           objdir-CW308_STM32L4/stm32l4xx_hal_rcc_ex.o
HAL_RCCEx_GetPeriphCLKConfig                      objdir-CW308_STM32L4/stm32l4xx_hal_rcc_ex.o
HAL_RCCEx_GetPeriphCLKFreq                        objdir-CW308_STM32L4/stm32l4xx_hal_rcc_ex.o
HAL_RCCEx_LSECSS_Callback                         objdir-CW308_STM32L4/stm32l4xx_hal_rcc_ex.o
HAL_RCCEx_LSECSS_IRQHandler                       objdir-CW308_STM32L4/stm32l4xx_hal_rcc_ex.o
HAL_RCCEx_PeriphCLKConfig                         objdir-CW308_STM32L4/stm32l4xx_hal_rcc_ex.o
HAL_RCCEx_StandbyMSIRangeConfig                   objdir-CW308_STM32L4/stm32l4xx_hal_rcc_ex.o
HAL_RCCEx_WakeUpStopCLKConfig                     objdir-CW308_STM32L4/stm32l4xx_hal_rcc_ex.o
HAL_RCC_CSSCallback                               objdir-CW308_STM32L4/stm32l4xx_hal_rcc.o
HAL_RCC_ClockConfig                               objdir-CW308_STM32L4/stm32l4xx_hal_rcc.o
                                                  objdir-CW308_STM32L4/stm32l4_hal.o
HAL_RCC_DeInit                                    objdir-CW308_STM32L4/stm32l4xx_hal_rcc.o
HAL_RCC_EnableCSS                                 objdir-CW308_STM32L4/stm32l4xx_hal_rcc.o
HAL_RCC_GetClockConfig                            objdir-CW308_STM32L4/stm32l4xx_hal_rcc.o
HAL_RCC_GetHCLKFreq                               objdir-CW308_STM32L4/stm32l4xx_hal_rcc.o
HAL_RCC_GetOscConfig                              objdir-CW308_STM32L4/stm32l4xx_hal_rcc.o
HAL_RCC_GetPCLK1Freq                              objdir-CW308_STM32L4/stm32l4xx_hal_rcc.o
                                                  objdir-CW308_STM32L4/stm32l4xx_hal_uart.o
                                                  objdir-CW308_STM32L4/stm32l4xx_hal_rcc_ex.o
HAL_RCC_GetPCLK2Freq                              objdir-CW308_STM32L4/stm32l4xx_hal_rcc.o
                                                  objdir-CW308_STM32L4/stm32l4xx_hal_uart.o
                                                  objdir-CW308_STM32L4/stm32l4xx_hal_rcc_ex.o
HAL_RCC_GetSysClockFreq                           objdir-CW308_STM32L4/stm32l4xx_hal_rcc.o
                                                  objdir-CW308_STM32L4/stm32l4xx_hal_uart.o
                                                  objdir-CW308_STM32L4/stm32l4xx_hal_rcc_ex.o
HAL_RCC_MCOConfig                                 objdir-CW308_STM32L4/stm32l4xx_hal_rcc.o
HAL_RCC_NMI_IRQHandler                            objdir-CW308_STM32L4/stm32l4xx_hal_rcc.o
HAL_RCC_OscConfig                                 objdir-CW308_STM32L4/stm32l4xx_hal_rcc.o
                                                  objdir-CW308_STM32L4/stm32l4_hal.o
HAL_ResumeTick                                    objdir-CW308_STM32L4/stm32l4xx_hal.o
HAL_SYSCFG_DisableIOAnalogSwitchBooster           objdir-CW308_STM32L4/stm32l4xx_hal.o
HAL_SYSCFG_DisableMemorySwappingBank              objdir-CW308_STM32L4/stm32l4xx_hal.o
HAL_SYSCFG_DisableVREFBUF                         objdir-CW308_STM32L4/stm32l4xx_hal.o
HAL_SYSCFG_EnableIOAnalogSwitchBooster            objdir-CW308_STM32L4/stm32l4xx_hal.o
HAL_SYSCFG_EnableMemorySwappingBank               objdir-CW308_STM32L4/stm32l4xx_hal.o
HAL_SYSCFG_EnableVREFBUF                          objdir-CW308_STM32L4/stm32l4xx_hal.o
HAL_SYSCFG_SRAM2Erase                             objdir-CW308_STM32L4/stm32l4xx_hal.o
HAL_SYSCFG_VREFBUF_HighImpedanceConfig            objdir-CW308_STM32L4/stm32l4xx_hal.o
HAL_SYSCFG_VREFBUF_TrimmingConfig                 objdir-CW308_STM32L4/stm32l4xx_hal.o
HAL_SYSCFG_VREFBUF_VoltageScalingConfig           objdir-CW308_STM32L4/stm32l4xx_hal.o
HAL_SYSTICK_CLKSourceConfig                       objdir-CW308_STM32L4/stm32l4xx_hal_cortex.o
HAL_SYSTICK_Callback                              objdir-CW308_STM32L4/stm32l4xx_hal_cortex.o
HAL_SYSTICK_Config                                objdir-CW308_STM32L4/stm32l4xx_hal_cortex.o
                                                  objdir-CW308_STM32L4/stm32l4xx_hal.o
HAL_SYSTICK_IRQHandler                            objdir-CW308_STM32L4/stm32l4xx_hal_cortex.o
HAL_SuspendTick                                   objdir-CW308_STM32L4/stm32l4xx_hal.o
HAL_UARTEx_WakeupCallback                         objdir-CW308_STM32L4/stm32l4xx_hal_uart.o
HAL_UART_Abort                                    objdir-CW308_STM32L4/stm32l4xx_hal_uart.o
HAL_UART_AbortCpltCallback                        objdir-CW308_STM32L4/stm32l4xx_hal_uart.o
HAL_UART_AbortReceive                             objdir-CW308_STM32L4/stm32l4xx_hal_uart.o
HAL_UART_AbortReceiveCpltCallback                 objdir-CW308_STM32L4/stm32l4xx_hal_uart.o
HAL_UART_AbortReceive_IT                          objdir-CW308_STM32L4/stm32l4xx_hal_uart.o
HAL_UART_AbortTransmit                            objdir-CW308_STM32L4/stm32l4xx_hal_uart.o
HAL_UART_AbortTransmitCpltCallback                objdir-CW308_STM32L4/stm32l4xx_hal_uart.o
HAL_UART_AbortTransmit_IT                         objdir-CW308_STM32L4/stm32l4xx_hal_uart.o
HAL_UART_Abort_IT                                 objdir-CW308_STM32L4/stm32l4xx_hal_uart.o
HAL_UART_DMAPause                                 objdir-CW308_STM32L4/stm32l4xx_hal_uart.o
HAL_UART_DMAResume                                objdir-CW308_STM32L4/stm32l4xx_hal_uart.o
HAL_UART_DMAStop                                  objdir-CW308_STM32L4/stm32l4xx_hal_uart.o
HAL_UART_DeInit                                   objdir-CW308_STM32L4/stm32l4xx_hal_uart.o
HAL_UART_ErrorCallback                            objdir-CW308_STM32L4/stm32l4xx_hal_uart.o
HAL_UART_GetError                                 objdir-CW308_STM32L4/stm32l4xx_hal_uart.o
HAL_UART_GetState                                 objdir-CW308_STM32L4/stm32l4xx_hal_uart.o
HAL_UART_IRQHandler                               objdir-CW308_STM32L4/stm32l4xx_hal_uart.o
HAL_UART_Init                                     objdir-CW308_STM32L4/stm32l4xx_hal_uart.o
                                                  objdir-CW308_STM32L4/stm32l4_hal.o
HAL_UART_MspDeInit                                objdir-CW308_STM32L4/stm32l4xx_hal_uart.o
HAL_UART_MspInit                                  objdir-CW308_STM32L4/stm32l4xx_hal_uart.o
HAL_UART_Receive                                  objdir-CW308_STM32L4/stm32l4xx_hal_uart.o
                                                  objdir-CW308_STM32L4/stm32l4_hal.o
HAL_UART_Receive_DMA                              objdir-CW308_STM32L4/stm32l4xx_hal_uart.o
HAL_UART_Receive_IT                               objdir-CW308_STM32L4/stm32l4xx_hal_uart.o
HAL_UART_RxCpltCallback                           objdir-CW308_STM32L4/stm32l4xx_hal_uart.o
HAL_UART_RxHalfCpltCallback                       objdir-CW308_STM32L4/stm32l4xx_hal_uart.o
HAL_UART_Transmit                                 objdir-CW308_STM32L4/stm32l4xx_hal_uart.o
                                                  objdir-CW308_STM32L4/stm32l4_hal.o
HAL_UART_Transmit_DMA                             objdir-CW308_STM32L4/stm32l4xx_hal_uart.o
HAL_UART_Transmit_IT                              objdir-CW308_STM32L4/stm32l4xx_hal_uart.o
HAL_UART_TxCpltCallback                           objdir-CW308_STM32L4/stm32l4xx_hal_uart.o
HAL_UART_TxHalfCpltCallback                       objdir-CW308_STM32L4/stm32l4xx_hal_uart.o
HW_AES128_Dec                                     objdir-CW308_STM32L4/stm32l4_hal.o
HW_AES128_Enc                                     objdir-CW308_STM32L4/stm32l4_hal.o
HW_AES128_Enc_posttrigger                         objdir-CW308_STM32L4/stm32l4_hal.o
HW_AES128_Enc_pretrigger                          objdir-CW308_STM32L4/stm32l4_hal.o
HW_AES128_Init                                    objdir-CW308_STM32L4/stm32l4_hal.o
HW_AES128_LoadKey                                 objdir-CW308_STM32L4/stm32l4_hal.o
HardFault_Handler                                 objdir-CW308_STM32L4/startup_stm32l443xx.o
I2C1_ER_IRQHandler                                objdir-CW308_STM32L4/startup_stm32l443xx.o
I2C1_EV_IRQHandler                                objdir-CW308_STM32L4/startup_stm32l443xx.o
I2C2_ER_IRQHandler                                objdir-CW308_STM32L4/startup_stm32l443xx.o
I2C2_EV_IRQHandler                                objdir-CW308_STM32L4/startup_stm32l443xx.o
I2C3_ER_IRQHandler                                objdir-CW308_STM32L4/startup_stm32l443xx.o
I2C3_EV_IRQHandler                                objdir-CW308_STM32L4/startup_stm32l443xx.o
LCD_IRQHandler                                    objdir-CW308_STM32L4/startup_stm32l443xx.o
LPTIM1_IRQHandler                                 objdir-CW308_STM32L4/startup_stm32l443xx.o
LPTIM2_IRQHandler                                 objdir-CW308_STM32L4/startup_stm32l443xx.o
LPUART1_IRQHandler                                objdir-CW308_STM32L4/startup_stm32l443xx.o
MSIRangeTable                                     objdir-CW308_STM32L4/stm32l4_hal.o
                                                  objdir-CW308_STM32L4/stm32l4xx_hal_rcc_ex.o
                                                  objdir-CW308_STM32L4/stm32l4xx_hal_rcc.o
MemManage_Handler                                 objdir-CW308_STM32L4/startup_stm32l443xx.o
NMI_Handler                                       objdir-CW308_STM32L4/startup_stm32l443xx.o
PVD_PVM_IRQHandler                                objdir-CW308_STM32L4/startup_stm32l443xx.o
PendSV_Handler                                    objdir-CW308_STM32L4/startup_stm32l443xx.o
QUADSPI_IRQHandler                                objdir-CW308_STM32L4/startup_stm32l443xx.o
RCC_IRQHandler                                    objdir-CW308_STM32L4/startup_stm32l443xx.o
RNG_IRQHandler                                    objdir-CW308_STM32L4/startup_stm32l443xx.o
RTC_Alarm_IRQHandler                              objdir-CW308_STM32L4/startup_stm32l443xx.o
RTC_WKUP_IRQHandler                               objdir-CW308_STM32L4/startup_stm32l443xx.o
Reset_Handler                                     objdir-CW308_STM32L4/startup_stm32l443xx.o
SAI1_IRQHandler                                   objdir-CW308_STM32L4/startup_stm32l443xx.o
SDMMC1_IRQHandler                                 objdir-CW308_STM32L4/startup_stm32l443xx.o
SPI1_IRQHandler                                   objdir-CW308_STM32L4/startup_stm32l443xx.o
SPI2_IRQHandler                                   objdir-CW308_STM32L4/startup_stm32l443xx.o
SPI3_IRQHandler                                   objdir-CW308_STM32L4/startup_stm32l443xx.o
SVC_Handler                                       objdir-CW308_STM32L4/startup_stm32l443xx.o
SWPMI1_IRQHandler                                 objdir-CW308_STM32L4/startup_stm32l443xx.o
SysTick_Handler                                   objdir-CW308_STM32L4/stm32l4_hal.o
SystemCoreClock                                   objdir-CW308_STM32L4/stm32l4_hal.o
                                                  objdir-CW308_STM32L4/stm32l4xx_hal_pwr_ex.o
                                                  objdir-CW308_STM32L4/stm32l4xx_hal_rcc.o
                                                  objdir-CW308_STM32L4/stm32l4xx_hal.o
SystemCoreClockUpdate                             objdir-CW308_STM32L4/stm32l4_hal.o
SystemInit                                        objdir-CW308_STM32L4/stm32l4_hal.o
                                                  objdir-CW308_STM32L4/startup_stm32l443xx.o
TAMP_STAMP_IRQHandler                             objdir-CW308_STM32L4/startup_stm32l443xx.o
TIM1_BRK_TIM15_IRQHandler                         objdir-CW308_STM32L4/startup_stm32l443xx.o
TIM1_CC_IRQHandler                                objdir-CW308_STM32L4/startup_stm32l443xx.o
TIM1_TRG_COM_IRQHandler                           objdir-CW308_STM32L4/startup_stm32l443xx.o
TIM1_UP_TIM16_IRQHandler                          objdir-CW308_STM32L4/startup_stm32l443xx.o
TIM2_IRQHandler                                   objdir-CW308_STM32L4/startup_stm32l443xx.o
TIM6_DAC_IRQHandler                               objdir-CW308_STM32L4/startup_stm32l443xx.o
TIM7_IRQHandler                                   objdir-CW308_STM32L4/startup_stm32l443xx.o
TSC_IRQHandler                                    objdir-CW308_STM32L4/startup_stm32l443xx.o
UART_AdvFeatureConfig                             objdir-CW308_STM32L4/stm32l4xx_hal_uart.o
UART_CheckIdleState                               objdir-CW308_STM32L4/stm32l4xx_hal_uart.o
UART_SetConfig                                    objdir-CW308_STM32L4/stm32l4xx_hal_uart.o
UART_WaitOnFlagForever                            objdir-CW308_STM32L4/stm32l4xx_hal_uart.o
UART_WaitOnFlagUntilTimeout                       objdir-CW308_STM32L4/stm32l4xx_hal_uart.o
USART1_IRQHandler                                 objdir-CW308_STM32L4/startup_stm32l443xx.o
USART2_IRQHandler                                 objdir-CW308_STM32L4/startup_stm32l443xx.o
USART3_IRQHandler                                 objdir-CW308_STM32L4/startup_stm32l443xx.o
USB_IRQHandler                                    objdir-CW308_STM32L4/startup_stm32l443xx.o
UartHandle                                        objdir-CW308_STM32L4/stm32l4_hal.o
UsageFault_Handler                                objdir-CW308_STM32L4/startup_stm32l443xx.o
WWDG_IRQHandler                                   objdir-CW308_STM32L4/startup_stm32l443xx.o
_ITM_deregisterTMCloneTable                       /usr/lib/gcc/arm-none-eabi/9.2.1/thumb/v7e-m/nofp/crtbegin.o
_ITM_registerTMCloneTable                         /usr/lib/gcc/arm-none-eabi/9.2.1/thumb/v7e-m/nofp/crtbegin.o
__TMC_END__                                       /usr/lib/gcc/arm-none-eabi/9.2.1/thumb/v7e-m/nofp/crtend.o
                                                  /usr/lib/gcc/arm-none-eabi/9.2.1/thumb/v7e-m/nofp/crtbegin.o
__aeabi_idiv0                                     /usr/lib/gcc/arm-none-eabi/9.2.1/thumb/v7e-m/nofp/libgcc.a(_dvmd_tls.o)
__aeabi_ldiv0                                     /usr/lib/gcc/arm-none-eabi/9.2.1/thumb/v7e-m/nofp/libgcc.a(_dvmd_tls.o)
                                                  /usr/lib/gcc/arm-none-eabi/9.2.1/thumb/v7e-m/nofp/libgcc.a(_aeabi_uldivmod.o)
                                                  /usr/lib/gcc/arm-none-eabi/9.2.1/thumb/v7e-m/nofp/libgcc.a(_aeabi_ldivmod.o)
__aeabi_ldivmod                                   /usr/lib/gcc/arm-none-eabi/9.2.1/thumb/v7e-m/nofp/libgcc.a(_aeabi_ldivmod.o)
                                                  objdir-CW308_STM32L4/stm32l4xx_hal_uart.o
__aeabi_uldivmod                                  /usr/lib/gcc/arm-none-eabi/9.2.1/thumb/v7e-m/nofp/libgcc.a(_aeabi_uldivmod.o)
                                                  objdir-CW308_STM32L4/stm32l4xx_hal_uart.o
__atexit_dummy                                    /usr/lib/gcc/arm-none-eabi/9.2.1/../../../arm-none-eabi/lib/thumb/v7e-m/nofp/libg_nano.a(lib_a-__atexit.o)
__bss_end__                                       /usr/lib/gcc/arm-none-eabi/9.2.1/../../../arm-none-eabi/lib/thumb/v7e-m/nofp/crt0.o
__bss_start__                                     /usr/lib/gcc/arm-none-eabi/9.2.1/../../../arm-none-eabi/lib/thumb/v7e-m/nofp/crt0.o
__call_exitprocs                                  /usr/lib/gcc/arm-none-eabi/9.2.1/../../../arm-none-eabi/lib/thumb/v7e-m/nofp/libg_nano.a(lib_a-__call_atexit.o)
                                                  /usr/lib/gcc/arm-none-eabi/9.2.1/../../../arm-none-eabi/lib/thumb/v7e-m/nofp/libg_nano.a(lib_a-__atexit.o)
                                                  /usr/lib/gcc/arm-none-eabi/9.2.1/../../../arm-none-eabi/lib/thumb/v7e-m/nofp/libg_nano.a(lib_a-exit.o)
__deregister_frame_info                           /usr/lib/gcc/arm-none-eabi/9.2.1/thumb/v7e-m/nofp/crtbegin.o
__dso_handle                                      /usr/lib/gcc/arm-none-eabi/9.2.1/thumb/v7e-m/nofp/crtbegin.o
__fini_array_end                                  /usr/lib/gcc/arm-none-eabi/9.2.1/../../../arm-none-eabi/lib/thumb/v7e-m/nofp/libg_nano.a(lib_a-fini.o)
__fini_array_start                                /usr/lib/gcc/arm-none-eabi/9.2.1/../../../arm-none-eabi/lib/thumb/v7e-m/nofp/libg_nano.a(lib_a-fini.o)
__init_array_end                                  /usr/lib/gcc/arm-none-eabi/9.2.1/../../../arm-none-eabi/lib/thumb/v7e-m/nofp/libg_nano.a(lib_a-init.o)
__init_array_start                                /usr/lib/gcc/arm-none-eabi/9.2.1/../../../arm-none-eabi/lib/thumb/v7e-m/nofp/libg_nano.a(lib_a-init.o)
__libc_fini_array                                 /usr/lib/gcc/arm-none-eabi/9.2.1/../../../arm-none-eabi/lib/thumb/v7e-m/nofp/libg_nano.a(lib_a-fini.o)
                                                  /usr/lib/gcc/arm-none-eabi/9.2.1/../../../arm-none-eabi/lib/thumb/v7e-m/nofp/crt0.o
__libc_init_array                                 /usr/lib/gcc/arm-none-eabi/9.2.1/../../../arm-none-eabi/lib/thumb/v7e-m/nofp/libg_nano.a(lib_a-init.o)
                                                  objdir-CW308_STM32L4/startup_stm32l443xx.o
                                                  /usr/lib/gcc/arm-none-eabi/9.2.1/../../../arm-none-eabi/lib/thumb/v7e-m/nofp/crt0.o
__on_exit_args                                    /usr/lib/gcc/arm-none-eabi/9.2.1/../../../arm-none-eabi/lib/thumb/v7e-m/nofp/libg_nano.a(lib_a-__atexit.o)
__preinit_array_end                               /usr/lib/gcc/arm-none-eabi/9.2.1/../../../arm-none-eabi/lib/thumb/v7e-m/nofp/libg_nano.a(lib_a-init.o)
__preinit_array_start                             /usr/lib/gcc/arm-none-eabi/9.2.1/../../../arm-none-eabi/lib/thumb/v7e-m/nofp/libg_nano.a(lib_a-init.o)
__register_exitproc                               /usr/lib/gcc/arm-none-eabi/9.2.1/../../../arm-none-eabi/lib/thumb/v7e-m/nofp/libg_nano.a(lib_a-__atexit.o)
                                                  /usr/lib/gcc/arm-none-eabi/9.2.1/../../../arm-none-eabi/lib/thumb/v7e-m/nofp/libg_nano.a(lib_a-atexit.o)
__register_frame_info                             /usr/lib/gcc/arm-none-eabi/9.2.1/thumb/v7e-m/nofp/crtbegin.o
__sf_fake_stderr                                  /usr/lib/gcc/arm-none-eabi/9.2.1/../../../arm-none-eabi/lib/thumb/v7e-m/nofp/libg_nano.a(lib_a-impure.o)
__sf_fake_stdin                                   /usr/lib/gcc/arm-none-eabi/9.2.1/../../../arm-none-eabi/lib/thumb/v7e-m/nofp/libg_nano.a(lib_a-impure.o)
__sf_fake_stdout                                  /usr/lib/gcc/arm-none-eabi/9.2.1/../../../arm-none-eabi/lib/thumb/v7e-m/nofp/libg_nano.a(lib_a-impure.o)
__stack                                           /usr/lib/gcc/arm-none-eabi/9.2.1/../../../arm-none-eabi/lib/thumb/v7e-m/nofp/crt0.o
__udivmoddi4                                      /usr/lib/gcc/arm-none-eabi/9.2.1/thumb/v7e-m/nofp/libgcc.a(_udivmoddi4.o)
                                                  /usr/lib/gcc/arm-none-eabi/9.2.1/thumb/v7e-m/nofp/libgcc.a(_aeabi_uldivmod.o)
                                                  /usr/lib/gcc/arm-none-eabi/9.2.1/thumb/v7e-m/nofp/libgcc.a(_aeabi_ldivmod.o)
_ebss                                             objdir-CW308_STM32L4/startup_stm32l443xx.o
_edata                                            objdir-CW308_STM32L4/startup_stm32l443xx.o
_estack                                           objdir-CW308_STM32L4/startup_stm32l443xx.o
_exit                                             objdir-CW308_STM32L4/stm32l4_hal.o
                                                  /usr/lib/gcc/arm-none-eabi/9.2.1/../../../arm-none-eabi/lib/thumb/v7e-m/nofp/libg_nano.a(lib_a-exit.o)
_fini                                             /usr/lib/gcc/arm-none-eabi/9.2.1/thumb/v7e-m/nofp/crti.o
                                                  /usr/lib/gcc/arm-none-eabi/9.2.1/../../../arm-none-eabi/lib/thumb/v7e-m/nofp/libg_nano.a(lib_a-fini.o)
_global_atexit                                    /usr/lib/gcc/arm-none-eabi/9.2.1/../../../arm-none-eabi/lib/thumb/v7e-m/nofp/libg_nano.a(lib_a-__call_atexit.o)
                                                  /usr/lib/gcc/arm-none-eabi/9.2.1/../../../arm-none-eabi/lib/thumb/v7e-m/nofp/libg_nano.a(lib_a-__atexit.o)
_global_impure_ptr                                /usr/lib/gcc/arm-none-eabi/9.2.1/../../../arm-none-eabi/lib/thumb/v7e-m/nofp/libg_nano.a(lib_a-impure.o)
                                                  /usr/lib/gcc/arm-none-eabi/9.2.1/../../../arm-none-eabi/lib/thumb/v7e-m/nofp/libg_nano.a(lib_a-exit.o)
_impure_ptr                                       /usr/lib/gcc/arm-none-eabi/9.2.1/../../../arm-none-eabi/lib/thumb/v7e-m/nofp/libg_nano.a(lib_a-impure.o)
_init                                             /usr/lib/gcc/arm-none-eabi/9.2.1/thumb/v7e-m/nofp/crti.o
                                                  /usr/lib/gcc/arm-none-eabi/9.2.1/../../../arm-none-eabi/lib/thumb/v7e-m/nofp/libg_nano.a(lib_a-init.o)
_mainCRTStartup                                   /usr/lib/gcc/arm-none-eabi/9.2.1/../../../arm-none-eabi/lib/thumb/v7e-m/nofp/crt0.o
_sbss                                             objdir-CW308_STM32L4/startup_stm32l443xx.o
_sdata                                            objdir-CW308_STM32L4/startup_stm32l443xx.o
_sidata                                           objdir-CW308_STM32L4/startup_stm32l443xx.o
_stack_init                                       /usr/lib/gcc/arm-none-eabi/9.2.1/../../../arm-none-eabi/lib/thumb/v7e-m/nofp/crt0.o
_start                                            /usr/lib/gcc/arm-none-eabi/9.2.1/../../../arm-none-eabi/lib/thumb/v7e-m/nofp/crt0.o
aes_indep_enc                                     objdir-CW308_STM32L4/aes-independant.o
                                                  objdir-CW308_STM32L4/simpleserial-aes.o
aes_indep_enc_posttrigger                         objdir-CW308_STM32L4/aes-independant.o
                                                  objdir-CW308_STM32L4/simpleserial-aes.o
aes_indep_enc_pretrigger                          objdir-CW308_STM32L4/aes-independant.o
                                                  objdir-CW308_STM32L4/simpleserial-aes.o
aes_indep_init                                    objdir-CW308_STM32L4/aes-independant.o
                                                  objdir-CW308_STM32L4/simpleserial-aes.o
aes_indep_key                                     objdir-CW308_STM32L4/aes-independant.o
                                                  objdir-CW308_STM32L4/simpleserial-aes.o
aes_indep_mask                                    objdir-CW308_STM32L4/aes-independant.o
                                                  objdir-CW308_STM32L4/simpleserial-aes.o
atexit                                            /usr/lib/gcc/arm-none-eabi/9.2.1/../../../arm-none-eabi/lib/thumb/v7e-m/nofp/libg_nano.a(lib_a-atexit.o)
                                                  /usr/lib/gcc/arm-none-eabi/9.2.1/../../../arm-none-eabi/lib/thumb/v7e-m/nofp/crt0.o
check_version                                     objdir-CW308_STM32L4/simpleserial.o
ctx                                               objdir-CW308_STM32L4/aes-independant.o
enc_multi_getpt                                   objdir-CW308_STM32L4/simpleserial-aes.o
enc_multi_setnum                                  objdir-CW308_STM32L4/simpleserial-aes.o
exit                                              /usr/lib/gcc/arm-none-eabi/9.2.1/../../../arm-none-eabi/lib/thumb/v7e-m/nofp/libg_nano.a(lib_a-exit.o)
                                                  /usr/lib/gcc/arm-none-eabi/9.2.1/../../../arm-none-eabi/lib/thumb/v7e-m/nofp/crt0.o
g_pfnVectors                                      objdir-CW308_STM32L4/startup_stm32l443xx.o
get_key                                           objdir-CW308_STM32L4/simpleserial-aes.o
get_mask                                          objdir-CW308_STM32L4/simpleserial-aes.o
get_pt                                            objdir-CW308_STM32L4/simpleserial-aes.o
getch                                             objdir-CW308_STM32L4/stm32l4_hal.o
                                                  objdir-CW308_STM32L4/simpleserial.o
hardware_init_hook                                /usr/lib/gcc/arm-none-eabi/9.2.1/../../../arm-none-eabi/lib/thumb/v7e-m/nofp/crt0.o
hex_decode                                        objdir-CW308_STM32L4/simpleserial.o
hw_key                                            objdir-CW308_STM32L4/stm32l4_hal.o
init_uart                                         objdir-CW308_STM32L4/stm32l4_hal.o
                                                  objdir-CW308_STM32L4/simpleserial-aes.o
main                                              objdir-CW308_STM32L4/simpleserial-aes.o
                                                  objdir-CW308_STM32L4/startup_stm32l443xx.o
                                                  /usr/lib/gcc/arm-none-eabi/9.2.1/../../../arm-none-eabi/lib/thumb/v7e-m/nofp/crt0.o
malloc                                            /usr/lib/gcc/arm-none-eabi/9.2.1/../../../arm-none-eabi/lib/thumb/v7e-m/nofp/libg_nano.a(lib_a-__atexit.o)
mbedtls_aes_crypt_cbc                             objdir-CW308_STM32L4/aes.o
mbedtls_aes_crypt_cfb128                          objdir-CW308_STM32L4/aes.o
mbedtls_aes_crypt_cfb8                            objdir-CW308_STM32L4/aes.o
mbedtls_aes_crypt_ctr                             objdir-CW308_STM32L4/aes.o
mbedtls_aes_crypt_ecb                             objdir-CW308_STM32L4/aes.o
                                                  objdir-CW308_STM32L4/aes-independant.o
mbedtls_aes_free                                  objdir-CW308_STM32L4/aes.o
mbedtls_aes_init                                  objdir-CW308_STM32L4/aes.o
                                                  objdir-CW308_STM32L4/aes-independant.o
mbedtls_aes_setkey_dec                            objdir-CW308_STM32L4/aes.o
mbedtls_aes_setkey_enc                            objdir-CW308_STM32L4/aes.o
                                                  objdir-CW308_STM32L4/aes-independant.o
mbedtls_internal_aes_decrypt                      objdir-CW308_STM32L4/aes.o
mbedtls_internal_aes_encrypt                      objdir-CW308_STM32L4/aes.o
memset                                            /usr/lib/gcc/arm-none-eabi/9.2.1/../../../arm-none-eabi/lib/thumb/v7e-m/nofp/libg_nano.a(lib_a-memset.o)
                                                  objdir-CW308_STM32L4/aes.o
                                                  objdir-CW308_STM32L4/stm32l4xx_hal_cryp_ex.o
                                                  /usr/lib/gcc/arm-none-eabi/9.2.1/../../../arm-none-eabi/lib/thumb/v7e-m/nofp/crt0.o
platform_init                                     objdir-CW308_STM32L4/stm32l4_hal.o
                                                  objdir-CW308_STM32L4/simpleserial-aes.o
putch                                             objdir-CW308_STM32L4/stm32l4_hal.o
                                                  objdir-CW308_STM32L4/simpleserial.o
reset                                             objdir-CW308_STM32L4/simpleserial-aes.o
simpleserial_addcmd                               objdir-CW308_STM32L4/simpleserial.o
                                                  objdir-CW308_STM32L4/simpleserial-aes.o
simpleserial_addcmd_flags                         objdir-CW308_STM32L4/simpleserial.o
                                                  objdir-CW308_STM32L4/simpleserial-aes.o
simpleserial_get                                  objdir-CW308_STM32L4/simpleserial.o