Archive member included to satisfy reference by file (symbol)

/usr/lib/gcc/arm-none-eabi/9.2.1/../../../arm-none-eabi/lib/thumb/v7e-m/nofp/libg.a(lib_a-atexit.o)
                              /usr/lib/gcc/arm-none-eabi/9.2.1/../../../arm-none-eabi/lib/thumb/v7e-m/nofp/crt0.o (atexit)
/usr/lib/gcc/arm-none-eabi/9.2.1/../../../arm-none-eabi/lib/thumb/v7e-m/nofp/libg.a(lib_a-errno.o)
                              objdir-CW308_STM32F4/stm32f4_sysmem.o (__errno)
/usr/lib/gcc/arm-none-eabi/9.2.1/../../../arm-none-eabi/lib/thumb/v7e-m/nofp/libg.a(lib_a-exit.o)
                              /usr/lib/gcc/arm-none-eabi/9.2.1/../../../arm-none-eabi/lib/thumb/v7e-m/nofp/crt0.o (exit)
/usr/lib/gcc/arm-none-eabi/9.2.1/../../../arm-none-eabi/lib/thumb/v7e-m/nofp/libg.a(lib_a-fini.o)
                              /usr/lib/gcc/arm-none-eabi/9.2.1/../../../arm-none-eabi/lib/thumb/v7e-m/nofp/crt0.o (__libc_fini_array)
/usr/lib/gcc/arm-none-eabi/9.2.1/../../../arm-none-eabi/lib/thumb/v7e-m/nofp/libg.a(lib_a-impure.o)
                              /usr/lib/gcc/arm-none-eabi/9.2.1/../../../arm-none-eabi/lib/thumb/v7e-m/nofp/libg.a(lib_a-exit.o) (_global_impure_ptr)
/usr/lib/gcc/arm-none-eabi/9.2.1/../../../arm-none-eabi/lib/thumb/v7e-m/nofp/libg.a(lib_a-init.o)
                              /usr/lib/gcc/arm-none-eabi/9.2.1/../../../arm-none-eabi/lib/thumb/v7e-m/nofp/crt0.o (__libc_init_array)
/usr/lib/gcc/arm-none-eabi/9.2.1/../../../arm-none-eabi/lib/thumb/v7e-m/nofp/libg.a(lib_a-memset.o)
                              /usr/lib/gcc/arm-none-eabi/9.2.1/../../../arm-none-eabi/lib/thumb/v7e-m/nofp/crt0.o (memset)
/usr/lib/gcc/arm-none-eabi/9.2.1/../../../arm-none-eabi/lib/thumb/v7e-m/nofp/libg.a(lib_a-__atexit.o)
                              /usr/lib/gcc/arm-none-eabi/9.2.1/../../../arm-none-eabi/lib/thumb/v7e-m/nofp/libg.a(lib_a-atexit.o) (__register_exitproc)
/usr/lib/gcc/arm-none-eabi/9.2.1/../../../arm-none-eabi/lib/thumb/v7e-m/nofp/libg.a(lib_a-__call_atexit.o)
                              /usr/lib/gcc/arm-none-eabi/9.2.1/../../../arm-none-eabi/lib/thumb/v7e-m/nofp/libg.a(lib_a-exit.o) (__call_exitprocs)
/usr/lib/gcc/arm-none-eabi/9.2.1/../../../arm-none-eabi/lib/thumb/v7e-m/nofp/libnosys.a(_exit.o)
                              /usr/lib/gcc/arm-none-eabi/9.2.1/../../../arm-none-eabi/lib/thumb/v7e-m/nofp/libg.a(lib_a-exit.o) (_exit)

Allocating common symbols
Common symbol       size              file

RngHandle           0xc               objdir-CW308_STM32F4/stm32f4_hal.o
hw_key              0x10              objdir-CW308_STM32F4/stm32f4_hal.o
UartHandle          0x40              objdir-CW308_STM32F4/stm32f4_hal.o
ctx                 0x118             objdir-CW308_STM32F4/aes-independant.o

Discarded input sections

 .text          0x0000000000000000        0x0 /usr/lib/gcc/arm-none-eabi/9.2.1/thumb/v7e-m/nofp/crti.o
 .data          0x0000000000000000        0x0 /usr/lib/gcc/arm-none-eabi/9.2.1/thumb/v7e-m/nofp/crti.o
 .bss           0x0000000000000000        0x0 /usr/lib/gcc/arm-none-eabi/9.2.1/thumb/v7e-m/nofp/crti.o
 .data          0x0000000000000000        0x4 /usr/lib/gcc/arm-none-eabi/9.2.1/thumb/v7e-m/nofp/crtbegin.o
 .text          0x0000000000000000       0x70 /usr/lib/gcc/arm-none-eabi/9.2.1/../../../arm-none-eabi/lib/thumb/v7e-m/nofp/crt0.o
 .data          0x0000000000000000        0x0 /usr/lib/gcc/arm-none-eabi/9.2.1/../../../arm-none-eabi/lib/thumb/v7e-m/nofp/crt0.o
 .bss           0x0000000000000000        0x0 /usr/lib/gcc/arm-none-eabi/9.2.1/../../../arm-none-eabi/lib/thumb/v7e-m/nofp/crt0.o
 .ARM.extab     0x0000000000000000        0x0 /usr/lib/gcc/arm-none-eabi/9.2.1/../../../arm-none-eabi/lib/thumb/v7e-m/nofp/crt0.o
 .ARM.exidx     0x0000000000000000       0x10 /usr/lib/gcc/arm-none-eabi/9.2.1/../../../arm-none-eabi/lib/thumb/v7e-m/nofp/crt0.o
 .debug_line    0x0000000000000000       0x87 /usr/lib/gcc/arm-none-eabi/9.2.1/../../../arm-none-eabi/lib/thumb/v7e-m/nofp/crt0.o
 .debug_info    0x0000000000000000       0x26 /usr/lib/gcc/arm-none-eabi/9.2.1/../../../arm-none-eabi/lib/thumb/v7e-m/nofp/crt0.o
 .debug_abbrev  0x0000000000000000       0x14 /usr/lib/gcc/arm-none-eabi/9.2.1/../../../arm-none-eabi/lib/thumb/v7e-m/nofp/crt0.o
 .debug_aranges
                0x0000000000000000       0x20 /usr/lib/gcc/arm-none-eabi/9.2.1/../../../arm-none-eabi/lib/thumb/v7e-m/nofp/crt0.o
 .debug_str     0x0000000000000000       0x95 /usr/lib/gcc/arm-none-eabi/9.2.1/../../../arm-none-eabi/lib/thumb/v7e-m/nofp/crt0.o
 .ARM.attributes
                0x0000000000000000       0x1c /usr/lib/gcc/arm-none-eabi/9.2.1/../../../arm-none-eabi/lib/thumb/v7e-m/nofp/crt0.o
 .text          0x0000000000000000        0x0 objdir-CW308_STM32F4/simpleserial-aes.o
 .bss           0x0000000000000000        0x0 objdir-CW308_STM32F4/simpleserial-aes.o
 .text          0x0000000000000000        0x0 objdir-CW308_STM32F4/simpleserial.o
 .data          0x0000000000000000        0x0 objdir-CW308_STM32F4/simpleserial.o
 .text.ss_crc   0x0000000000000000       0x2a objdir-CW308_STM32F4/simpleserial.o
 .text          0x0000000000000000        0x0 objdir-CW308_STM32F4/stm32f4_hal.o
 .data          0x0000000000000000        0x0 objdir-CW308_STM32F4/stm32f4_hal.o
 .bss           0x0000000000000000       0x40 objdir-CW308_STM32F4/stm32f4_hal.o
 .text.get_rand
                0x0000000000000000       0x20 objdir-CW308_STM32F4/stm32f4_hal.o
 .text.HW_AES128_LoadKey
                0x0000000000000000       0x18 objdir-CW308_STM32F4/stm32f4_hal.o
 .text.HW_AES128_Init
                0x0000000000000000       0x4c objdir-CW308_STM32F4/stm32f4_hal.o
 .text.HW_AES128_Enc_pretrigger
                0x0000000000000000        0xc objdir-CW308_STM32F4/stm32f4_hal.o
 .text.HW_AES128_Enc
                0x0000000000000000       0x20 objdir-CW308_STM32F4/stm32f4_hal.o
 .text.HW_AES128_Enc_posttrigger
                0x0000000000000000        0x2 objdir-CW308_STM32F4/stm32f4_hal.o
 .text.HW_AES128_Dec
                0x0000000000000000       0x28 objdir-CW308_STM32F4/stm32f4_hal.o
 .text          0x0000000000000000        0x0 objdir-CW308_STM32F4/stm32f4_hal_lowlevel.o
 .data          0x0000000000000000        0x0 objdir-CW308_STM32F4/stm32f4_hal_lowlevel.o
 .text.CRYP_SetKey
                0x0000000000000000       0x7e objdir-CW308_STM32F4/stm32f4_hal_lowlevel.o
 .text.CRYP_ProcessData
                0x0000000000000000       0x98 objdir-CW308_STM32F4/stm32f4_hal_lowlevel.o
 .text.RCC_AHB2PeriphClockCmd
                0x0000000000000000       0x18 objdir-CW308_STM32F4/stm32f4_hal_lowlevel.o
 .text.HAL_RCC_GetPCLK1Freq
                0x0000000000000000        0x8 objdir-CW308_STM32F4/stm32f4_hal_lowlevel.o
 .text.HAL_RCC_GetPCLK2Freq
                0x0000000000000000        0x8 objdir-CW308_STM32F4/stm32f4_hal_lowlevel.o
 .text.HAL_CRYP_Init
                0x0000000000000000       0x3c objdir-CW308_STM32F4/stm32f4_hal_lowlevel.o
 .text.HAL_CRYP_DeInit
                0x0000000000000000       0x2a objdir-CW308_STM32F4/stm32f4_hal_lowlevel.o
 .text.HAL_CRYP_AESECB_Encrypt
                0x0000000000000000       0x7a objdir-CW308_STM32F4/stm32f4_hal_lowlevel.o
 .text.HAL_CRYP_AESECB_Decrypt
                0x0000000000000000       0xd4 objdir-CW308_STM32F4/stm32f4_hal_lowlevel.o
 .text          0x0000000000000000        0x0 objdir-CW308_STM32F4/stm32f4_sysmem.o
 .data          0x0000000000000000        0x0 objdir-CW308_STM32F4/stm32f4_sysmem.o
 .bss           0x0000000000000000        0x4 objdir-CW308_STM32F4/stm32f4_sysmem.o
 .text._sbrk    0x0000000000000000       0x34 objdir-CW308_STM32F4/stm32f4_sysmem.o
 .debug_info    0x0000000000000000      0xab3 objdir-CW308_STM32F4/stm32f4_sysmem.o
 .debug_abbrev  0x0000000000000000      0x237 objdir-CW308_STM32F4/stm32f4_sysmem.o
 .debug_loc     0x0000000000000000       0x74 objdir-CW308_STM32F4/stm32f4_sysmem.o
 .debug_aranges
                0x0000000000000000       0x20 objdir-CW308_STM32F4/stm32f4_sysmem.o
 .debug_ranges  0x0000000000000000       0x10 objdir-CW308_STM32F4/stm32f4_sysmem.o
 .debug_line    0x0000000000000000      0x12e objdir-CW308_STM32F4/stm32f4_sysmem.o
 .debug_str     0x0000000000000000      0x644 objdir-CW308_STM32F4/stm32f4_sysmem.o
 .comment       0x0000000000000000       0x5a objdir-CW308_STM32F4/stm32f4_sysmem.o
 .debug_frame   0x0000000000000000       0x28 objdir-CW308_STM32F4/stm32f4_sysmem.o
 .ARM.attributes
                0x0000000000000000       0x2e objdir-CW308_STM32F4/stm32f4_sysmem.o
 .text          0x0000000000000000        0x0 objdir-CW308_STM32F4/stm32f4xx_hal_rng.o
 .data          0x0000000000000000        0x0 objdir-CW308_STM32F4/stm32f4xx_hal_rng.o
 .bss           0x0000000000000000        0x0 objdir-CW308_STM32F4/stm32f4xx_hal_rng.o
 .text.HAL_RNG_MspDeInit
                0x0000000000000000        0x2 objdir-CW308_STM32F4/stm32f4xx_hal_rng.o
 .text.HAL_RNG_DeInit
                0x0000000000000000       0x28 objdir-CW308_STM32F4/stm32f4xx_hal_rng.o
 .text.HAL_RNG_GenerateRandomNumber
                0x0000000000000000       0x54 objdir-CW308_STM32F4/stm32f4xx_hal_rng.o
 .text.HAL_RNG_GenerateRandomNumber_IT
                0x0000000000000000       0x2e objdir-CW308_STM32F4/stm32f4xx_hal_rng.o
 .text.HAL_RNG_GetRandomNumber
                0x0000000000000000       0x16 objdir-CW308_STM32F4/stm32f4xx_hal_rng.o
 .text.HAL_RNG_GetRandomNumber_IT
                0x0000000000000000       0x22 objdir-CW308_STM32F4/stm32f4xx_hal_rng.o
 .text.HAL_RNG_ReadLastRandomNumber
                0x0000000000000000        0x4 objdir-CW308_STM32F4/stm32f4xx_hal_rng.o
 .text.HAL_RNG_ReadyDataCallback
                0x0000000000000000        0x2 objdir-CW308_STM32F4/stm32f4xx_hal_rng.o
 .text.HAL_RNG_ErrorCallback
                0x0000000000000000        0x2 objdir-CW308_STM32F4/stm32f4xx_hal_rng.o
 .text.HAL_RNG_IRQHandler
                0x0000000000000000       0x4a objdir-CW308_STM32F4/stm32f4xx_hal_rng.o
 .text.HAL_RNG_GetState
                0x0000000000000000        0x4 objdir-CW308_STM32F4/stm32f4xx_hal_rng.o
 .text          0x0000000000000000        0x0 objdir-CW308_STM32F4/aes-independant.o
 .data          0x0000000000000000        0x0 objdir-CW308_STM32F4/aes-independant.o
 .bss           0x0000000000000000        0x0 objdir-CW308_STM32F4/aes-independant.o
 .text          0x0000000000000000        0x0 objdir-CW308_STM32F4/aes.o
 .data          0x0000000000000000        0x0 objdir-CW308_STM32F4/aes.o
 .bss           0x0000000000000000        0x0 objdir-CW308_STM32F4/aes.o
 .text.mbedtls_aes_free
                0x0000000000000000       0x14 objdir-CW308_STM32F4/aes.o
 .text.mbedtls_aes_setkey_dec
                0x0000000000000000      0x114 objdir-CW308_STM32F4/aes.o
 .text.mbedtls_aes_crypt_cbc
                0x0000000000000000       0xce objdir-CW308_STM32F4/aes.o
 .text.mbedtls_aes_crypt_cfb128
                0x0000000000000000       0x6a objdir-CW308_STM32F4/aes.o
 .text.mbedtls_aes_crypt_cfb8
                0x0000000000000000       0x78 objdir-CW308_STM32F4/aes.o
 .text.mbedtls_aes_crypt_ctr
                0x0000000000000000       0x56 objdir-CW308_STM32F4/aes.o
 .text          0x0000000000000000       0x14 objdir-CW308_STM32F4/stm32f4_startup.o
 .data          0x0000000000000000        0x0 objdir-CW308_STM32F4/stm32f4_startup.o
 .bss           0x0000000000000000        0x0 objdir-CW308_STM32F4/stm32f4_startup.o
 .data          0x0000000000000000        0x0 /usr/lib/gcc/arm-none-eabi/9.2.1/../../../arm-none-eabi/lib/thumb/v7e-m/nofp/libg.a(lib_a-atexit.o)
 .bss           0x0000000000000000        0x0 /usr/lib/gcc/arm-none-eabi/9.2.1/../../../arm-none-eabi/lib/thumb/v7e-m/nofp/libg.a(lib_a-atexit.o)
 .text          0x0000000000000000        0xc /usr/lib/gcc/arm-none-eabi/9.2.1/../../../arm-none-eabi/lib/thumb/v7e-m/nofp/libg.a(lib_a-errno.o)
 .data          0x0000000000000000        0x0 /usr/lib/gcc/arm-none-eabi/9.2.1/../../../arm-none-eabi/lib/thumb/v7e-m/nofp/libg.a(lib_a-errno.o)
 .bss           0x0000000000000000        0x0 /usr/lib/gcc/arm-none-eabi/9.2.1/../../../arm-none-eabi/lib/thumb/v7e-m/nofp/libg.a(lib_a-errno.o)
 .debug_info    0x0000000000000000      0x953 /usr/lib/gcc/arm-none-eabi/9.2.1/../../../arm-none-eabi/lib/thumb/v7e-m/nofp/libg.a(lib_a-errno.o)
 .debug_abbrev  0x0000000000000000      0x1d6 /usr/lib/gcc/arm-none-eabi/9.2.1/../../../arm-none-eabi/lib/thumb/v7e-m/nofp/libg.a(lib_a-errno.o)
 .debug_aranges
                0x0000000000000000       0x20 /usr/lib/gcc/arm-none-eabi/9.2.1/../../../arm-none-eabi/lib/thumb/v7e-m/nofp/libg.a(lib_a-errno.o)
 .debug_line    0x0000000000000000      0x108 /usr/lib/gcc/arm-none-eabi/9.2.1/../../../arm-none-eabi/lib/thumb/v7e-m/nofp/libg.a(lib_a-errno.o)
 .debug_str     0x0000000000000000      0x5ac /usr/lib/gcc/arm-none-eabi/9.2.1/../../../arm-none-eabi/lib/thumb/v7e-m/nofp/libg.a(lib_a-errno.o)
 .comment       0x0000000000000000       0x4f /usr/lib/gcc/arm-none-eabi/9.2.1/../../../arm-none-eabi/lib/thumb/v7e-m/nofp/libg.a(lib_a-errno.o)
 .debug_frame   0x0000000000000000       0x20 /usr/lib/gcc/arm-none-eabi/9.2.1/../../../arm-none-eabi/lib/thumb/v7e-m/nofp/libg.a(lib_a-errno.o)
 .ARM.attributes
                0x0000000000000000       0x2e /usr/lib/gcc/arm-none-eabi/9.2.1/../../../arm-none-eabi/lib/thumb/v7e-m/nofp/libg.a(lib_a-errno.o)
 .text          0x0000000000000000       0x20 /usr/lib/gcc/arm-none-eabi/9.2.1/../../../arm-none-eabi/lib/thumb/v7e-m/nofp/libg.a(lib_a-exit.o)
 .data          0x0000000000000000        0x0 /usr/lib/gcc/arm-none-eabi/9.2.1/../../../arm-none-eabi/lib/thumb/v7e-m/nofp/libg.a(lib_a-exit.o)
 .bss           0x0000000000000000        0x0 /usr/lib/gcc/arm-none-eabi/9.2.1/../../../arm-none-eabi/lib/thumb/v7e-m/nofp/libg.a(lib_a-exit.o)
 .debug_info    0x0000000000000000      0x9d0 /usr/lib/gcc/arm-none-eabi/9.2.1/../../../arm-none-eabi/lib/thumb/v7e-m/nofp/libg.a(lib_a-exit.o)
 .debug_abbrev  0x0000000000000000      0x21f /usr/lib/gcc/arm-none-eabi/9.2.1/../../../arm-none-eabi/lib/thumb/v7e-m/nofp/libg.a(lib_a-exit.o)
 .debug_loc     0x0000000000000000       0x22 /usr/lib/gcc/arm-none-eabi/9.2.1/../../../arm-none-eabi/lib/thumb/v7e-m/nofp/libg.a(lib_a-exit.o)
 .debug_aranges
                0x0000000000000000       0x20 /usr/lib/gcc/arm-none-eabi/9.2.1/../../../arm-none-eabi/lib/thumb/v7e-m/nofp/libg.a(lib_a-exit.o)
 .debug_line    0x0000000000000000      0x178 /usr/lib/gcc/arm-none-eabi/9.2.1/../../../arm-none-eabi/lib/thumb/v7e-m/nofp/libg.a(lib_a-exit.o)
 .debug_str     0x0000000000000000      0x5e6 /usr/lib/gcc/arm-none-eabi/9.2.1/../../../arm-none-eabi/lib/thumb/v7e-m/nofp/libg.a(lib_a-exit.o)
 .comment       0x0000000000000000       0x4f /usr/lib/gcc/arm-none-eabi/9.2.1/../../../arm-none-eabi/lib/thumb/v7e-m/nofp/libg.a(lib_a-exit.o)
 .debug_frame   0x0000000000000000       0x28 /usr/lib/gcc/arm-none-eabi/9.2.1/../../../arm-none-eabi/lib/thumb/v7e-m/nofp/libg.a(lib_a-exit.o)
 .ARM.attributes
                0x0000000000000000       0x2e /usr/lib/gcc/arm-none-eabi/9.2.1/../../../arm-none-eabi/lib/thumb/v7e-m/nofp/libg.a(lib_a-exit.o)
 .data          0x0000000000000000        0x0 /usr/lib/gcc/arm-none-eabi/9.2.1/../../../arm-none-eabi/lib/thumb/v7e-m/nofp/libg.a(lib_a-fini.o)
 .bss           0x0000000000000000        0x0 /usr/lib/gcc/arm-none-eabi/9.2.1/../../../arm-none-eabi/lib/thumb/v7e-m/nofp/libg.a(lib_a-fini.o)
 .text          0x0000000000000000        0x0 /usr/lib/gcc/arm-none-eabi/9.2.1/../../../arm-none-eabi/lib/thumb/v7e-m/nofp/libg.a(lib_a-impure.o)
 .bss           0x0000000000000000        0x0 /usr/lib/gcc/arm-none-eabi/9.2.1/../../../arm-none-eabi/lib/thumb/v7e-m/nofp/libg.a(lib_a-impure.o)
 .data          0x0000000000000000        0x0 /usr/lib/gcc/arm-none-eabi/9.2.1/../../../arm-none-eabi/lib/thumb/v7e-m/nofp/libg.a(lib_a-init.o)
 .bss           0x0000000000000000        0x0 /usr/lib/gcc/arm-none-eabi/9.2.1/../../../arm-none-eabi/lib/thumb/v7e-m/nofp/libg.a(lib_a-init.o)
 .data          0x0000000000000000        0x0 /usr/lib/gcc/arm-none-eabi/9.2.1/../../../arm-none-eabi/lib/thumb/v7e-m/nofp/libg.a(lib_a-memset.o)
 .bss           0x0000000000000000        0x0 /usr/lib/gcc/arm-none-eabi/9.2.1/../../../arm-none-eabi/lib/thumb/v7e-m/nofp/libg.a(lib_a-memset.o)
 .data          0x0000000000000000        0x0 /usr/lib/gcc/arm-none-eabi/9.2.1/../../../arm-none-eabi/lib/thumb/v7e-m/nofp/libg.a(lib_a-__atexit.o)
 .bss           0x0000000000000000        0x0 /usr/lib/gcc/arm-none-eabi/9.2.1/../../../arm-none-eabi/lib/thumb/v7e-m/nofp/libg.a(lib_a-__atexit.o)
 .text          0x0000000000000000       0x9c /usr/lib/gcc/arm-none-eabi/9.2.1/../../../arm-none-eabi/lib/thumb/v7e-m/nofp/libg.a(lib_a-__call_atexit.o)
 .data          0x0000000000000000        0x0 /usr/lib/gcc/arm-none-eabi/9.2.1/../../../arm-none-eabi/lib/thumb/v7e-m/nofp/libg.a(lib_a-__call_atexit.o)
 .bss           0x0000000000000000        0x0 /usr/lib/gcc/arm-none-eabi/9.2.1/../../../arm-none-eabi/lib/thumb/v7e-m/nofp/libg.a(lib_a-__call_atexit.o)
 .text          0x0000000000000000        0x4 /usr/lib/gcc/arm-none-eabi/9.2.1/../../../arm-none-eabi/lib/thumb/v7e-m/nofp/libnosys.a(_exit.o)
 .data          0x0000000000000000        0x0 /usr/lib/gcc/arm-none-eabi/9.2.1/../../../arm-none-eabi/lib/thumb/v7e-m/nofp/libnosys.a(_exit.o)
 .bss           0x0000000000000000        0x0 /usr/lib/gcc/arm-none-eabi/9.2.1/../../../arm-none-eabi/lib/thumb/v7e-m/nofp/libnosys.a(_exit.o)
 .debug_info    0x0000000000000000       0xa3 /usr/lib/gcc/arm-none-eabi/9.2.1/../../../arm-none-eabi/lib/thumb/v7e-m/nofp/libnosys.a(_exit.o)
 .debug_abbrev  0x0000000000000000       0x6a /usr/lib/gcc/arm-none-eabi/9.2.1/../../../arm-none-eabi/lib/thumb/v7e-m/nofp/libnosys.a(_exit.o)
 .debug_loc     0x0000000000000000       0x15 /usr/lib/gcc/arm-none-eabi/9.2.1/../../../arm-none-eabi/lib/thumb/v7e-m/nofp/libnosys.a(_exit.o)
 .debug_aranges
                0x0000000000000000       0x20 /usr/lib/gcc/arm-none-eabi/9.2.1/../../../arm-none-eabi/lib/thumb/v7e-m/nofp/libnosys.a(_exit.o)
 .debug_line    0x0000000000000000       0x6e /usr/lib/gcc/arm-none-eabi/9.2.1/../../../arm-none-eabi/lib/thumb/v7e-m/nofp/libnosys.a(_exit.o)
 .debug_str     0x0000000000000000      0x199 /usr/lib/gcc/arm-none-eabi/9.2.1/../../../arm-none-eabi/lib/thumb/v7e-m/nofp/libnosys.a(_exit.o)
 .comment       0x0000000000000000       0x4f /usr/lib/gcc/arm-none-eabi/9.2.1/../../../arm-none-eabi/lib/thumb/v7e-m/nofp/libnosys.a(_exit.o)
 .debug_frame   0x0000000000000000       0x20 /usr/lib/gcc/arm-none-eabi/9.2.1/../../../arm-none-eabi/lib/thumb/v7e-m/nofp/libnosys.a(_exit.o)
 .ARM.attributes
                0x0000000000000000       0x2e /usr/lib/gcc/arm-none-eabi/9.2.1/../../../arm-none-eabi/lib/thumb/v7e-m/nofp/libnosys.a(_exit.o)
 .text          0x0000000000000000        0x0 /usr/lib/gcc/arm-none-eabi/9.2.1/thumb/v7e-m/nofp/crtend.o
 .data          0x0000000000000000        0x0 /usr/lib/gcc/arm-none-eabi/9.2.1/thumb/v7e-m/nofp/crtend.o
 .bss           0x0000000000000000        0x0 /usr/lib/gcc/arm-none-eabi/9.2.1/thumb/v7e-m/nofp/crtend.o
 .eh_frame      0x0000000000000000        0x4 /usr/lib/gcc/arm-none-eabi/9.2.1/thumb/v7e-m/nofp/crtend.o
 .text          0x0000000000000000        0x0 /usr/lib/gcc/arm-none-eabi/9.2.1/thumb/v7e-m/nofp/crtn.o
 .data          0x0000000000000000        0x0 /usr/lib/gcc/arm-none-eabi/9.2.1/thumb/v7e-m/nofp/crtn.o
 .bss           0x0000000000000000        0x0 /usr/lib/gcc/arm-none-eabi/9.2.1/thumb/v7e-m/nofp/crtn.o

Memory Configuration

Name             Origin             Length             Attributes
RAM              0x0000000020000000 0x0000000000020000 xrw
ROM              0x0000000008000000 0x0000000000100000 xr
*default*        0x0000000000000000 0xffffffffffffffff

Linker script and memory map

LOAD /usr/lib/gcc/arm-none-eabi/9.2.1/thumb/v7e-m/nofp/crti.o
LOAD /usr/lib/gcc/arm-none-eabi/9.2.1/thumb/v7e-m/nofp/crtbegin.o
LOAD /usr/lib/gcc/arm-none-eabi/9.2.1/../../../arm-none-eabi/lib/thumb/v7e-m/nofp/crt0.o
LOAD objdir-CW308_STM32F4/simpleserial-aes.o
LOAD objdir-CW308_STM32F4/simpleserial.o
LOAD objdir-CW308_STM32F4/stm32f4_hal.o
LOAD objdir-CW308_STM32F4/stm32f4_hal_lowlevel.o
LOAD objdir-CW308_STM32F4/stm32f4_sysmem.o
LOAD objdir-CW308_STM32F4/stm32f4xx_hal_rng.o
LOAD objdir-CW308_STM32F4/aes-independant.o
LOAD objdir-CW308_STM32F4/aes.o
LOAD objdir-CW308_STM32F4/stm32f4_startup.o
LOAD /usr/lib/gcc/arm-none-eabi/9.2.1/../../../arm-none-eabi/lib/thumb/v7e-m/nofp/libm.a
LOAD /usr/lib/gcc/arm-none-eabi/9.2.1/../../../arm-none-eabi/lib/thumb/v7e-m/nofp/libm.a
START GROUP
LOAD /usr/lib/gcc/arm-none-eabi/9.2.1/thumb/v7e-m/nofp/libgcc.a
LOAD /usr/lib/gcc/arm-none-eabi/9.2.1/../../../arm-none-eabi/lib/thumb/v7e-m/nofp/libg.a
LOAD /usr/lib/gcc/arm-none-eabi/9.2.1/../../../arm-none-eabi/lib/thumb/v7e-m/nofp/libc.a
END GROUP
START GROUP
LOAD /usr/lib/gcc/arm-none-eabi/9.2.1/thumb/v7e-m/nofp/libgcc.a
LOAD /usr/lib/gcc/arm-none-eabi/9.2.1/../../../arm-none-eabi/lib/thumb/v7e-m/nofp/libc.a
LOAD /usr/lib/gcc/arm-none-eabi/9.2.1/../../../arm-none-eabi/lib/thumb/v7e-m/nofp/libnosys.a
END GROUP
LOAD /usr/lib/gcc/arm-none-eabi/9.2.1/thumb/v7e-m/nofp/crtend.o
LOAD /usr/lib/gcc/arm-none-eabi/9.2.1/thumb/v7e-m/nofp/crtn.o
                0x0000000020020000                _estack = 0x20020000
                0x0000000000000000                _Min_Heap_Size = 0x0
                0x0000000000000400                _Min_Stack_Size = 0x400

.isr_vector     0x0000000008000000      0x188
                0x0000000008000000                . = ALIGN (0x4)
 *(.isr_vector)
 .isr_vector    0x0000000008000000      0x188 objdir-CW308_STM32F4/stm32f4_startup.o
                0x0000000008000000                g_pfnVectors
                0x0000000008000188                . = ALIGN (0x4)

.text           0x0000000008000188     0x1918
                0x0000000008000188                . = ALIGN (0x4)
 *(.text)
 .text          0x0000000008000188       0x88 /usr/lib/gcc/arm-none-eabi/9.2.1/thumb/v7e-m/nofp/crtbegin.o
 .text          0x0000000008000210        0xc /usr/lib/gcc/arm-none-eabi/9.2.1/../../../arm-none-eabi/lib/thumb/v7e-m/nofp/libg.a(lib_a-atexit.o)
                0x0000000008000210                atexit
 .text          0x000000000800021c       0x34 /usr/lib/gcc/arm-none-eabi/9.2.1/../../../arm-none-eabi/lib/thumb/v7e-m/nofp/libg.a(lib_a-fini.o)
                0x000000000800021c                __libc_fini_array
 .text          0x0000000008000250       0x48 /usr/lib/gcc/arm-none-eabi/9.2.1/../../../arm-none-eabi/lib/thumb/v7e-m/nofp/libg.a(lib_a-init.o)
                0x0000000008000250                __libc_init_array
 .text          0x0000000008000298       0xa0 /usr/lib/gcc/arm-none-eabi/9.2.1/../../../arm-none-eabi/lib/thumb/v7e-m/nofp/libg.a(lib_a-memset.o)
                0x0000000008000298                memset
 .text          0x0000000008000338       0x68 /usr/lib/gcc/arm-none-eabi/9.2.1/../../../arm-none-eabi/lib/thumb/v7e-m/nofp/libg.a(lib_a-__atexit.o)
                0x0000000008000338                __register_exitproc
 *(.text*)
 .text.reset    0x00000000080003a0        0x4 objdir-CW308_STM32F4/simpleserial-aes.o
                0x00000000080003a0                reset
 .text.enc_multi_setnum
                0x00000000080003a4       0x14 objdir-CW308_STM32F4/simpleserial-aes.o
                0x00000000080003a4                enc_multi_setnum
 .text.get_mask
                0x00000000080003b8        0xa objdir-CW308_STM32F4/simpleserial-aes.o
                0x00000000080003b8                get_mask
 .text.get_key  0x00000000080003c2        0xa objdir-CW308_STM32F4/simpleserial-aes.o
                0x00000000080003c2                get_key
 .text.get_pt   0x00000000080003cc       0x2a objdir-CW308_STM32F4/simpleserial-aes.o
                0x00000000080003cc                get_pt
 *fill*         0x00000000080003f6        0x2 
 .text.enc_multi_getpt
                0x00000000080003f8       0x3c objdir-CW308_STM32F4/simpleserial-aes.o
                0x00000000080003f8                enc_multi_getpt
 .text.startup.main
                0x0000000008000434       0x98 objdir-CW308_STM32F4/simpleserial-aes.o
                0x0000000008000434                main
 .text.check_version
                0x00000000080004cc        0x4 objdir-CW308_STM32F4/simpleserial.o
                0x00000000080004cc                check_version
 .text.hex_decode
                0x00000000080004d0       0x76 objdir-CW308_STM32F4/simpleserial.o
                0x00000000080004d0                hex_decode
 *fill*         0x0000000008000546        0x2 
 .text.simpleserial_addcmd_flags
                0x0000000008000548       0x2c objdir-CW308_STM32F4/simpleserial.o
                0x0000000008000548                simpleserial_addcmd_flags
 .text.simpleserial_addcmd
                0x0000000008000574        0x6 objdir-CW308_STM32F4/simpleserial.o
                0x0000000008000574                simpleserial_addcmd
 *fill*         0x000000000800057a        0x2 
 .text.simpleserial_init
                0x000000000800057c       0x30 objdir-CW308_STM32F4/simpleserial.o
                0x000000000800057c                simpleserial_init
 .text.simpleserial_put
                0x00000000080005ac       0x40 objdir-CW308_STM32F4/simpleserial.o
                0x00000000080005ac                simpleserial_put
 .text.ss_num_commands
                0x00000000080005ec       0x24 objdir-CW308_STM32F4/simpleserial.o
                0x00000000080005ec                ss_num_commands
 .text.ss_get_commands
                0x0000000008000610       0x50 objdir-CW308_STM32F4/simpleserial.o
                0x0000000008000610                ss_get_commands
 .text.simpleserial_get
                0x0000000008000660       0xc4 objdir-CW308_STM32F4/simpleserial.o
                0x0000000008000660                simpleserial_get
 .text.platform_init
                0x0000000008000724       0x80 objdir-CW308_STM32F4/stm32f4_hal.o
                0x0000000008000724                platform_init
 .text.init_uart
                0x00000000080007a4       0x78 objdir-CW308_STM32F4/stm32f4_hal.o
                0x00000000080007a4                init_uart
 .text.trigger_setup
                0x000000000800081c       0x40 objdir-CW308_STM32F4/stm32f4_hal.o
                0x000000000800081c                trigger_setup
 .text.trigger_high
                0x000000000800085c       0x10 objdir-CW308_STM32F4/stm32f4_hal.o
                0x000000000800085c                trigger_high
 .text.trigger_low
                0x000000000800086c       0x10 objdir-CW308_STM32F4/stm32f4_hal.o
                0x000000000800086c                trigger_low
 .text.getch    0x000000000800087c       0x24 objdir-CW308_STM32F4/stm32f4_hal.o
                0x000000000800087c                getch
 .text.putch    0x00000000080008a0       0x20 objdir-CW308_STM32F4/stm32f4_hal.o
                0x00000000080008a0                putch
 .text.HAL_GetTick
                0x00000000080008c0       0x10 objdir-CW308_STM32F4/stm32f4_hal_lowlevel.o
                0x00000000080008c0                HAL_GetTick
 .text.HAL_RCC_OscConfig
                0x00000000080008d0      0x340 objdir-CW308_STM32F4/stm32f4_hal_lowlevel.o
                0x00000000080008d0                HAL_RCC_OscConfig
 .text.HAL_RCC_ClockConfig
                0x0000000008000c10      0x130 objdir-CW308_STM32F4/stm32f4_hal_lowlevel.o
                0x0000000008000c10                HAL_RCC_ClockConfig
 .text.HAL_GPIO_Init
                0x0000000008000d40      0x1d0 objdir-CW308_STM32F4/stm32f4_hal_lowlevel.o
                0x0000000008000d40                HAL_GPIO_Init
 .text.HAL_GPIO_WritePin
                0x0000000008000f10        0xa objdir-CW308_STM32F4/stm32f4_hal_lowlevel.o
                0x0000000008000f10                HAL_GPIO_WritePin
 *fill*         0x0000000008000f1a        0x2 
 .text.HAL_UART_Init
                0x0000000008000f1c       0xdc objdir-CW308_STM32F4/stm32f4_hal_lowlevel.o
                0x0000000008000f1c                HAL_UART_Init
 .text.HAL_UART_Transmit
                0x0000000008000ff8       0x8a objdir-CW308_STM32F4/stm32f4_hal_lowlevel.o
                0x0000000008000ff8                HAL_UART_Transmit
 .text.HAL_UART_Receive
                0x0000000008001082       0x98 objdir-CW308_STM32F4/stm32f4_hal_lowlevel.o
                0x0000000008001082                HAL_UART_Receive
 .text.HAL_RNG_MspInit
                0x000000000800111a        0x2 objdir-CW308_STM32F4/stm32f4xx_hal_rng.o
                0x000000000800111a                HAL_RNG_MspInit
 .text.HAL_RNG_Init
                0x000000000800111c       0x3a objdir-CW308_STM32F4/stm32f4xx_hal_rng.o
                0x000000000800111c                HAL_RNG_Init
 *fill*         0x0000000008001156        0x2 
 .text.aes_indep_init
                0x0000000008001158        0xc objdir-CW308_STM32F4/aes-independant.o
                0x0000000008001158                aes_indep_init
 .text.aes_indep_enc_pretrigger
                0x0000000008001164        0x2 objdir-CW308_STM32F4/aes-independant.o
                0x0000000008001164                aes_indep_enc_pretrigger
 .text.aes_indep_enc_posttrigger
                0x0000000008001166        0x2 objdir-CW308_STM32F4/aes-independant.o
                0x0000000008001166                aes_indep_enc_posttrigger
 .text.aes_indep_key
                0x0000000008001168       0x10 objdir-CW308_STM32F4/aes-independant.o
                0x0000000008001168                aes_indep_key
 .text.aes_indep_enc
                0x0000000008001178       0x10 objdir-CW308_STM32F4/aes-independant.o
                0x0000000008001178                aes_indep_enc
 .text.aes_indep_mask
                0x0000000008001188        0x2 objdir-CW308_STM32F4/aes-independant.o
                0x0000000008001188                aes_indep_mask
 .text.mbedtls_aes_init
                0x000000000800118a        0xa objdir-CW308_STM32F4/aes.o
                0x000000000800118a                mbedtls_aes_init
 .text.mbedtls_aes_setkey_enc
                0x0000000008001194      0x1e8 objdir-CW308_STM32F4/aes.o
                0x0000000008001194                mbedtls_aes_setkey_enc
 .text.mbedtls_internal_aes_encrypt
                0x000000000800137c      0x340 objdir-CW308_STM32F4/aes.o
                0x000000000800137c                mbedtls_internal_aes_encrypt
 .text.mbedtls_internal_aes_decrypt
                0x00000000080016bc      0x354 objdir-CW308_STM32F4/aes.o
                0x00000000080016bc                mbedtls_internal_aes_decrypt
 .text.mbedtls_aes_crypt_ecb
                0x0000000008001a10       0x18 objdir-CW308_STM32F4/aes.o
                0x0000000008001a10                mbedtls_aes_crypt_ecb
 .text.Reset_Handler
                0x0000000008001a28       0x48 objdir-CW308_STM32F4/stm32f4_startup.o
                0x0000000008001a28                Reset_Handler
 .text.Default_Handler
                0x0000000008001a70        0x2 objdir-CW308_STM32F4/stm32f4_startup.o
                0x0000000008001a70                DebugMon_Handler
                0x0000000008001a70                HardFault_Handler
                0x0000000008001a70                SysTick_Handler
                0x0000000008001a70                PendSV_Handler
                0x0000000008001a70                NMI_Handler
                0x0000000008001a70                UsageFault_Handler
                0x0000000008001a70                Default_Handler
                0x0000000008001a70                MemManage_Handler
                0x0000000008001a70                SVC_Handler
                0x0000000008001a70                BusFault_Handler
 *fill*         0x0000000008001a72        0x2 
 .text.startup  0x0000000008001a74       0x14 /usr/lib/gcc/arm-none-eabi/9.2.1/../../../arm-none-eabi/lib/thumb/v7e-m/nofp/libg.a(lib_a-__call_atexit.o)
 *(.glue_7)
 .glue_7        0x0000000008001a88        0x0 linker stubs
 *(.glue_7t)
 .glue_7t       0x0000000008001a88        0x0 linker stubs
 *(.eh_frame)
 .eh_frame      0x0000000008001a88        0x0 /usr/lib/gcc/arm-none-eabi/9.2.1/thumb/v7e-m/nofp/crtbegin.o
 *(.init)
 .init          0x0000000008001a88        0x4 /usr/lib/gcc/arm-none-eabi/9.2.1/thumb/v7e-m/nofp/crti.o
                0x0000000008001a88                _init
 .init          0x0000000008001a8c        0x8 /usr/lib/gcc/arm-none-eabi/9.2.1/thumb/v7e-m/nofp/crtn.o
 *(.fini)
 .fini          0x0000000008001a94        0x4 /usr/lib/gcc/arm-none-eabi/9.2.1/thumb/v7e-m/nofp/crti.o
                0x0000000008001a94                _fini
 .fini          0x0000000008001a98        0x8 /usr/lib/gcc/arm-none-eabi/9.2.1/thumb/v7e-m/nofp/crtn.o
                0x0000000008001aa0                . = ALIGN (0x4)
                0x0000000008001aa0                _etext = .

.vfp11_veneer   0x0000000008001aa0        0x0
 .vfp11_veneer  0x0000000008001aa0        0x0 linker stubs

.v4_bx          0x0000000008001aa0        0x0
 .v4_bx         0x0000000008001aa0        0x0 linker stubs

.iplt           0x0000000008001aa0        0x0
 .iplt          0x0000000008001aa0        0x0 /usr/lib/gcc/arm-none-eabi/9.2.1/thumb/v7e-m/nofp/crtbegin.o

.rodata         0x0000000008001aa0     0x2250
                0x0000000008001aa0                . = ALIGN (0x4)
 *(.rodata)
 .rodata        0x0000000008001aa0       0x10 objdir-CW308_STM32F4/simpleserial.o
 .rodata        0x0000000008001ab0     0x2228 objdir-CW308_STM32F4/aes.o
 .rodata        0x0000000008003cd8        0x4 /usr/lib/gcc/arm-none-eabi/9.2.1/../../../arm-none-eabi/lib/thumb/v7e-m/nofp/libg.a(lib_a-impure.o)
                0x0000000008003cd8                _global_impure_ptr
 *(.rodata*)
 .rodata.str1.1
                0x0000000008003cdc       0x11 objdir-CW308_STM32F4/simpleserial-aes.o
                0x0000000008003cf0                . = ALIGN (0x4)
 *fill*         0x0000000008003ced        0x3 

.rel.dyn        0x0000000008003cf0        0x0
 .rel.iplt      0x0000000008003cf0        0x0 /usr/lib/gcc/arm-none-eabi/9.2.1/thumb/v7e-m/nofp/crtbegin.o

.ARM.extab      0x0000000008003cf0        0x0
                0x0000000008003cf0                . = ALIGN (0x4)
 *(.ARM.extab* .gnu.linkonce.armextab.*)
                0x0000000008003cf0                . = ALIGN (0x4)

.ARM            0x0000000008003cf0        0x0
                0x0000000008003cf0                . = ALIGN (0x4)
                0x0000000008003cf0                __exidx_start = .
 *(.ARM.exidx*)
                0x0000000008003cf0                __exidx_end = .
                0x0000000008003cf0                . = ALIGN (0x4)

.preinit_array  0x0000000008003cf0        0x0
                0x0000000008003cf0                . = ALIGN (0x4)
                0x0000000008003cf0                PROVIDE (__preinit_array_start = .)
 *(.preinit_array*)
                0x0000000008003cf0                PROVIDE (__preinit_array_end = .)
                0x0000000008003cf0                . = ALIGN (0x4)

.init_array     0x0000000008003cf0        0x8
                0x0000000008003cf0                . = ALIGN (0x4)
                0x0000000008003cf0                PROVIDE (__init_array_start = .)
 *(SORT_BY_NAME(.init_array.*))
 .init_array.00000
                0x0000000008003cf0        0x4 /usr/lib/gcc/arm-none-eabi/9.2.1/../../../arm-none-eabi/lib/thumb/v7e-m/nofp/libg.a(lib_a-__call_atexit.o)
 *(.init_array*)
 .init_array    0x0000000008003cf4        0x4 /usr/lib/gcc/arm-none-eabi/9.2.1/thumb/v7e-m/nofp/crtbegin.o
                0x0000000008003cf8                PROVIDE (__init_array_end = .)
                0x0000000008003cf8                . = ALIGN (0x4)

.fini_array     0x0000000008003cf8        0x4
                0x0000000008003cf8                . = ALIGN (0x4)
                0x0000000008003cf8                PROVIDE (__fini_array_start = .)
 *(SORT_BY_NAME(.fini_array.*))
 *(.fini_array*)
 .fini_array    0x0000000008003cf8        0x4 /usr/lib/gcc/arm-none-eabi/9.2.1/thumb/v7e-m/nofp/crtbegin.o
                0x0000000008003cfc                PROVIDE (__fini_array_end = .)
                0x0000000008003cfc                . = ALIGN (0x4)
                0x0000000008003cfc                _sidata = LOADADDR (.data)

.data           0x0000000020000000      0x438 load address 0x0000000008003cfc
                0x0000000020000000                . = ALIGN (0x4)
                0x0000000020000000                _sdata = .
 *(.data)
 .data          0x0000000020000000        0x2 objdir-CW308_STM32F4/simpleserial-aes.o
 *fill*         0x0000000020000002        0x6 
 .data          0x0000000020000008      0x430 /usr/lib/gcc/arm-none-eabi/9.2.1/../../../arm-none-eabi/lib/thumb/v7e-m/nofp/libg.a(lib_a-impure.o)
                0x0000000020000008                _impure_ptr
 *(.data*)
                0x0000000020000438                . = ALIGN (0x4)
                0x0000000020000438                _edata = .

.tm_clone_table
                0x0000000020000438        0x0 load address 0x0000000008004134
 .tm_clone_table
                0x0000000020000438        0x0 /usr/lib/gcc/arm-none-eabi/9.2.1/thumb/v7e-m/nofp/crtbegin.o
 .tm_clone_table
                0x0000000020000438        0x0 /usr/lib/gcc/arm-none-eabi/9.2.1/thumb/v7e-m/nofp/crtend.o

.igot.plt       0x0000000020000438        0x0 load address 0x0000000008004134
 .igot.plt      0x0000000020000438        0x0 /usr/lib/gcc/arm-none-eabi/9.2.1/thumb/v7e-m/nofp/crtbegin.o
                0x0000000020000438                . = ALIGN (0x4)

.bss            0x0000000020000438      0x298 load address 0x0000000008004134
                0x0000000020000438                _sbss = .
                0x0000000020000438                __bss_start__ = _sbss
 *(.bss)
 .bss           0x0000000020000438       0x1c /usr/lib/gcc/arm-none-eabi/9.2.1/thumb/v7e-m/nofp/crtbegin.o
 .bss           0x0000000020000454      0x104 objdir-CW308_STM32F4/simpleserial.o
 .bss           0x0000000020000558        0x4 objdir-CW308_STM32F4/stm32f4_hal_lowlevel.o
 *(.bss*)
 *(COMMON)
 COMMON         0x000000002000055c       0x5c objdir-CW308_STM32F4/stm32f4_hal.o
                0x000000002000055c                RngHandle
                0x0000000020000568                hw_key
                0x0000000020000578                UartHandle
 COMMON         0x00000000200005b8      0x118 objdir-CW308_STM32F4/aes-independant.o
                0x00000000200005b8                ctx
                0x00000000200006d0                . = ALIGN (0x4)
                0x00000000200006d0                _ebss = .
                0x00000000200006d0                __bss_end__ = _ebss

._user_heap_stack
                0x00000000200006d0      0x400 load address 0x0000000008004134
                0x00000000200006d0                . = ALIGN (0x8)
                0x00000000200006d0                PROVIDE (end = .)
                [!provide]                        PROVIDE (_end = .)
                0x00000000200006d0                . = (. + _Min_Heap_Size)
                0x0000000020000ad0                . = (. + _Min_Stack_Size)
 *fill*         0x00000000200006d0      0x400 
                0x0000000020000ad0                . = ALIGN (0x8)

/DISCARD/
 libc.a(*)
 libm.a(*)
 libgcc.a(*)

.ARM.attributes
                0x0000000000000000       0x2a
 *(.ARM.attributes)
 .ARM.attributes
                0x0000000000000000       0x1e /usr/lib/gcc/arm-none-eabi/9.2.1/thumb/v7e-m/nofp/crti.o
 .ARM.attributes
                0x000000000000001e       0x2e /usr/lib/gcc/arm-none-eabi/9.2.1/thumb/v7e-m/nofp/crtbegin.o
 .ARM.attributes
                0x000000000000004c       0x2e objdir-CW308_STM32F4/simpleserial-aes.o
 .ARM.attributes
                0x000000000000007a       0x2e objdir-CW308_STM32F4/simpleserial.o
 .ARM.attributes
                0x00000000000000a8       0x2e objdir-CW308_STM32F4/stm32f4_hal.o
 .ARM.attributes
                0x00000000000000d6       0x2e objdir-CW308_STM32F4/stm32f4_hal_lowlevel.o
 .ARM.attributes
                0x0000000000000104       0x2e objdir-CW308_STM32F4/stm32f4xx_hal_rng.o
 .ARM.attributes
                0x0000000000000132       0x2e objdir-CW308_STM32F4/aes-independant.o
 .ARM.attributes
                0x0000000000000160       0x2e objdir-CW308_STM32F4/aes.o
 .ARM.attributes
                0x000000000000018e       0x21 objdir-CW308_STM32F4/stm32f4_startup.o
 .ARM.attributes
                0x00000000000001af       0x2e /usr/lib/gcc/arm-none-eabi/9.2.1/../../../arm-none-eabi/lib/thumb/v7e-m/nofp/libg.a(lib_a-atexit.o)
 .ARM.attributes
                0x00000000000001dd       0x2e /usr/lib/gcc/arm-none-eabi/9.2.1/../../../arm-none-eabi/lib/thumb/v7e-m/nofp/libg.a(lib_a-fini.o)
 .ARM.attributes
                0x000000000000020b       0x2e /usr/lib/gcc/arm-none-eabi/9.2.1/../../../arm-none-eabi/lib/thumb/v7e-m/nofp/libg.a(lib_a-impure.o)
 .ARM.attributes
                0x0000000000000239       0x2e /usr/lib/gcc/arm-none-eabi/9.2.1/../../../arm-none-eabi/lib/thumb/v7e-m/nofp/libg.a(lib_a-init.o)
 .ARM.attributes
                0x0000000000000267       0x2e /usr/lib/gcc/arm-none-eabi/9.2.1/../../../arm-none-eabi/lib/thumb/v7e-m/nofp/libg.a(lib_a-memset.o)
 .ARM.attributes
                0x0000000000000295       0x2e /usr/lib/gcc/arm-none-eabi/9.2.1/../../../arm-none-eabi/lib/thumb/v7e-m/nofp/libg.a(lib_a-__atexit.o)
 .ARM.attributes
                0x00000000000002c3       0x2e /usr/lib/gcc/arm-none-eabi/9.2.1/../../../arm-none-eabi/lib/thumb/v7e-m/nofp/libg.a(lib_a-__call_atexit.o)
 .ARM.attributes
                0x00000000000002f1       0x2e /usr/lib/gcc/arm-none-eabi/9.2.1/thumb/v7e-m/nofp/crtend.o
 .ARM.attributes
                0x000000000000031f       0x1e /usr/lib/gcc/arm-none-eabi/9.2.1/thumb/v7e-m/nofp/crtn.o
OUTPUT(simpleserial-aes-CW308_STM32F4.elf elf32-littlearm)
LOAD linker stubs
LOAD /usr/lib/gcc/arm-none-eabi/9.2.1/../../../arm-none-eabi/lib/thumb/v7e-m/nofp/libc.a
LOAD /usr/lib/gcc/arm-none-eabi/9.2.1/../../../arm-none-eabi/lib/thumb/v7e-m/nofp/libm.a
LOAD /usr/lib/gcc/arm-none-eabi/9.2.1/thumb/v7e-m/nofp/libgcc.a

.comment        0x0000000000000000       0xa7
 .comment       0x0000000000000000       0x59 /usr/lib/gcc/arm-none-eabi/9.2.1/thumb/v7e-m/nofp/crtbegin.o
                                         0x5a (size before relaxing)
 .comment       0x0000000000000059       0x5a objdir-CW308_STM32F4/simpleserial-aes.o
 .comment       0x0000000000000059       0x5a objdir-CW308_STM32F4/simpleserial.o
 .comment       0x0000000000000059       0x5a objdir-CW308_STM32F4/stm32f4_hal.o
 .comment       0x0000000000000059       0x5a objdir-CW308_STM32F4/stm32f4_hal_lowlevel.o
 .comment       0x0000000000000059       0x5a objdir-CW308_STM32F4/stm32f4xx_hal_rng.o
 .comment       0x0000000000000059       0x5a objdir-CW308_STM32F4/aes-independant.o
 .comment       0x0000000000000059       0x5a objdir-CW308_STM32F4/aes.o
 .comment       0x0000000000000059       0x4e /usr/lib/gcc/arm-none-eabi/9.2.1/../../../arm-none-eabi/lib/thumb/v7e-m/nofp/libg.a(lib_a-atexit.o)
                                         0x4f (size before relaxing)
 .comment       0x00000000000000a7       0x4f /usr/lib/gcc/arm-none-eabi/9.2.1/../../../arm-none-eabi/lib/thumb/v7e-m/nofp/libg.a(lib_a-fini.o)
 .comment       0x00000000000000a7       0x4f /usr/lib/gcc/arm-none-eabi/9.2.1/../../../arm-none-eabi/lib/thumb/v7e-m/nofp/libg.a(lib_a-impure.o)
 .comment       0x00000000000000a7       0x4f /usr/lib/gcc/arm-none-eabi/9.2.1/../../../arm-none-eabi/lib/thumb/v7e-m/nofp/libg.a(lib_a-init.o)
 .comment       0x00000000000000a7       0x4f /usr/lib/gcc/arm-none-eabi/9.2.1/../../../arm-none-eabi/lib/thumb/v7e-m/nofp/libg.a(lib_a-memset.o)
 .comment       0x00000000000000a7       0x4f /usr/lib/gcc/arm-none-eabi/9.2.1/../../../arm-none-eabi/lib/thumb/v7e-m/nofp/libg.a(lib_a-__atexit.o)
 .comment       0x00000000000000a7       0x4f /usr/lib/gcc/arm-none-eabi/9.2.1/../../../arm-none-eabi/lib/thumb/v7e-m/nofp/libg.a(lib_a-__call_atexit.o)
 .comment       0x00000000000000a7       0x5a /usr/lib/gcc/arm-none-eabi/9.2.1/thumb/v7e-m/nofp/crtend.o

.debug_info     0x0000000000000000     0xbee4
 .debug_info    0x0000000000000000      0xf06 objdir-CW308_STM32F4/simpleserial-aes.o
 .debug_info    0x0000000000000f06      0x78c objdir-CW308_STM32F4/simpleserial.o
 .debug_info    0x0000000000001692     0x1f58 objdir-CW308_STM32F4/stm32f4_hal.o
 .debug_info    0x00000000000035ea     0x2857 objdir-CW308_STM32F4/stm32f4_hal_lowlevel.o
 .debug_info    0x0000000000005e41      0xf57 objdir-CW308_STM32F4/stm32f4xx_hal_rng.o
 .debug_info    0x0000000000006d98      0x27e objdir-CW308_STM32F4/aes-independant.o
 .debug_info    0x0000000000007016     0x16a7 objdir-CW308_STM32F4/aes.o
 .debug_info    0x00000000000086bd      0x995 /usr/lib/gcc/arm-none-eabi/9.2.1/../../../arm-none-eabi/lib/thumb/v7e-m/nofp/libg.a(lib_a-atexit.o)
 .debug_info    0x0000000000009052      0x102 /usr/lib/gcc/arm-none-eabi/9.2.1/../../../arm-none-eabi/lib/thumb/v7e-m/nofp/libg.a(lib_a-fini.o)
 .debug_info    0x0000000000009154      0x92a /usr/lib/gcc/arm-none-eabi/9.2.1/../../../arm-none-eabi/lib/thumb/v7e-m/nofp/libg.a(lib_a-impure.o)
 .debug_info    0x0000000000009a7e      0x11a /usr/lib/gcc/arm-none-eabi/9.2.1/../../../arm-none-eabi/lib/thumb/v7e-m/nofp/libg.a(lib_a-init.o)
 .debug_info    0x0000000000009b98      0xf21 /usr/lib/gcc/arm-none-eabi/9.2.1/../../../arm-none-eabi/lib/thumb/v7e-m/nofp/libg.a(lib_a-memset.o)
 .debug_info    0x000000000000aab9      0x9d5 /usr/lib/gcc/arm-none-eabi/9.2.1/../../../arm-none-eabi/lib/thumb/v7e-m/nofp/libg.a(lib_a-__atexit.o)
 .debug_info    0x000000000000b48e      0xa56 /usr/lib/gcc/arm-none-eabi/9.2.1/../../../arm-none-eabi/lib/thumb/v7e-m/nofp/libg.a(lib_a-__call_atexit.o)

.debug_abbrev   0x0000000000000000     0x2253
 .debug_abbrev  0x0000000000000000      0x278 objdir-CW308_STM32F4/simpleserial-aes.o
 .debug_abbrev  0x0000000000000278      0x28d objdir-CW308_STM32F4/simpleserial.o
 .debug_abbrev  0x0000000000000505      0x31f objdir-CW308_STM32F4/stm32f4_hal.o
 .debug_abbrev  0x0000000000000824      0x4ea objdir-CW308_STM32F4/stm32f4_hal_lowlevel.o
 .debug_abbrev  0x0000000000000d0e      0x39d objdir-CW308_STM32F4/stm32f4xx_hal_rng.o
 .debug_abbrev  0x00000000000010ab      0x14a objdir-CW308_STM32F4/aes-independant.o
 .debug_abbrev  0x00000000000011f5      0x3be objdir-CW308_STM32F4/aes.o
 .debug_abbrev  0x00000000000015b3      0x232 /usr/lib/gcc/arm-none-eabi/9.2.1/../../../arm-none-eabi/lib/thumb/v7e-m/nofp/libg.a(lib_a-atexit.o)
 .debug_abbrev  0x00000000000017e5       0xcf /usr/lib/gcc/arm-none-eabi/9.2.1/../../../arm-none-eabi/lib/thumb/v7e-m/nofp/libg.a(lib_a-fini.o)
 .debug_abbrev  0x00000000000018b4      0x1b8 /usr/lib/gcc/arm-none-eabi/9.2.1/../../../arm-none-eabi/lib/thumb/v7e-m/nofp/libg.a(lib_a-impure.o)
 .debug_abbrev  0x0000000000001a6c       0xcc /usr/lib/gcc/arm-none-eabi/9.2.1/../../../arm-none-eabi/lib/thumb/v7e-m/nofp/libg.a(lib_a-init.o)
 .debug_abbrev  0x0000000000001b38      0x217 /usr/lib/gcc/arm-none-eabi/9.2.1/../../../arm-none-eabi/lib/thumb/v7e-m/nofp/libg.a(lib_a-memset.o)
 .debug_abbrev  0x0000000000001d4f      0x252 /usr/lib/gcc/arm-none-eabi/9.2.1/../../../arm-none-eabi/lib/thumb/v7e-m/nofp/libg.a(lib_a-__atexit.o)
 .debug_abbrev  0x0000000000001fa1      0x2b2 /usr/lib/gcc/arm-none-eabi/9.2.1/../../../arm-none-eabi/lib/thumb/v7e-m/nofp/libg.a(lib_a-__call_atexit.o)

.debug_loc      0x0000000000000000     0x47fb
 .debug_loc     0x0000000000000000      0x24b objdir-CW308_STM32F4/simpleserial-aes.o
 .debug_loc     0x000000000000024b      0x5e9 objdir-CW308_STM32F4/simpleserial.o
 .debug_loc     0x0000000000000834      0x2da objdir-CW308_STM32F4/stm32f4_hal.o
 .debug_loc     0x0000000000000b0e     0x1336 objdir-CW308_STM32F4/stm32f4_hal_lowlevel.o
 .debug_loc     0x0000000000001e44      0x3b9 objdir-CW308_STM32F4/stm32f4xx_hal_rng.o
 .debug_loc     0x00000000000021fd       0x64 objdir-CW308_STM32F4/aes-independant.o
 .debug_loc     0x0000000000002261     0x1f93 objdir-CW308_STM32F4/aes.o
 .debug_loc     0x00000000000041f4       0x32 /usr/lib/gcc/arm-none-eabi/9.2.1/../../../arm-none-eabi/lib/thumb/v7e-m/nofp/libg.a(lib_a-atexit.o)
 .debug_loc     0x0000000000004226       0x68 /usr/lib/gcc/arm-none-eabi/9.2.1/../../../arm-none-eabi/lib/thumb/v7e-m/nofp/libg.a(lib_a-fini.o)
 .debug_loc     0x000000000000428e       0xba /usr/lib/gcc/arm-none-eabi/9.2.1/../../../arm-none-eabi/lib/thumb/v7e-m/nofp/libg.a(lib_a-init.o)
 .debug_loc     0x0000000000004348      0x231 /usr/lib/gcc/arm-none-eabi/9.2.1/../../../arm-none-eabi/lib/thumb/v7e-m/nofp/libg.a(lib_a-memset.o)
 .debug_loc     0x0000000000004579      0x138 /usr/lib/gcc/arm-none-eabi/9.2.1/../../../arm-none-eabi/lib/thumb/v7e-m/nofp/libg.a(lib_a-__atexit.o)
 .debug_loc     0x00000000000046b1      0x14a /usr/lib/gcc/arm-none-eabi/9.2.1/../../../arm-none-eabi/lib/thumb/v7e-m/nofp/libg.a(lib_a-__call_atexit.o)

.debug_aranges  0x0000000000000000      0x3d8
 .debug_aranges
                0x0000000000000000       0x50 objdir-CW308_STM32F4/simpleserial-aes.o
 .debug_aranges
                0x0000000000000050       0x68 objdir-CW308_STM32F4/simpleserial.o
 .debug_aranges
                0x00000000000000b8       0x88 objdir-CW308_STM32F4/stm32f4_hal.o
 .debug_aranges
                0x0000000000000140       0x98 objdir-CW308_STM32F4/stm32f4_hal_lowlevel.o
 .debug_aranges
                0x00000000000001d8       0x70 objdir-CW308_STM32F4/stm32f4xx_hal_rng.o
 .debug_aranges
                0x0000000000000248       0x40 objdir-CW308_STM32F4/aes-independant.o
 .debug_aranges
                0x0000000000000288       0x70 objdir-CW308_STM32F4/aes.o
 .debug_aranges
                0x00000000000002f8       0x20 /usr/lib/gcc/arm-none-eabi/9.2.1/../../../arm-none-eabi/lib/thumb/v7e-m/nofp/libg.a(lib_a-atexit.o)
 .debug_aranges
                0x0000000000000318       0x20 /usr/lib/gcc/arm-none-eabi/9.2.1/../../../arm-none-eabi/lib/thumb/v7e-m/nofp/libg.a(lib_a-fini.o)
 .debug_aranges
                0x0000000000000338       0x18 /usr/lib/gcc/arm-none-eabi/9.2.1/../../../arm-none-eabi/lib/thumb/v7e-m/nofp/libg.a(lib_a-impure.o)
 .debug_aranges
                0x0000000000000350       0x20 /usr/lib/gcc/arm-none-eabi/9.2.1/../../../arm-none-eabi/lib/thumb/v7e-m/nofp/libg.a(lib_a-init.o)
 .debug_aranges
                0x0000000000000370       0x20 /usr/lib/gcc/arm-none-eabi/9.2.1/../../../arm-none-eabi/lib/thumb/v7e-m/nofp/libg.a(lib_a-memset.o)
 .debug_aranges
                0x0000000000000390       0x20 /usr/lib/gcc/arm-none-eabi/9.2.1/../../../arm-none-eabi/lib/thumb/v7e-m/nofp/libg.a(lib_a-__atexit.o)
 .debug_aranges
                0x00000000000003b0       0x28 /usr/lib/gcc/arm-none-eabi/9.2.1/../../../arm-none-eabi/lib/thumb/v7e-m/nofp/libg.a(lib_a-__call_atexit.o)

.debug_ranges   0x0000000000000000      0x538
 .debug_ranges  0x0000000000000000       0x58 objdir-CW308_STM32F4/simpleserial-aes.o
 .debug_ranges  0x0000000000000058      0x100 objdir-CW308_STM32F4/simpleserial.o
 .debug_ranges  0x0000000000000158      0x118 objdir-CW308_STM32F4/stm32f4_hal.o
 .debug_ranges  0x0000000000000270      0x170 objdir-CW308_STM32F4/stm32f4_hal_lowlevel.o
 .debug_ranges  0x00000000000003e0       0x78 objdir-CW308_STM32F4/stm32f4xx_hal_rng.o
 .debug_ranges  0x0000000000000458       0x30 objdir-CW308_STM32F4/aes-independant.o
 .debug_ranges  0x0000000000000488       0x78 objdir-CW308_STM32F4/aes.o
 .debug_ranges  0x0000000000000500       0x38 /usr/lib/gcc/arm-none-eabi/9.2.1/../../../arm-none-eabi/lib/thumb/v7e-m/nofp/libg.a(lib_a-__call_atexit.o)

.debug_line     0x0000000000000000     0x426b
 .debug_line    0x0000000000000000      0x2b9 objdir-CW308_STM32F4/simpleserial-aes.o
 .debug_line    0x00000000000002b9      0x529 objdir-CW308_STM32F4/simpleserial.o
 .debug_line    0x00000000000007e2      0x590 objdir-CW308_STM32F4/stm32f4_hal.o
 .debug_line    0x0000000000000d72     0x1529 objdir-CW308_STM32F4/stm32f4_hal_lowlevel.o
 .debug_line    0x000000000000229b      0x4be objdir-CW308_STM32F4/stm32f4xx_hal_rng.o
 .debug_line    0x0000000000002759      0x11e objdir-CW308_STM32F4/aes-independant.o
 .debug_line    0x0000000000002877      0xf5f objdir-CW308_STM32F4/aes.o
 .debug_line    0x00000000000037d6      0x14a /usr/lib/gcc/arm-none-eabi/9.2.1/../../../arm-none-eabi/lib/thumb/v7e-m/nofp/libg.a(lib_a-atexit.o)
 .debug_line    0x0000000000003920       0xd7 /usr/lib/gcc/arm-none-eabi/9.2.1/../../../arm-none-eabi/lib/thumb/v7e-m/nofp/libg.a(lib_a-fini.o)
 .debug_line    0x00000000000039f7       0xe3 /usr/lib/gcc/arm-none-eabi/9.2.1/../../../arm-none-eabi/lib/thumb/v7e-m/nofp/libg.a(lib_a-impure.o)
 .debug_line    0x0000000000003ada      0x10d /usr/lib/gcc/arm-none-eabi/9.2.1/../../../arm-none-eabi/lib/thumb/v7e-m/nofp/libg.a(lib_a-init.o)
 .debug_line    0x0000000000003be7      0x26b /usr/lib/gcc/arm-none-eabi/9.2.1/../../../arm-none-eabi/lib/thumb/v7e-m/nofp/libg.a(lib_a-memset.o)
 .debug_line    0x0000000000003e52      0x1e1 /usr/lib/gcc/arm-none-eabi/9.2.1/../../../arm-none-eabi/lib/thumb/v7e-m/nofp/libg.a(lib_a-__atexit.o)
 .debug_line    0x0000000000004033      0x238 /usr/lib/gcc/arm-none-eabi/9.2.1/../../../arm-none-eabi/lib/thumb/v7e-m/nofp/libg.a(lib_a-__call_atexit.o)

.debug_str      0x0000000000000000     0x1fa5
 .debug_str     0x0000000000000000      0x6eb objdir-CW308_STM32F4/simpleserial-aes.o
                                        0x765 (size before relaxing)
 .debug_str     0x00000000000006eb       0xc7 objdir-CW308_STM32F4/simpleserial.o
                                        0x342 (size before relaxing)
 .debug_str     0x00000000000007b2      0xb7e objdir-CW308_STM32F4/stm32f4_hal.o
                                       0x11f7 (size before relaxing)
 .debug_str     0x0000000000001330      0x262 objdir-CW308_STM32F4/stm32f4_hal_lowlevel.o
                                       0x1296 (size before relaxing)
 .debug_str     0x0000000000001592      0x132 objdir-CW308_STM32F4/stm32f4xx_hal_rng.o
                                        0x8b2 (size before relaxing)
 .debug_str     0x00000000000016c4       0x70 objdir-CW308_STM32F4/aes-independant.o
                                        0x2d9 (size before relaxing)
 .debug_str     0x0000000000001734      0x14a objdir-CW308_STM32F4/aes.o
                                        0x793 (size before relaxing)
 .debug_str     0x000000000000187e      0x16c /usr/lib/gcc/arm-none-eabi/9.2.1/../../../arm-none-eabi/lib/thumb/v7e-m/nofp/libg.a(lib_a-atexit.o)
                                        0x5e5 (size before relaxing)
 .debug_str     0x00000000000019ea       0xbe /usr/lib/gcc/arm-none-eabi/9.2.1/../../../arm-none-eabi/lib/thumb/v7e-m/nofp/libg.a(lib_a-fini.o)
                                        0x1f4 (size before relaxing)
 .debug_str     0x0000000000001aa8       0x98 /usr/lib/gcc/arm-none-eabi/9.2.1/../../../arm-none-eabi/lib/thumb/v7e-m/nofp/libg.a(lib_a-impure.o)
                                        0x59a (size before relaxing)
 .debug_str     0x0000000000001b40       0x90 /usr/lib/gcc/arm-none-eabi/9.2.1/../../../arm-none-eabi/lib/thumb/v7e-m/nofp/libg.a(lib_a-init.o)
                                        0x21e (size before relaxing)
 .debug_str     0x0000000000001bd0      0x30d /usr/lib/gcc/arm-none-eabi/9.2.1/../../../arm-none-eabi/lib/thumb/v7e-m/nofp/libg.a(lib_a-memset.o)
                                        0x8c7 (size before relaxing)
 .debug_str     0x0000000000001edd       0x54 /usr/lib/gcc/arm-none-eabi/9.2.1/../../../arm-none-eabi/lib/thumb/v7e-m/nofp/libg.a(lib_a-__atexit.o)
                                        0x603 (size before relaxing)
 .debug_str     0x0000000000001f31       0x74 /usr/lib/gcc/arm-none-eabi/9.2.1/../../../arm-none-eabi/lib/thumb/v7e-m/nofp/libg.a(lib_a-__call_atexit.o)
                                        0x616 (size before relaxing)

.debug_frame    0x0000000000000000      0x964
 .debug_frame   0x0000000000000000       0xac objdir-CW308_STM32F4/simpleserial-aes.o
 .debug_frame   0x00000000000000ac      0x12c objdir-CW308_STM32F4/simpleserial.o
 .debug_frame   0x00000000000001d8      0x168 objdir-CW308_STM32F4/stm32f4_hal.o
 .debug_frame   0x0000000000000340      0x1bc objdir-CW308_STM32F4/stm32f4_hal_lowlevel.o
 .debug_frame   0x00000000000004fc      0x110 objdir-CW308_STM32F4/stm32f4xx_hal_rng.o
 .debug_frame   0x000000000000060c       0x70 objdir-CW308_STM32F4/aes-independant.o
 .debug_frame   0x000000000000067c      0x1a8 objdir-CW308_STM32F4/aes.o
 .debug_frame   0x0000000000000824       0x20 /usr/lib/gcc/arm-none-eabi/9.2.1/../../../arm-none-eabi/lib/thumb/v7e-m/nofp/libg.a(lib_a-atexit.o)
 .debug_frame   0x0000000000000844       0x34 /usr/lib/gcc/arm-none-eabi/9.2.1/../../../arm-none-eabi/lib/thumb/v7e-m/nofp/libg.a(lib_a-fini.o)
 .debug_frame   0x0000000000000878       0x2c /usr/lib/gcc/arm-none-eabi/9.2.1/../../../arm-none-eabi/lib/thumb/v7e-m/nofp/libg.a(lib_a-init.o)
 .debug_frame   0x00000000000008a4       0x38 /usr/lib/gcc/arm-none-eabi/9.2.1/../../../arm-none-eabi/lib/thumb/v7e-m/nofp/libg.a(lib_a-memset.o)
 .debug_frame   0x00000000000008dc       0x38 /usr/lib/gcc/arm-none-eabi/9.2.1/../../../arm-none-eabi/lib/thumb/v7e-m/nofp/libg.a(lib_a-__atexit.o)
 .debug_frame   0x0000000000000914       0x50 /usr/lib/gcc/arm-none-eabi/9.2.1/../../../arm-none-eabi/lib/thumb/v7e-m/nofp/libg.a(lib_a-__call_atexit.o)

.stab           0x0000000000000000      0x144
 .stab          0x0000000000000000      0x144 objdir-CW308_STM32F4/stm32f4_startup.o

.stabstr        0x0000000000000000       0x34
 .stabstr       0x0000000000000000       0x34 objdir-CW308_STM32F4/stm32f4_startup.o

Cross Reference Table

Symbol                                            File
BusFault_Handler                                  objdir-CW308_STM32F4/stm32f4_startup.o
DebugMon_Handler                                  objdir-CW308_STM32F4/stm32f4_startup.o
Default_Handler                                   objdir-CW308_STM32F4/stm32f4_startup.o
HAL_CRYP_AESECB_Decrypt                           objdir-CW308_STM32F4/stm32f4_hal_lowlevel.o
                                                  objdir-CW308_STM32F4/stm32f4_hal.o
HAL_CRYP_AESECB_Encrypt                           objdir-CW308_STM32F4/stm32f4_hal_lowlevel.o
                                                  objdir-CW308_STM32F4/stm32f4_hal.o
HAL_CRYP_DeInit                                   objdir-CW308_STM32F4/stm32f4_hal_lowlevel.o
HAL_CRYP_Init                                     objdir-CW308_STM32F4/stm32f4_hal_lowlevel.o
                                                  objdir-CW308_STM32F4/stm32f4_hal.o
HAL_GPIO_Init                                     objdir-CW308_STM32F4/stm32f4_hal_lowlevel.o
                                                  objdir-CW308_STM32F4/stm32f4_hal.o
HAL_GPIO_WritePin                                 objdir-CW308_STM32F4/stm32f4_hal_lowlevel.o
                                                  objdir-CW308_STM32F4/stm32f4_hal.o
HAL_GetTick                                       objdir-CW308_STM32F4/stm32f4_hal_lowlevel.o
                                                  objdir-CW308_STM32F4/stm32f4xx_hal_rng.o
HAL_RCC_ClockConfig                               objdir-CW308_STM32F4/stm32f4_hal_lowlevel.o
                                                  objdir-CW308_STM32F4/stm32f4_hal.o
HAL_RCC_GetPCLK1Freq                              objdir-CW308_STM32F4/stm32f4_hal_lowlevel.o
HAL_RCC_GetPCLK2Freq                              objdir-CW308_STM32F4/stm32f4_hal_lowlevel.o
HAL_RCC_OscConfig                                 objdir-CW308_STM32F4/stm32f4_hal_lowlevel.o
                                                  objdir-CW308_STM32F4/stm32f4_hal.o
HAL_RNG_DeInit                                    objdir-CW308_STM32F4/stm32f4xx_hal_rng.o
HAL_RNG_ErrorCallback                             objdir-CW308_STM32F4/stm32f4xx_hal_rng.o
HAL_RNG_GenerateRandomNumber                      objdir-CW308_STM32F4/stm32f4xx_hal_rng.o
                                                  objdir-CW308_STM32F4/stm32f4_hal.o
HAL_RNG_GenerateRandomNumber_IT                   objdir-CW308_STM32F4/stm32f4xx_hal_rng.o
HAL_RNG_GetRandomNumber                           objdir-CW308_STM32F4/stm32f4xx_hal_rng.o
HAL_RNG_GetRandomNumber_IT                        objdir-CW308_STM32F4/stm32f4xx_hal_rng.o
HAL_RNG_GetState                                  objdir-CW308_STM32F4/stm32f4xx_hal_rng.o
HAL_RNG_IRQHandler                                objdir-CW308_STM32F4/stm32f4xx_hal_rng.o
HAL_RNG_Init                                      objdir-CW308_STM32F4/stm32f4xx_hal_rng.o
                                                  objdir-CW308_STM32F4/stm32f4_hal.o
HAL_RNG_MspDeInit                                 objdir-CW308_STM32F4/stm32f4xx_hal_rng.o
HAL_RNG_MspInit                                   objdir-CW308_STM32F4/stm32f4xx_hal_rng.o
HAL_RNG_ReadLastRandomNumber                      objdir-CW308_STM32F4/stm32f4xx_hal_rng.o
HAL_RNG_ReadyDataCallback                         objdir-CW308_STM32F4/stm32f4xx_hal_rng.o
HAL_UART_Init                                     objdir-CW308_STM32F4/stm32f4_hal_lowlevel.o
                                                  objdir-CW308_STM32F4/stm32f4_hal.o
HAL_UART_Receive                                  objdir-CW308_STM32F4/stm32f4_hal_lowlevel.o
                                                  objdir-CW308_STM32F4/stm32f4_hal.o
HAL_UART_Transmit                                 objdir-CW308_STM32F4/stm32f4_hal_lowlevel.o
                                                  objdir-CW308_STM32F4/stm32f4_hal.o
HW_AES128_Dec                                     objdir-CW308_STM32F4/stm32f4_hal.o
HW_AES128_Enc                                     objdir-CW308_STM32F4/stm32f4_hal.o
HW_AES128_Enc_posttrigger                         objdir-CW308_STM32F4/stm32f4_hal.o
HW_AES128_Enc_pretrigger                          objdir-CW308_STM32F4/stm32f4_hal.o
HW_AES128_Init                                    objdir-CW308_STM32F4/stm32f4_hal.o
HW_AES128_LoadKey                                 objdir-CW308_STM32F4/stm32f4_hal.o
HardFault_Handler                                 objdir-CW308_STM32F4/stm32f4_startup.o
MemManage_Handler                                 objdir-CW308_STM32F4/stm32f4_startup.o
NMI_Handler                                       objdir-CW308_STM32F4/stm32f4_startup.o
PendSV_Handler                                    objdir-CW308_STM32F4/stm32f4_startup.o
RCC_AHB2PeriphClockCmd                            objdir-CW308_STM32F4/stm32f4_hal_lowlevel.o
Reset_Handler                                     objdir-CW308_STM32F4/stm32f4_startup.o
RngHandle                                         objdir-CW308_STM32F4/stm32f4_hal.o
SVC_Handler                                       objdir-CW308_STM32F4/stm32f4_startup.o
SysTick_Handler                                   objdir-CW308_STM32F4/stm32f4_startup.o
SystemInit                                        objdir-CW308_STM32F4/stm32f4_startup.o
UartHandle                                        objdir-CW308_STM32F4/stm32f4_hal.o
UsageFault_Handler                                objdir-CW308_STM32F4/stm32f4_startup.o
_ITM_deregisterTMCloneTable                       /usr/lib/gcc/arm-none-eabi/9.2.1/thumb/v7e-m/nofp/crtbegin.o
_ITM_registerTMCloneTable                         /usr/lib/gcc/arm-none-eabi/9.2.1/thumb/v7e-m/nofp/crtbegin.o
__TMC_END__                                       /usr/lib/gcc/arm-none-eabi/9.2.1/thumb/v7e-m/nofp/crtend.o
                                                  /usr/lib/gcc/arm-none-eabi/9.2.1/thumb/v7e-m/nofp/crtbegin.o
__bss_end__                                       /usr/lib/gcc/arm-none-eabi/9.2.1/../../../arm-none-eabi/lib/thumb/v7e-m/nofp/crt0.o
__bss_start__                                     /usr/lib/gcc/arm-none-eabi/9.2.1/../../../arm-none-eabi/lib/thumb/v7e-m/nofp/crt0.o
__call_exitprocs                                  /usr/lib/gcc/arm-none-eabi/9.2.1/../../../arm-none-eabi/lib/thumb/v7e-m/nofp/libg.a(lib_a-__call_atexit.o)
                                                  /usr/lib/gcc/arm-none-eabi/9.2.1/../../../arm-none-eabi/lib/thumb/v7e-m/nofp/libg.a(lib_a-exit.o)
__deregister_frame_info                           /usr/lib/gcc/arm-none-eabi/9.2.1/thumb/v7e-m/nofp/crtbegin.o
__dso_handle                                      /usr/lib/gcc/arm-none-eabi/9.2.1/thumb/v7e-m/nofp/crtbegin.o
__errno                                           /usr/lib/gcc/arm-none-eabi/9.2.1/../../../arm-none-eabi/lib/thumb/v7e-m/nofp/libg.a(lib_a-errno.o)
                                                  objdir-CW308_STM32F4/stm32f4_sysmem.o
__fini_array_end                                  /usr/lib/gcc/arm-none-eabi/9.2.1/../../../arm-none-eabi/lib/thumb/v7e-m/nofp/libg.a(lib_a-fini.o)
__fini_array_start                                /usr/lib/gcc/arm-none-eabi/9.2.1/../../../arm-none-eabi/lib/thumb/v7e-m/nofp/libg.a(lib_a-fini.o)
__init_array_end                                  /usr/lib/gcc/arm-none-eabi/9.2.1/../../../arm-none-eabi/lib/thumb/v7e-m/nofp/libg.a(lib_a-init.o)
__init_array_start                                /usr/lib/gcc/arm-none-eabi/9.2.1/../../../arm-none-eabi/lib/thumb/v7e-m/nofp/libg.a(lib_a-init.o)
__libc_fini                                       /usr/lib/gcc/arm-none-eabi/9.2.1/../../../arm-none-eabi/lib/thumb/v7e-m/nofp/libg.a(lib_a-__call_atexit.o)
__libc_fini_array                                 /usr/lib/gcc/arm-none-eabi/9.2.1/../../../arm-none-eabi/lib/thumb/v7e-m/nofp/libg.a(lib_a-fini.o)
                                                  /usr/lib/gcc/arm-none-eabi/9.2.1/../../../arm-none-eabi/lib/thumb/v7e-m/nofp/libg.a(lib_a-__call_atexit.o)
                                                  /usr/lib/gcc/arm-none-eabi/9.2.1/../../../arm-none-eabi/lib/thumb/v7e-m/nofp/crt0.o
__libc_init_array                                 /usr/lib/gcc/arm-none-eabi/9.2.1/../../../arm-none-eabi/lib/thumb/v7e-m/nofp/libg.a(lib_a-init.o)
                                                  objdir-CW308_STM32F4/stm32f4_startup.o
                                                  /usr/lib/gcc/arm-none-eabi/9.2.1/../../../arm-none-eabi/lib/thumb/v7e-m/nofp/crt0.o
__preinit_array_end                               /usr/lib/gcc/arm-none-eabi/9.2.1/../../../arm-none-eabi/lib/thumb/v7e-m/nofp/libg.a(lib_a-init.o)
__preinit_array_start                             /usr/lib/gcc/arm-none-eabi/9.2.1/../../../arm-none-eabi/lib/thumb/v7e-m/nofp/libg.a(lib_a-init.o)
__register_exitproc                               /usr/lib/gcc/arm-none-eabi/9.2.1/../../../arm-none-eabi/lib/thumb/v7e-m/nofp/libg.a(lib_a-__atexit.o)
                                                  /usr/lib/gcc/arm-none-eabi/9.2.1/../../../arm-none-eabi/lib/thumb/v7e-m/nofp/libg.a(lib_a-atexit.o)
__register_frame_info                             /usr/lib/gcc/arm-none-eabi/9.2.1/thumb/v7e-m/nofp/crtbegin.o
__stack                                           /usr/lib/gcc/arm-none-eabi/9.2.1/../../../arm-none-eabi/lib/thumb/v7e-m/nofp/crt0.o
_ebss                                             objdir-CW308_STM32F4/stm32f4_startup.o
_edata                                            objdir-CW308_STM32F4/stm32f4_startup.o
_estack                                           objdir-CW308_STM32F4/stm32f4_startup.o
_exit                                             /usr/lib/gcc/arm-none-eabi/9.2.1/../../../arm-none-eabi/lib/thumb/v7e-m/nofp/libnosys.a(_exit.o)
                                                  /usr/lib/gcc/arm-none-eabi/9.2.1/../../../arm-none-eabi/lib/thumb/v7e-m/nofp/libg.a(lib_a-exit.o)
_fini                                             /usr/lib/gcc/arm-none-eabi/9.2.1/thumb/v7e-m/nofp/crti.o
                                                  /usr/lib/gcc/arm-none-eabi/9.2.1/../../../arm-none-eabi/lib/thumb/v7e-m/nofp/libg.a(lib_a-fini.o)
_global_impure_ptr                                /usr/lib/gcc/arm-none-eabi/9.2.1/../../../arm-none-eabi/lib/thumb/v7e-m/nofp/libg.a(lib_a-impure.o)
                                                  /usr/lib/gcc/arm-none-eabi/9.2.1/../../../arm-none-eabi/lib/thumb/v7e-m/nofp/libg.a(lib_a-__call_atexit.o)
                                                  /usr/lib/gcc/arm-none-eabi/9.2.1/../../../arm-none-eabi/lib/thumb/v7e-m/nofp/libg.a(lib_a-__atexit.o)
                                                  /usr/lib/gcc/arm-none-eabi/9.2.1/../../../arm-none-eabi/lib/thumb/v7e-m/nofp/libg.a(lib_a-exit.o)
_impure_ptr                                       /usr/lib/gcc/arm-none-eabi/9.2.1/../../../arm-none-eabi/lib/thumb/v7e-m/nofp/libg.a(lib_a-impure.o)
                                                  /usr/lib/gcc/arm-none-eabi/9.2.1/../../../arm-none-eabi/lib/thumb/v7e-m/nofp/libg.a(lib_a-errno.o)
_init                                             /usr/lib/gcc/arm-none-eabi/9.2.1/thumb/v7e-m/nofp/crti.o
                                                  /usr/lib/gcc/arm-none-eabi/9.2.1/../../../arm-none-eabi/lib/thumb/v7e-m/nofp/libg.a(lib_a-init.o)
_mainCRTStartup                                   /usr/lib/gcc/arm-none-eabi/9.2.1/../../../arm-none-eabi/lib/thumb/v7e-m/nofp/crt0.o
_sbrk                                             objdir-CW308_STM32F4/stm32f4_sysmem.o
_sbss                                             objdir-CW308_STM32F4/stm32f4_startup.o
_sdata                                            objdir-CW308_STM32F4/stm32f4_startup.o
_sidata                                           objdir-CW308_STM32F4/stm32f4_startup.o
_stack_init                                       /usr/lib/gcc/arm-none-eabi/9.2.1/../../../arm-none-eabi/lib/thumb/v7e-m/nofp/crt0.o
_start                                            /usr/lib/gcc/arm-none-eabi/9.2.1/../../../arm-none-eabi/lib/thumb/v7e-m/nofp/crt0.o
aes_indep_enc                                     objdir-CW308_STM32F4/aes-independant.o
                                                  objdir-CW308_STM32F4/simpleserial-aes.o
aes_indep_enc_posttrigger                         objdir-CW308_STM32F4/aes-independant.o
                                                  objdir-CW308_STM32F4/simpleserial-aes.o
aes_indep_enc_pretrigger                          objdir-CW308_STM32F4/aes-independant.o
                                                  objdir-CW308_STM32F4/simpleserial-aes.o
aes_indep_init                                    objdir-CW308_STM32F4/aes-independant.o
                                                  objdir-CW308_STM32F4/simpleserial-aes.o
aes_indep_key                                     objdir-CW308_STM32F4/aes-independant.o
                                                  objdir-CW308_STM32F4/simpleserial-aes.o
aes_indep_mask                                    objdir-CW308_STM32F4/aes-independant.o
                                                  objdir-CW308_STM32F4/simpleserial-aes.o
atexit                                            /usr/lib/gcc/arm-none-eabi/9.2.1/../../../arm-none-eabi/lib/thumb/v7e-m/nofp/libg.a(lib_a-atexit.o)
                                                  /usr/lib/gcc/arm-none-eabi/9.2.1/../../../arm-none-eabi/lib/thumb/v7e-m/nofp/libg.a(lib_a-__call_atexit.o)
                                                  /usr/lib/gcc/arm-none-eabi/9.2.1/../../../arm-none-eabi/lib/thumb/v7e-m/nofp/crt0.o
check_version                                     objdir-CW308_STM32F4/simpleserial.o
ctx                                               objdir-CW308_STM32F4/aes-independant.o
enc_multi_getpt                                   objdir-CW308_STM32F4/simpleserial-aes.o
enc_multi_setnum                                  objdir-CW308_STM32F4/simpleserial-aes.o
end                                               objdir-CW308_STM32F4/stm32f4_sysmem.o
exit                                              /usr/lib/gcc/arm-none-eabi/9.2.1/../../../arm-none-eabi/lib/thumb/v7e-m/nofp/libg.a(lib_a-exit.o)
                                                  /usr/lib/gcc/arm-none-eabi/9.2.1/../../../arm-none-eabi/lib/thumb/v7e-m/nofp/crt0.o
g_pfnVectors                                      objdir-CW308_STM32F4/stm32f4_startup.o
get_key                                           objdir-CW308_STM32F4/simpleserial-aes.o
get_mask                                          objdir-CW308_STM32F4/simpleserial-aes.o
get_pt                                            objdir-CW308_STM32F4/simpleserial-aes.o
get_rand                                          objdir-CW308_STM32F4/stm32f4_hal.o
getch                                             objdir-CW308_STM32F4/stm32f4_hal.o
                                                  objdir-CW308_STM32F4/simpleserial.o
hardware_init_hook                                /usr/lib/gcc/arm-none-eabi/9.2.1/../../../arm-none-eabi/lib/thumb/v7e-m/nofp/crt0.o
hex_decode                                        objdir-CW308_STM32F4/simpleserial.o
hw_key                                            objdir-CW308_STM32F4/stm32f4_hal.o
init_uart                                         objdir-CW308_STM32F4/stm32f4_hal.o
                                                  objdir-CW308_STM32F4/simpleserial-aes.o
main                                              objdir-CW308_STM32F4/simpleserial-aes.o
                                                  objdir-CW308_STM32F4/stm32f4_startup.o
                                                  /usr/lib/gcc/arm-none-eabi/9.2.1/../../../arm-none-eabi/lib/thumb/v7e-m/nofp/crt0.o
mbedtls_aes_crypt_cbc                             objdir-CW308_STM32F4/aes.o
mbedtls_aes_crypt_cfb128                          objdir-CW308_STM32F4/aes.o
mbedtls_aes_crypt_cfb8                            objdir-CW308_STM32F4/aes.o
mbedtls_aes_crypt_ctr                             objdir-CW308_STM32F4/aes.o
mbedtls_aes_crypt_ecb                             objdir-CW308_STM32F4/aes.o
                                                  objdir-CW308_STM32F4/aes-independant.o
mbedtls_aes_free                                  objdir-CW308_STM32F4/aes.o
mbedtls_aes_init                                  objdir-CW308_STM32F4/aes.o
                                                  objdir-CW308_STM32F4/aes-independant.o
mbedtls_aes_setkey_dec                            objdir-CW308_STM32F4/aes.o
mbedtls_aes_setkey_enc                            objdir-CW308_STM32F4/aes.o
                                                  objdir-CW308_STM32F4/aes-independant.o
mbedtls_internal_aes_decrypt                      objdir-CW308_STM32F4/aes.o
mbedtls_internal_aes_encrypt                      objdir-CW308_STM32F4/aes.o
memset                                            /usr/lib/gcc/arm-none-eabi/9.2.1/../../../arm-none-eabi/lib/thumb/v7e-m/nofp/libg.a(lib_a-memset.o)
                                                  objdir-CW308_STM32F4/aes.o
                                                  /usr/lib/gcc/arm-none-eabi/9.2.1/../../../arm-none-eabi/lib/thumb/v7e-m/nofp/crt0.o
platform_init                                     objdir-CW308_STM32F4/stm32f4_hal.o
                                                  objdir-CW308_STM32F4/simpleserial-aes.o
putch                                             objdir-CW308_STM32F4/stm32f4_hal.o
                                                  objdir-CW308_STM32F4/simpleserial.o
reset                                             objdir-CW308_STM32F4/simpleserial-aes.o
simpleserial_addcmd                               objdir-CW308_STM32F4/simpleserial.o
                                                  objdir-CW308_STM32F4/simpleserial-aes.o
simpleserial_addcmd_flags                         objdir-CW308_STM32F4/simpleserial.o
                                                  objdir-CW308_STM32F4/simpleserial-aes.o
simpleserial_get                                  objdir-CW308_STM32F4/simpleserial.o
                                                  objdir-CW308_STM32F4/simpleserial-aes.o
simpleserial_init                                 objdir-CW308_STM32F4/simpleserial.o
                                                  objdir-CW308_STM32F4/simpleserial-aes.o
simpleserial_put                                  objdir-CW308_STM32F4/simpleserial.o
                                                  objdir-CW308_STM32F4/simpleserial-aes.o
software_init_hook                                /usr/lib/gcc/arm-none-eabi/9.2.1/../../../arm-none-eabi/lib/thumb/v7e-m/nofp/crt0.o
ss_crc                                            objdir-CW308_STM32F4/simpleserial.o
ss_get_commands                                   objdir-CW308_STM32F4/simpleserial.o
ss_num_commands                                   objdir-CW308_STM32F4/simpleserial.o
trigger_high                                      objdir-CW308_STM32F4/stm32f4_hal.o
                                                  objdir-CW308_STM32F4/simpleserial-aes.o
trigger_low                                       objdir-CW308_STM32F4/stm32f4_hal.o
                                                  objdir-CW308_STM32F4/simpleserial-aes.o
trigger_setup                                     objdir-CW308_STM32F4/stm32f4_hal.o
                                                  objdir-CW308_STM32F4/simpleserial-aes.o
